******************************************************************************
                  TI ARM Linker PC v20.2.5                     
******************************************************************************
>> Linked Sun Feb 27 23:48:19 2022

OUTPUT FILE NAME:   <SwitchInterrupt.out>
ENTRY POINT SYMBOL: "_c_int00_noargs"  address: 000057e1


MEMORY CONFIGURATION

         name            origin    length      used     unused   attr    fill
----------------------  --------  ---------  --------  --------  ----  --------
  MAIN                  00000000   00040000  00005b62  0003a49e  R  X
  INFO                  00200000   00004000  00000000  00004000  R  X
  SRAM_CODE             01000000   00010000  00000afc  0000f504  RW X
  SRAM_DATA             20000000   00010000  00000afc  0000f504  RW  


SEGMENT ALLOCATION MAP

run origin  load origin   length   init length attrs members
----------  ----------- ---------- ----------- ----- -------
00000000    00000000    00005b68   00005b68    r-x
  00000000    00000000    000000e4   000000e4    r-- .intvecs
  000000e4    000000e4    000058ca   000058ca    r-x .text
  000059b0    000059b0    000000dc   000000dc    r-- .const
  00005a90    00005a90    000000d8   000000d8    r-- .cinit
20000000    20000000    000008fc   00000000    rw-
  20000000    20000000    000000e8   00000000    rw- .vtable
  200000e8    200000e8    00000400   00000000    rw- .sysmem
  200004e8    200004e8    00000234   00000000    rw- .data
  2000071c    2000071c    000001e0   00000000    rw- .bss
2000fe00    2000fe00    00000200   00000000    rw-
  2000fe00    2000fe00    00000200   00000000    rw- .stack


SECTION ALLOCATION MAP

 output                                  attributes/
section   page    origin      length       input sections
--------  ----  ----------  ----------   ----------------
.intvecs   0    00000000    000000e4     
                  00000000    000000e4     startup_msp432p401r_ccs.obj (.intvecs:retain)

.text      0    000000e4    000058ca     
                  000000e4    000015a8     flash.obj (.text)
                  0000168c    00000c5c     cs.obj (.text)
                  000022e8    00000834     pcm.obj (.text)
                  00002b1c    000006bc     UART0.obj (.text)
                  000031d8    00000554     rtc_c.obj (.text)
                  0000372c    00000480     gpio.obj (.text)
                  00003bac    0000040c     interrupt.obj (.text)
                  00003fb8    00000334     system_msp432p401r.obj (.text)
                  000042ec    00000248     sysctl.obj (.text)
                  00004534    000001cc     InterruptsMain.obj (.text)
                  00004700    00000124     Bump.obj (.text)
                  00004824    00000110     rtsv7M4_T_le_v4SPD16_eabi.lib : fopen.c.obj (.text:_openfile)
                  00004934    00000100                                   : memory.c.obj (.text:aligned_alloc)
                  00004a34    000000f2     LaunchPad.obj (.text)
                  00004b26    00000002     rtsv7M4_T_le_v4SPD16_eabi.lib : _lock.c.obj (.text:_nop)
                  00004b28    000000e4                                   : memory.c.obj (.text:free)
                  00004c0c    000000dc                                   : setvbuf.c.obj (.text:setvbuf)
                  00004ce8    000000d8     wdt_a.obj (.text)
                  00004dc0    000000bc     rtsv7M4_T_le_v4SPD16_eabi.lib : open.c.obj (.text:open)
                  00004e7c    000000b8                                   : add_device.c.obj (.text:add_device)
                  00004f34    000000b0     Clock_DL.obj (.text)
                  00004fe4    0000009c     rtsv7M4_T_le_v4SPD16_eabi.lib : fopen.c.obj (.text:fopen)
                  00005080    0000009c                                   : memcpy_t2.asm.obj (.text)
                  0000511c    0000007a                                   : memset_t2.asm.obj (.text)
                  00005196    00000002     --HOLE-- [fill = 0]
                  00005198    00000074                                   : fclose.c.obj (.text:__TI_closefile)
                  0000520c    00000070                                   : memory.c.obj (.text:split)
                  0000527c    0000006c                                   : hostrename.c.obj (.text:HOSTrename)
                  000052e8    00000068                                   : hostlseek.c.obj (.text:HOSTlseek)
                  00005350    00000068                                   : copy_decompress_lzss.c.obj (.text:decompress:lzss:__TI_decompress_lzss)
                  000053b8    00000060                                   : hostopen.c.obj (.text:HOSTopen)
                  00005418    0000005c                                   : close.c.obj (.text:close)
                  00005474    00000058                                   : hostread.c.obj (.text:HOSTread)
                  000054cc    00000058                                   : hostwrite.c.obj (.text:HOSTwrite)
                  00005524    0000004c                                   : fflush.c.obj (.text:__TI_doflush)
                  00005570    00000048                                   : exit.c.obj (.text:exit)
                  000055b8    00000044                                   : hostclose.c.obj (.text:HOSTclose)
                  000055fc    00000044                                   : hostunlink.c.obj (.text:HOSTunlink)
                  00005640    00000044                                   : autoinit.c.obj (.text:__TI_auto_init_nobinit_nopinit:__TI_auto_init_nobinit_nopinit)
                  00005684    00000044                                   : getdevice.c.obj (.text:getdevice)
                  000056c8    0000003e     cpu.obj (.text)
                  00005706    00000002     --HOLE-- [fill = 0]
                  00005708    00000038     rtsv7M4_T_le_v4SPD16_eabi.lib : trgmsg.c.obj (.text:__TI_writemsg)
                  00005740    00000036                                   : strncpy.c.obj (.text:strncpy)
                  00005776    00000002     --HOLE-- [fill = 0]
                  00005778    00000034                                   : fopen.c.obj (.text:__TI_cleanup)
                  000057ac    00000034                                   : trgmsg.c.obj (.text:__TI_readmsg)
                  000057e0    00000034                                   : boot_cortex_m.c.obj (.text:_c_int00_noargs:_c_int00_noargs)
                  00005814    00000034                                   : fopen.c.obj (.text:freopen)
                  00005848    00000030                                   : getdevice.c.obj (.text:finddevice)
                  00005878    0000002c                                   : unlink.c.obj (.text:unlink)
                  000058a4    00000028                                   : memory.c.obj (.text:free_list_insert)
                  000058cc    00000028                                   : write.c.obj (.text:write)
                  000058f4    0000001c                                   : copy_zero_init.c.obj (.text:decompress:ZI:__TI_zero_init_nomemset:__TI_zero_init_nomemset)
                  00005910    0000001c                                   : memory.c.obj (.text:free_list_remove)
                  0000592c    00000018                                   : strcmp.c.obj (.text:strcmp)
                  00005944    00000016                                   : strchr.c.obj (.text:strchr)
                  0000595a    00000014                                   : strcpy.c.obj (.text:strcpy)
                  0000596e    00000014                                   : strlen.c.obj (.text:strlen)
                  00005982    0000000e                                   : copy_decompress_none.c.obj (.text:decompress:none:__TI_decompress_none)
                  00005990    0000000e     startup_msp432p401r_ccs.obj (.text)
                  0000599e    00000008     rtsv7M4_T_le_v4SPD16_eabi.lib : memory.c.obj (.text:malloc)
                  000059a6    00000004                                   : pre_init.c.obj (.text:_system_pre_init)
                  000059aa    00000004                                   : exit.c.obj (.text:abort:abort)

.const     0    000059b0    000000dc     
                  000059b0    00000050     interrupt.obj (.const:g_pulRegs)
                  00005a00    00000030     gpio.obj (.const:GPIO_PORT_TO_BASE)
                  00005a30    00000020     interrupt.obj (.const:g_pulPriority)
                  00005a50    0000001c     gpio.obj (.const:GPIO_PORT_TO_INT)
                  00005a6c    00000008     interrupt.obj (.const:g_pulDisRegs)
                  00005a74    00000008     interrupt.obj (.const:g_pulEnRegs)
                  00005a7c    00000008     interrupt.obj (.const:g_pulPendRegs)
                  00005a84    00000008     interrupt.obj (.const:g_pulUnpendRegs)

.cinit     0    00005a90    000000d8     
                  00005a90    000000a4     (.cinit..data.load) [load image, compression = lzss]
                  00005b34    0000000c     (__TI_handler_table)
                  00005b40    00000008     (.cinit..bss.load) [load image, compression = zero_init]
                  00005b48    00000008     (.cinit..vtable.load) [load image, compression = zero_init]
                  00005b50    00000018     (__TI_cinit_table)

.init_array 
*          0    00000000    00000000     UNINITIALIZED

.binit     0    00000000    00000000     

.vtable    0    20000000    000000e8     UNINITIALIZED
                  20000000    000000e8     interrupt.obj (.vtable)

.sysmem    0    200000e8    00000400     UNINITIALIZED
                  200000e8    00000010     rtsv7M4_T_le_v4SPD16_eabi.lib : memory.c.obj (.sysmem)
                  200000f8    000003f0     --HOLE--

.data      0    200004e8    00000234     UNINITIALIZED
                  200004e8    000000f0     rtsv7M4_T_le_v4SPD16_eabi.lib : defs.c.obj (.data:_ftable)
                  200005d8    00000078                                   : host_device.c.obj (.data:_device)
                  20000650    00000050                                   : host_device.c.obj (.data:_stream)
                  200006a0    00000040     flash.obj (.data:__getBurstProgramRegs)
                  200006e0    00000010     rtsv7M4_T_le_v4SPD16_eabi.lib : defs.c.obj (.data)
                  200006f0    0000000c                                   : exit.c.obj (.data:$O1$$)
                  200006fc    00000008                                   : _lock.c.obj (.data:$O1$$)
                  20000704    00000008                                   : memory.c.obj (.data:$O1$$)
                  2000070c    00000004                                   : add_device.c.obj (.data)
                  20000710    00000004                                   : fopen.c.obj (.data)
                  20000714    00000004                                   : open.c.obj (.data)
                  20000718    00000004     system_msp432p401r.obj (.data)

.bss       0    2000071c    000001e0     UNINITIALIZED
                  2000071c    00000120     rtsv7M4_T_le_v4SPD16_eabi.lib : trgmsg.c.obj (.bss:_CIOBUF_)
                  2000083c    000000a0     (.common:__TI_tmpnams)
                  200008dc    00000008     cs.obj (.bss)
                  200008e4    00000008     (.common:Messageb)
                  200008ec    00000008     (.common:parmbuf)
                  200008f4    00000004     (.common:BumpTask)
                  200008f8    00000004     (.common:Messageindexb)

.stack     0    2000fe00    00000200     UNINITIALIZED
                  2000fe00    00000004     rtsv7M4_T_le_v4SPD16_eabi.lib : boot_cortex_m.c.obj (.stack)
                  2000fe04    000001fc     --HOLE--

__llvm_prf_cnts 
*          0    20000000    00000000     UNINITIALIZED

MODULE SUMMARY

       Module                        code    ro data   rw data
       ------                        ----    -------   -------
    .\
       flash.obj                     5544    0         128    
       cs.obj                        3164    0         16     
       pcm.obj                       2100    0         0      
       UART0.obj                     1724    0         24     
       interrupt.obj                 1036    144       464    
       rtc_c.obj                     1364    0         0      
       gpio.obj                      1152    76        0      
       system_msp432p401r.obj        820     0         8      
       sysctl.obj                    584     0         0      
       InterruptsMain.obj            460     0         0      
       Bump.obj                      292     0         8      
       LaunchPad.obj                 242     0         0      
       startup_msp432p401r_ccs.obj   14      228       0      
       wdt_a.obj                     216     0         0      
       Clock_DL.obj                  176     0         0      
       cpu.obj                       62      0         0      
    +--+-----------------------------+-------+---------+---------+
       Total:                        18950   448       648    
                                                              
    C:\ti\ccs1110\ccs\tools\compiler\ti-cgt-arm_20.2.5.LTS\lib\rtsv7M4_T_le_v4SPD16_eabi.lib
       defs.c.obj                    0       0         832    
       memory.c.obj                  672     0         16     
       trgmsg.c.obj                  108     0         576    
       fopen.c.obj                   532     0         8      
       host_device.c.obj             0       0         400    
       setvbuf.c.obj                 220     0         0      
       open.c.obj                    188     0         8      
       add_device.c.obj              184     0         8      
       memcpy_t2.asm.obj             156     0         0      
       memset_t2.asm.obj             122     0         0      
       fclose.c.obj                  116     0         0      
       getdevice.c.obj               116     0         0      
       hostopen.c.obj                96      0         16     
       hostrename.c.obj              108     0         0      
       copy_decompress_lzss.c.obj    104     0         0      
       hostlseek.c.obj               104     0         0      
       exit.c.obj                    76      0         24     
       close.c.obj                   92      0         0      
       hostread.c.obj                88      0         0      
       hostwrite.c.obj               88      0         0      
       fflush.c.obj                  76      0         0      
       autoinit.c.obj                68      0         0      
       hostclose.c.obj               68      0         0      
       hostunlink.c.obj              68      0         0      
       strncpy.c.obj                 54      0         0      
       boot_cortex_m.c.obj           52      0         0      
       unlink.c.obj                  44      0         0      
       write.c.obj                   40      0         0      
       copy_zero_init.c.obj          28      0         0      
       strcmp.c.obj                  24      0         0      
       strchr.c.obj                  22      0         0      
       strcpy.c.obj                  20      0         0      
       strlen.c.obj                  20      0         0      
       _lock.c.obj                   2       0         16     
       copy_decompress_none.c.obj    14      0         0      
       pre_init.c.obj                4       0         0      
    +--+-----------------------------+-------+---------+---------+
       Total:                        3774    0         1904   
                                                              
       Heap:                         0       0         2048   
       Stack:                        0       0         1024   
       Linker Generated:             0       216       0      
    +--+-----------------------------+-------+---------+---------+
       Grand Total:                  22724   664       5624   


LINKER GENERATED COPY TABLES

__TI_cinit_table @ 00005b50 records: 3, size/record: 8, table size: 24
	.data: load addr=00005a90, load size=000000a4 bytes, run addr=200004e8, run size=00000234 bytes, compression=lzss
	.bss: load addr=00005b40, load size=00000008 bytes, run addr=2000071c, run size=000001e0 bytes, compression=zero_init
	.vtable: load addr=00005b48, load size=00000008 bytes, run addr=20000000, run size=000000e8 bytes, compression=zero_init


LINKER GENERATED HANDLER TABLE

__TI_handler_table @ 00005b34 records: 3, size/record: 4, table size: 12
	index: 0, handler: __TI_zero_init
	index: 1, handler: __TI_decompress_lzss
	index: 2, handler: __TI_decompress_none


GLOBAL SYMBOLS: SORTED ALPHABETICALLY BY Name 

address   name                                       
-------   ----                                       
0000599d  ADC14_IRQHandler                           
0000599d  AES256_IRQHandler                          
200008f4  BumpTask                                   
00004701  Bump_Init                                  
00004753  Bump_Interrupt_Init                        
00004719  Bump_Read                                  
0000599d  BusFault_Handler                           
000059ab  C$$EXIT                                    
00005737  C$$IO$$                                    
0000599d  COMP_E0_IRQHandler                         
0000599d  COMP_E1_IRQHandler                         
000056fd  CPU_basepriGet                             
000056ef  CPU_basepriSet                             
000056c9  CPU_cpsid                                  
000056df  CPU_cpsie                                  
000056d5  CPU_primask                                
000056eb  CPU_wfi                                    
0000599d  CS_IRQHandler                              
0000225d  CS_clearInterruptFlag                      
00001c35  CS_disableClockRequest                     
00001d13  CS_disableDCOExternalResistor              
00002145  CS_disableFaultCounter                     
0000220d  CS_disableInterrupt                        
00001c0d  CS_enableClockRequest                      
00001c7d  CS_enableDCOExternalResistor               
00002119  CS_enableFaultCounter                      
000021e1  CS_enableInterrupt                         
000020ab  CS_getACLK                                 
0000206b  CS_getBCLK                                 
00001df1  CS_getDCOFrequency                         
0000223d  CS_getEnabledInterruptStatus               
00002087  CS_getHSMCLK                               
0000222f  CS_getInterruptStatus                      
000020f1  CS_getMCLK                                 
000020cf  CS_getSMCLK                                
0000192d  CS_initClockSignal                         
00002289  CS_registerInterrupt                       
00002171  CS_resetFaultCounter                       
00001d31  CS_setDCOCenteredFrequency                 
00001ca5  CS_setDCOExternalResistorCalibration       
00001f09  CS_setDCOFrequency                         
000018f1  CS_setExternalClockSourceFrequency         
00001c57  CS_setReferenceOscillatorFrequency         
0000219d  CS_startFaultCounter                       
00001a31  CS_startHFXT                               
00001a55  CS_startHFXTWithTimeout                    
00001b19  CS_startLFXT                               
00001b3d  CS_startLFXTWithTimeout                    
00001d61  CS_tuneDCOFrequency                        
000022a1  CS_unregisterInterrupt                     
00004fbd  Clock_Delay1ms                             
00004f85  Clock_Delay1us                             
00004f5f  Clock_Init                                 
0000599d  DMA_ERR_IRQHandler                         
0000599d  DMA_INT0_IRQHandler                        
0000599d  DMA_INT1_IRQHandler                        
0000599d  DMA_INT2_IRQHandler                        
0000599d  DMA_INT3_IRQHandler                        
0000599d  DebugMon_Handler                           
0000599d  Default_Handler                            
0000599d  EUSCIA0_IRQHandler                         
0000599d  EUSCIA1_IRQHandler                         
0000599d  EUSCIA2_IRQHandler                         
0000599d  EUSCIA3_IRQHandler                         
0000599d  EUSCIB0_IRQHandler                         
0000599d  EUSCIB1_IRQHandler                         
0000599d  EUSCIB2_IRQHandler                         
0000599d  EUSCIB3_IRQHandler                         
0000599d  FLCTL_IRQHandler                           
0000599d  FPU_IRQHandler                             
0000112b  FlashCtl_clearInterruptFlag                
00000fef  FlashCtl_clearProgramVerification          
00001101  FlashCtl_disableInterrupt                  
00000661  FlashCtl_disableReadBuffering              
00001059  FlashCtl_disableWordProgramming            
000010ed  FlashCtl_enableInterrupt                   
0000060d  FlashCtl_enableReadBuffering               
00001029  FlashCtl_enableWordProgramming             
00000c91  FlashCtl_eraseSector                       
0000111b  FlashCtl_getEnabledInterruptStatus         
00001115  FlashCtl_getInterruptStatus                
0000028f  FlashCtl_getMemoryInfo                     
00000af1  FlashCtl_getReadMode                       
000010bf  FlashCtl_getWaitState                      
00000b1f  FlashCtl_initiateMassErase                 
00000db9  FlashCtl_initiateSectorErase               
0000078d  FlashCtl_isSectorProtected                 
00001061  FlashCtl_isWordProgrammingEnabled          
00000b45  FlashCtl_performMassErase                  
00000e49  FlashCtl_programMemory                     
0000072d  FlashCtl_protectSector                     
0000113f  FlashCtl_registerInterrupt                 
00000fb5  FlashCtl_setProgramVerification            
00000a81  FlashCtl_setReadMode                       
00001081  FlashCtl_setWaitState                      
000006bd  FlashCtl_unprotectSector                   
00001153  FlashCtl_unregisterInterrupt               
00000819  FlashCtl_verifyMemory                      
00003a4f  GPIO_clearInterruptFlag                    
00003a0f  GPIO_disableInterrupt                      
000039ed  GPIO_enableInterrupt                       
00003aa7  GPIO_getEnabledInterruptStatus             
000039bf  GPIO_getInputPinValue                      
00003a31  GPIO_getInterruptStatus                    
00003a71  GPIO_interruptEdgeSelect                   
00003b67  GPIO_registerInterrupt                     
00003767  GPIO_setAsInputPin                         
0000391b  GPIO_setAsInputPinWithPullDownResistor     
0000396d  GPIO_setAsInputPinWithPullUpResistor       
0000372d  GPIO_setAsOutputPin                        
00003831  GPIO_setAsPeripheralModuleFunctionInputPin 
000037ad  GPIO_setAsPeripheralModuleFunctionOutputPin
00003b23  GPIO_setDriveStrengthHigh                  
00003b45  GPIO_setDriveStrengthLow                   
000038b5  GPIO_setOutputHighOnPin                    
000038d7  GPIO_setOutputLowOnPin                     
000038f9  GPIO_toggleOutputOnPin                     
00003b87  GPIO_unregisterInterrupt                   
00004f35  HFXT_Init                                  
000055b9  HOSTclose                                  
000052e9  HOSTlseek                                  
000053b9  HOSTopen                                   
00005475  HOSTread                                   
0000527d  HOSTrename                                 
000055fd  HOSTunlink                                 
000054cd  HOSTwrite                                  
0000599d  HardFault_Handler                          
00004535  Hello_World_Example                        
00003d8d  Interrupt_disableInterrupt                 
00003bbf  Interrupt_disableMaster                    
00003f89  Interrupt_disableSleepOnIsrExit            
00003d1b  Interrupt_enableInterrupt                  
00003baf  Interrupt_enableMaster                     
00003f77  Interrupt_enableSleepOnIsrExit             
00003cf5  Interrupt_getPriority                      
00003c6d  Interrupt_getPriorityGrouping              
00003f57  Interrupt_getPriorityMask                  
00003f71  Interrupt_getVectorTableAddress            
00003dff  Interrupt_isEnabled                        
00003e89  Interrupt_pendInterrupt                    
00003bcf  Interrupt_registerInterrupt                
00003ca5  Interrupt_setPriority                      
00003c35  Interrupt_setPriorityGrouping              
00003f47  Interrupt_setPriorityMask                  
00003f61  Interrupt_setVectorTableAddress            
00003ef9  Interrupt_unpendInterrupt                  
00003c21  Interrupt_unregisterInterrupt              
00004693  Interrupts_Race_Day                        
00004553  Interrupts_Warm_Up                         
00004a35  LaunchPad_Init                             
00004a69  LaunchPad_Input                            
00004a9f  LaunchPad_LED                              
00004ac1  LaunchPad_Output                           
0000599d  MemManage_Handler                          
200008e4  Messageb                                   
200008f8  Messageindexb                              
0000599d  NMI_Handler                                
0000599d  PCM_IRQHandler                             
00002abf  PCM_clearInterruptFlag                     
00002a95  PCM_disableInterrupt                       
00002a6d  PCM_disableRudeMode                        
00002a81  PCM_enableInterrupt                        
00002a5b  PCM_enableRudeMode                         
0000246b  PCM_getCoreVoltageLevel                    
00002aaf  PCM_getEnabledInterruptStatus              
00002aa9  PCM_getInterruptStatus                     
00002411  PCM_getPowerMode                           
00002a4d  PCM_getPowerState                          
00002985  PCM_gotoLPM0                               
000029a3  PCM_gotoLPM0InterruptSafe                  
000029bf  PCM_gotoLPM3                               
00002a31  PCM_gotoLPM3InterruptSafe                  
00002959  PCM_gotoLPM4                               
00002969  PCM_gotoLPM4InterruptSafe                  
00002ad3  PCM_registerInterrupt                      
000023df  PCM_setCoreVoltageLevel                    
00002401  PCM_setCoreVoltageLevelNonBlocking         
000023ef  PCM_setCoreVoltageLevelWithTimeout         
00002611  PCM_setPowerMode                           
00002621  PCM_setPowerModeNonBlocking                
00002631  PCM_setPowerModeWithTimeout                
000028e3  PCM_setPowerState                          
00002905  PCM_setPowerStateNonBlocking               
000028f3  PCM_setPowerStateWithTimeout               
00002915  PCM_shutdownDevice                         
00002ae7  PCM_unregisterInterrupt                    
0000599d  PORT1_IRQHandler                           
0000599d  PORT2_IRQHandler                           
0000599d  PORT3_IRQHandler                           
0000478b  PORT4_IRQHandler                           
0000478b  PORT4_IRQHandler                           
0000599d  PORT5_IRQHandler                           
0000599d  PORT6_IRQHandler                           
0000599d  PSS_IRQHandler                             
0000599d  PendSV_Handler                             
0000599d  RTC_C_IRQHandler                           
00003685  RTC_C_clearInterruptFlag                   
00003497  RTC_C_convertBCDToBinary                   
000034af  RTC_C_convertBinaryToBCD                   
000033db  RTC_C_definePrescaleEvent                  
00003531  RTC_C_disableInterrupt                     
000034cd  RTC_C_enableInterrupt                      
0000330d  RTC_C_getCalendarTime                      
00003601  RTC_C_getEnabledInterruptStatus            
0000359d  RTC_C_getInterruptStatus                   
0000341b  RTC_C_getPrescaleValue                     
000031f7  RTC_C_holdClock                            
0000329b  RTC_C_initCalendar                         
000036cb  RTC_C_registerInterrupt                    
00003373  RTC_C_setCalendarAlarm                     
000033ab  RTC_C_setCalendarEvent                     
00003245  RTC_C_setCalibrationData                   
00003215  RTC_C_setCalibrationFrequency              
00003447  RTC_C_setPrescaleValue                     
00003271  RTC_C_setTemperatureCompensation           
000031d9  RTC_C_startClock                           
000036df  RTC_C_unregisterInterrupt                  
00005991  Reset_Handler                              
0000599d  SVC_Handler                                
000044e3  SysCtl_disableGlitchFilter                 
0000436f  SysCtl_disableNMISource                    
0000447b  SysCtl_disablePeripheralAtCPUHalt          
000043bd  SysCtl_disableSRAMBank                     
00004441  SysCtl_disableSRAMBankRetention            
000044d7  SysCtl_enableGlitchFilter                  
00004383  SysCtl_enableNMISource                     
00004467  SysCtl_enablePeripheralAtCPUHalt           
000043a1  SysCtl_enableSRAMBank                      
00004425  SysCtl_enableSRAMBankRetention             
00004369  SysCtl_getFlashSize                        
00004397  SysCtl_getNMISourceStatus                  
00004363  SysCtl_getSRAMSize                         
000042ed  SysCtl_getTLVInfo                          
000044ef  SysCtl_getTempCalibrationConstant          
0000445d  SysCtl_rebootDevice                        
000044b3  SysCtl_setWDTPasswordViolationResetType    
0000448f  SysCtl_setWDTTimeoutResetType              
0000599d  SysTick_Handler                            
20000718  SystemCoreClock                            
00003fb9  SystemCoreClockUpdate                      
00004231  SystemInit                                 
0000599d  T32_INT1_IRQHandler                        
0000599d  T32_INT2_IRQHandler                        
0000599d  T32_INTC_IRQHandler                        
0000599d  TA0_0_IRQHandler                           
0000599d  TA0_N_IRQHandler                           
0000599d  TA1_0_IRQHandler                           
0000599d  TA1_N_IRQHandler                           
0000599d  TA2_0_IRQHandler                           
0000599d  TA2_N_IRQHandler                           
0000599d  TA3_0_IRQHandler                           
0000599d  TA3_N_IRQHandler                           
00002b63  UART0_InChar                               
00002fed  UART0_InString                             
00002bad  UART0_InUDec                               
00002ea1  UART0_InUHex                               
00002b1d  UART0_Init                                 
0000314d  UART0_Initprintf                           
00002b73  UART0_OutChar                              
00002b8f  UART0_OutString                            
00002c31  UART0_OutUDec                              
00002d9d  UART0_OutUDec4                             
00002df1  UART0_OutUDec5                             
00002e2d  UART0_OutUFix1                             
00002e55  UART0_OutUFix2                             
00002f65  UART0_OutUHex                              
00002fd1  UART0_OutUHex2                             
0000599d  UsageFault_Handler                         
4000480c  WDTCTL_SYM                                 
0000599d  WDT_A_IRQHandler                           
00004d29  WDT_A_clearTimer                           
00004ce9  WDT_A_holdTimer                            
00004d65  WDT_A_initIntervalTimer                    
00004d49  WDT_A_initWatchdogTimer                    
00004d99  WDT_A_registerInterrupt                    
00004d81  WDT_A_setPasswordViolationReset            
00004d8d  WDT_A_setTimeoutReset                      
00004d09  WDT_A_startTimer                           
00004dad  WDT_A_unregisterInterrupt                  
2000071c  __CIOBUF_                                  
0000155f  __FlashCtl_remaskBurstDataPost             
0000143d  __FlashCtl_remaskBurstDataPre              
00001281  __FlashCtl_remaskData32Post                
00001365  __FlashCtl_remaskData32Pre                 
00001163  __FlashCtl_remaskData8Post                 
000011e3  __FlashCtl_remaskData8Pre                  
20010000  __STACK_END                                
00000200  __STACK_SIZE                               
00000400  __SYSMEM_SIZE                              
00005b50  __TI_CINIT_Base                            
00005b68  __TI_CINIT_Limit                           
00005b34  __TI_Handler_Table_Base                    
00005b40  __TI_Handler_Table_Limit                   
00005641  __TI_auto_init_nobinit_nopinit             
00005779  __TI_cleanup                               
200006f0  __TI_cleanup_ptr                           
00005199  __TI_closefile                             
00005351  __TI_decompress_lzss                       
00005983  __TI_decompress_none                       
00005525  __TI_doflush                               
200006f4  __TI_dtors_ptr                             
200006f8  __TI_enable_exit_profile_output            
200006e0  __TI_ft_end                                
ffffffff  __TI_pprof_out_hndl                        
ffffffff  __TI_prof_data_size                        
ffffffff  __TI_prof_data_start                       
000057ad  __TI_readmsg                               
00000000  __TI_static_base__                         
2000083c  __TI_tmpnams                               
00005709  __TI_writemsg                              
000058f5  __TI_zero_init_nomemset                    
0000511d  __aeabi_memclr                             
0000511d  __aeabi_memclr4                            
0000511d  __aeabi_memclr8                            
00005081  __aeabi_memcpy                             
00005081  __aeabi_memcpy4                            
00005081  __aeabi_memcpy8                            
0000511f  __aeabi_memset                             
0000511f  __aeabi_memset4                            
0000511f  __aeabi_memset8                            
200006ec  __aeabi_stderr                             
200006e4  __aeabi_stdin                              
200006e8  __aeabi_stdout                             
ffffffff  __binit__                                  
ffffffff  __c_args__                                 
UNDEFED   __mpu_init                                 
2000fe00  __stack                                    
20000000  __start___llvm_prf_cnts                    
20000000  __stop___llvm_prf_cnts                     
000057e1  _c_int00_noargs                            
200005d8  _device                                    
200004e8  _ftable                                    
200006fc  _lock                                      
00004b27  _nop                                       
20000650  _stream                                    
200000e8  _sys_memory                                
UNDEFED   _system_post_cinit                         
000059a7  _system_pre_init                           
20000700  _unlock                                    
000059ab  abort                                      
00004e7d  add_device                                 
00004935  aligned_alloc                              
ffffffff  binit                                      
00005419  close                                      
00004faf  delay                                      
00005571  exit                                       
00003087  ferror                                     
00003067  fgetc                                      
00005849  finddevice                                 
00004fe5  fopen                                      
00004b29  free                                       
00005815  freopen                                    
20000000  g_pfnRAMVectors                            
00005685  getdevice                                  
00000000  interruptVectors                           
000046a9  main                                       
0000599f  malloc                                     
00004935  memalign                                   
00005081  memcpy                                     
00005125  memset                                     
00004dc1  open                                       
00002fa9  outnibble                                  
200008ec  parmbuf                                    
00005879  remove                                     
00004c0d  setvbuf                                    
00005945  strchr                                     
0000592d  strcmp                                     
0000595b  strcpy                                     
0000596f  strlen                                     
00005741  strncpy                                    
000045ed  toggleLedFor2Seconds                       
000030a5  uart_close                                 
00003123  uart_lseek                                 
00003095  uart_open                                  
000030b7  uart_read                                  
0000313f  uart_rename                                
00003133  uart_unlink                                
000030e1  uart_write                                 
00005879  unlink                                     
000058cd  write                                      


GLOBAL SYMBOLS: SORTED BY Symbol Address 

address   name                                       
-------   ----                                       
00000000  __TI_static_base__                         
00000000  interruptVectors                           
00000200  __STACK_SIZE                               
0000028f  FlashCtl_getMemoryInfo                     
00000400  __SYSMEM_SIZE                              
0000060d  FlashCtl_enableReadBuffering               
00000661  FlashCtl_disableReadBuffering              
000006bd  FlashCtl_unprotectSector                   
0000072d  FlashCtl_protectSector                     
0000078d  FlashCtl_isSectorProtected                 
00000819  FlashCtl_verifyMemory                      
00000a81  FlashCtl_setReadMode                       
00000af1  FlashCtl_getReadMode                       
00000b1f  FlashCtl_initiateMassErase                 
00000b45  FlashCtl_performMassErase                  
00000c91  FlashCtl_eraseSector                       
00000db9  FlashCtl_initiateSectorErase               
00000e49  FlashCtl_programMemory                     
00000fb5  FlashCtl_setProgramVerification            
00000fef  FlashCtl_clearProgramVerification          
00001029  FlashCtl_enableWordProgramming             
00001059  FlashCtl_disableWordProgramming            
00001061  FlashCtl_isWordProgrammingEnabled          
00001081  FlashCtl_setWaitState                      
000010bf  FlashCtl_getWaitState                      
000010ed  FlashCtl_enableInterrupt                   
00001101  FlashCtl_disableInterrupt                  
00001115  FlashCtl_getInterruptStatus                
0000111b  FlashCtl_getEnabledInterruptStatus         
0000112b  FlashCtl_clearInterruptFlag                
0000113f  FlashCtl_registerInterrupt                 
00001153  FlashCtl_unregisterInterrupt               
00001163  __FlashCtl_remaskData8Post                 
000011e3  __FlashCtl_remaskData8Pre                  
00001281  __FlashCtl_remaskData32Post                
00001365  __FlashCtl_remaskData32Pre                 
0000143d  __FlashCtl_remaskBurstDataPre              
0000155f  __FlashCtl_remaskBurstDataPost             
000018f1  CS_setExternalClockSourceFrequency         
0000192d  CS_initClockSignal                         
00001a31  CS_startHFXT                               
00001a55  CS_startHFXTWithTimeout                    
00001b19  CS_startLFXT                               
00001b3d  CS_startLFXTWithTimeout                    
00001c0d  CS_enableClockRequest                      
00001c35  CS_disableClockRequest                     
00001c57  CS_setReferenceOscillatorFrequency         
00001c7d  CS_enableDCOExternalResistor               
00001ca5  CS_setDCOExternalResistorCalibration       
00001d13  CS_disableDCOExternalResistor              
00001d31  CS_setDCOCenteredFrequency                 
00001d61  CS_tuneDCOFrequency                        
00001df1  CS_getDCOFrequency                         
00001f09  CS_setDCOFrequency                         
0000206b  CS_getBCLK                                 
00002087  CS_getHSMCLK                               
000020ab  CS_getACLK                                 
000020cf  CS_getSMCLK                                
000020f1  CS_getMCLK                                 
00002119  CS_enableFaultCounter                      
00002145  CS_disableFaultCounter                     
00002171  CS_resetFaultCounter                       
0000219d  CS_startFaultCounter                       
000021e1  CS_enableInterrupt                         
0000220d  CS_disableInterrupt                        
0000222f  CS_getInterruptStatus                      
0000223d  CS_getEnabledInterruptStatus               
0000225d  CS_clearInterruptFlag                      
00002289  CS_registerInterrupt                       
000022a1  CS_unregisterInterrupt                     
000023df  PCM_setCoreVoltageLevel                    
000023ef  PCM_setCoreVoltageLevelWithTimeout         
00002401  PCM_setCoreVoltageLevelNonBlocking         
00002411  PCM_getPowerMode                           
0000246b  PCM_getCoreVoltageLevel                    
00002611  PCM_setPowerMode                           
00002621  PCM_setPowerModeNonBlocking                
00002631  PCM_setPowerModeWithTimeout                
000028e3  PCM_setPowerState                          
000028f3  PCM_setPowerStateWithTimeout               
00002905  PCM_setPowerStateNonBlocking               
00002915  PCM_shutdownDevice                         
00002959  PCM_gotoLPM4                               
00002969  PCM_gotoLPM4InterruptSafe                  
00002985  PCM_gotoLPM0                               
000029a3  PCM_gotoLPM0InterruptSafe                  
000029bf  PCM_gotoLPM3                               
00002a31  PCM_gotoLPM3InterruptSafe                  
00002a4d  PCM_getPowerState                          
00002a5b  PCM_enableRudeMode                         
00002a6d  PCM_disableRudeMode                        
00002a81  PCM_enableInterrupt                        
00002a95  PCM_disableInterrupt                       
00002aa9  PCM_getInterruptStatus                     
00002aaf  PCM_getEnabledInterruptStatus              
00002abf  PCM_clearInterruptFlag                     
00002ad3  PCM_registerInterrupt                      
00002ae7  PCM_unregisterInterrupt                    
00002b1d  UART0_Init                                 
00002b63  UART0_InChar                               
00002b73  UART0_OutChar                              
00002b8f  UART0_OutString                            
00002bad  UART0_InUDec                               
00002c31  UART0_OutUDec                              
00002d9d  UART0_OutUDec4                             
00002df1  UART0_OutUDec5                             
00002e2d  UART0_OutUFix1                             
00002e55  UART0_OutUFix2                             
00002ea1  UART0_InUHex                               
00002f65  UART0_OutUHex                              
00002fa9  outnibble                                  
00002fd1  UART0_OutUHex2                             
00002fed  UART0_InString                             
00003067  fgetc                                      
00003087  ferror                                     
00003095  uart_open                                  
000030a5  uart_close                                 
000030b7  uart_read                                  
000030e1  uart_write                                 
00003123  uart_lseek                                 
00003133  uart_unlink                                
0000313f  uart_rename                                
0000314d  UART0_Initprintf                           
000031d9  RTC_C_startClock                           
000031f7  RTC_C_holdClock                            
00003215  RTC_C_setCalibrationFrequency              
00003245  RTC_C_setCalibrationData                   
00003271  RTC_C_setTemperatureCompensation           
0000329b  RTC_C_initCalendar                         
0000330d  RTC_C_getCalendarTime                      
00003373  RTC_C_setCalendarAlarm                     
000033ab  RTC_C_setCalendarEvent                     
000033db  RTC_C_definePrescaleEvent                  
0000341b  RTC_C_getPrescaleValue                     
00003447  RTC_C_setPrescaleValue                     
00003497  RTC_C_convertBCDToBinary                   
000034af  RTC_C_convertBinaryToBCD                   
000034cd  RTC_C_enableInterrupt                      
00003531  RTC_C_disableInterrupt                     
0000359d  RTC_C_getInterruptStatus                   
00003601  RTC_C_getEnabledInterruptStatus            
00003685  RTC_C_clearInterruptFlag                   
000036cb  RTC_C_registerInterrupt                    
000036df  RTC_C_unregisterInterrupt                  
0000372d  GPIO_setAsOutputPin                        
00003767  GPIO_setAsInputPin                         
000037ad  GPIO_setAsPeripheralModuleFunctionOutputPin
00003831  GPIO_setAsPeripheralModuleFunctionInputPin 
000038b5  GPIO_setOutputHighOnPin                    
000038d7  GPIO_setOutputLowOnPin                     
000038f9  GPIO_toggleOutputOnPin                     
0000391b  GPIO_setAsInputPinWithPullDownResistor     
0000396d  GPIO_setAsInputPinWithPullUpResistor       
000039bf  GPIO_getInputPinValue                      
000039ed  GPIO_enableInterrupt                       
00003a0f  GPIO_disableInterrupt                      
00003a31  GPIO_getInterruptStatus                    
00003a4f  GPIO_clearInterruptFlag                    
00003a71  GPIO_interruptEdgeSelect                   
00003aa7  GPIO_getEnabledInterruptStatus             
00003b23  GPIO_setDriveStrengthHigh                  
00003b45  GPIO_setDriveStrengthLow                   
00003b67  GPIO_registerInterrupt                     
00003b87  GPIO_unregisterInterrupt                   
00003baf  Interrupt_enableMaster                     
00003bbf  Interrupt_disableMaster                    
00003bcf  Interrupt_registerInterrupt                
00003c21  Interrupt_unregisterInterrupt              
00003c35  Interrupt_setPriorityGrouping              
00003c6d  Interrupt_getPriorityGrouping              
00003ca5  Interrupt_setPriority                      
00003cf5  Interrupt_getPriority                      
00003d1b  Interrupt_enableInterrupt                  
00003d8d  Interrupt_disableInterrupt                 
00003dff  Interrupt_isEnabled                        
00003e89  Interrupt_pendInterrupt                    
00003ef9  Interrupt_unpendInterrupt                  
00003f47  Interrupt_setPriorityMask                  
00003f57  Interrupt_getPriorityMask                  
00003f61  Interrupt_setVectorTableAddress            
00003f71  Interrupt_getVectorTableAddress            
00003f77  Interrupt_enableSleepOnIsrExit             
00003f89  Interrupt_disableSleepOnIsrExit            
00003fb9  SystemCoreClockUpdate                      
00004231  SystemInit                                 
000042ed  SysCtl_getTLVInfo                          
00004363  SysCtl_getSRAMSize                         
00004369  SysCtl_getFlashSize                        
0000436f  SysCtl_disableNMISource                    
00004383  SysCtl_enableNMISource                     
00004397  SysCtl_getNMISourceStatus                  
000043a1  SysCtl_enableSRAMBank                      
000043bd  SysCtl_disableSRAMBank                     
00004425  SysCtl_enableSRAMBankRetention             
00004441  SysCtl_disableSRAMBankRetention            
0000445d  SysCtl_rebootDevice                        
00004467  SysCtl_enablePeripheralAtCPUHalt           
0000447b  SysCtl_disablePeripheralAtCPUHalt          
0000448f  SysCtl_setWDTTimeoutResetType              
000044b3  SysCtl_setWDTPasswordViolationResetType    
000044d7  SysCtl_enableGlitchFilter                  
000044e3  SysCtl_disableGlitchFilter                 
000044ef  SysCtl_getTempCalibrationConstant          
00004535  Hello_World_Example                        
00004553  Interrupts_Warm_Up                         
000045ed  toggleLedFor2Seconds                       
00004693  Interrupts_Race_Day                        
000046a9  main                                       
00004701  Bump_Init                                  
00004719  Bump_Read                                  
00004753  Bump_Interrupt_Init                        
0000478b  PORT4_IRQHandler                           
0000478b  PORT4_IRQHandler                           
00004935  aligned_alloc                              
00004935  memalign                                   
00004a35  LaunchPad_Init                             
00004a69  LaunchPad_Input                            
00004a9f  LaunchPad_LED                              
00004ac1  LaunchPad_Output                           
00004b27  _nop                                       
00004b29  free                                       
00004c0d  setvbuf                                    
00004ce9  WDT_A_holdTimer                            
00004d09  WDT_A_startTimer                           
00004d29  WDT_A_clearTimer                           
00004d49  WDT_A_initWatchdogTimer                    
00004d65  WDT_A_initIntervalTimer                    
00004d81  WDT_A_setPasswordViolationReset            
00004d8d  WDT_A_setTimeoutReset                      
00004d99  WDT_A_registerInterrupt                    
00004dad  WDT_A_unregisterInterrupt                  
00004dc1  open                                       
00004e7d  add_device                                 
00004f35  HFXT_Init                                  
00004f5f  Clock_Init                                 
00004f85  Clock_Delay1us                             
00004faf  delay                                      
00004fbd  Clock_Delay1ms                             
00004fe5  fopen                                      
00005081  __aeabi_memcpy                             
00005081  __aeabi_memcpy4                            
00005081  __aeabi_memcpy8                            
00005081  memcpy                                     
0000511d  __aeabi_memclr                             
0000511d  __aeabi_memclr4                            
0000511d  __aeabi_memclr8                            
0000511f  __aeabi_memset                             
0000511f  __aeabi_memset4                            
0000511f  __aeabi_memset8                            
00005125  memset                                     
00005199  __TI_closefile                             
0000527d  HOSTrename                                 
000052e9  HOSTlseek                                  
00005351  __TI_decompress_lzss                       
000053b9  HOSTopen                                   
00005419  close                                      
00005475  HOSTread                                   
000054cd  HOSTwrite                                  
00005525  __TI_doflush                               
00005571  exit                                       
000055b9  HOSTclose                                  
000055fd  HOSTunlink                                 
00005641  __TI_auto_init_nobinit_nopinit             
00005685  getdevice                                  
000056c9  CPU_cpsid                                  
000056d5  CPU_primask                                
000056df  CPU_cpsie                                  
000056eb  CPU_wfi                                    
000056ef  CPU_basepriSet                             
000056fd  CPU_basepriGet                             
00005709  __TI_writemsg                              
00005737  C$$IO$$                                    
00005741  strncpy                                    
00005779  __TI_cleanup                               
000057ad  __TI_readmsg                               
000057e1  _c_int00_noargs                            
00005815  freopen                                    
00005849  finddevice                                 
00005879  remove                                     
00005879  unlink                                     
000058cd  write                                      
000058f5  __TI_zero_init_nomemset                    
0000592d  strcmp                                     
00005945  strchr                                     
0000595b  strcpy                                     
0000596f  strlen                                     
00005983  __TI_decompress_none                       
00005991  Reset_Handler                              
0000599d  ADC14_IRQHandler                           
0000599d  AES256_IRQHandler                          
0000599d  BusFault_Handler                           
0000599d  COMP_E0_IRQHandler                         
0000599d  COMP_E1_IRQHandler                         
0000599d  CS_IRQHandler                              
0000599d  DMA_ERR_IRQHandler                         
0000599d  DMA_INT0_IRQHandler                        
0000599d  DMA_INT1_IRQHandler                        
0000599d  DMA_INT2_IRQHandler                        
0000599d  DMA_INT3_IRQHandler                        
0000599d  DebugMon_Handler                           
0000599d  Default_Handler                            
0000599d  EUSCIA0_IRQHandler                         
0000599d  EUSCIA1_IRQHandler                         
0000599d  EUSCIA2_IRQHandler                         
0000599d  EUSCIA3_IRQHandler                         
0000599d  EUSCIB0_IRQHandler                         
0000599d  EUSCIB1_IRQHandler                         
0000599d  EUSCIB2_IRQHandler                         
0000599d  EUSCIB3_IRQHandler                         
0000599d  FLCTL_IRQHandler                           
0000599d  FPU_IRQHandler                             
0000599d  HardFault_Handler                          
0000599d  MemManage_Handler                          
0000599d  NMI_Handler                                
0000599d  PCM_IRQHandler                             
0000599d  PORT1_IRQHandler                           
0000599d  PORT2_IRQHandler                           
0000599d  PORT3_IRQHandler                           
0000599d  PORT5_IRQHandler                           
0000599d  PORT6_IRQHandler                           
0000599d  PSS_IRQHandler                             
0000599d  PendSV_Handler                             
0000599d  RTC_C_IRQHandler                           
0000599d  SVC_Handler                                
0000599d  SysTick_Handler                            
0000599d  T32_INT1_IRQHandler                        
0000599d  T32_INT2_IRQHandler                        
0000599d  T32_INTC_IRQHandler                        
0000599d  TA0_0_IRQHandler                           
0000599d  TA0_N_IRQHandler                           
0000599d  TA1_0_IRQHandler                           
0000599d  TA1_N_IRQHandler                           
0000599d  TA2_0_IRQHandler                           
0000599d  TA2_N_IRQHandler                           
0000599d  TA3_0_IRQHandler                           
0000599d  TA3_N_IRQHandler                           
0000599d  UsageFault_Handler                         
0000599d  WDT_A_IRQHandler                           
0000599f  malloc                                     
000059a7  _system_pre_init                           
000059ab  C$$EXIT                                    
000059ab  abort                                      
00005b34  __TI_Handler_Table_Base                    
00005b40  __TI_Handler_Table_Limit                   
00005b50  __TI_CINIT_Base                            
00005b68  __TI_CINIT_Limit                           
20000000  __start___llvm_prf_cnts                    
20000000  __stop___llvm_prf_cnts                     
20000000  g_pfnRAMVectors                            
200000e8  _sys_memory                                
200004e8  _ftable                                    
200005d8  _device                                    
20000650  _stream                                    
200006e0  __TI_ft_end                                
200006e4  __aeabi_stdin                              
200006e8  __aeabi_stdout                             
200006ec  __aeabi_stderr                             
200006f0  __TI_cleanup_ptr                           
200006f4  __TI_dtors_ptr                             
200006f8  __TI_enable_exit_profile_output            
200006fc  _lock                                      
20000700  _unlock                                    
20000718  SystemCoreClock                            
2000071c  __CIOBUF_                                  
2000083c  __TI_tmpnams                               
200008e4  Messageb                                   
200008ec  parmbuf                                    
200008f4  BumpTask                                   
200008f8  Messageindexb                              
2000fe00  __stack                                    
20010000  __STACK_END                                
4000480c  WDTCTL_SYM                                 
ffffffff  __TI_pprof_out_hndl                        
ffffffff  __TI_prof_data_size                        
ffffffff  __TI_prof_data_start                       
ffffffff  __binit__                                  
ffffffff  __c_args__                                 
ffffffff  binit                                      
UNDEFED   __mpu_init                                 
UNDEFED   _system_post_cinit                         

[380 symbols]
