<?xml version="1.0" encoding="ISO-8859-1" ?>
<link_info>
   <banner>TI ARM Linker PC v20.2.5.LTS</banner>
   <copyright>Copyright (c) 1996-2018 Texas Instruments Incorporated</copyright>
   <link_time>0x62223c9f</link_time>
   <link_errors>0x0</link_errors>
   <output_file>TimerInterrupt.out</output_file>
   <entry_point>
      <name>_c_int00_noargs</name>
      <address>0x5e51</address>
   </entry_point>
   <input_file_list>
      <input_file id="fl-2">
         <path>.\</path>
         <kind>object</kind>
         <file>Bump.obj</file>
         <name>Bump.obj</name>
      </input_file>
      <input_file id="fl-3">
         <path>.\</path>
         <kind>object</kind>
         <file>Clock_DL.obj</file>
         <name>Clock_DL.obj</name>
      </input_file>
      <input_file id="fl-4">
         <path>.\</path>
         <kind>object</kind>
         <file>LaunchPad.obj</file>
         <name>LaunchPad.obj</name>
      </input_file>
      <input_file id="fl-5">
         <path>.\</path>
         <kind>object</kind>
         <file>TimerA1.obj</file>
         <name>TimerA1.obj</name>
      </input_file>
      <input_file id="fl-6">
         <path>.\</path>
         <kind>object</kind>
         <file>TimerA1Main.obj</file>
         <name>TimerA1Main.obj</name>
      </input_file>
      <input_file id="fl-7">
         <path>.\</path>
         <kind>object</kind>
         <file>UART0.obj</file>
         <name>UART0.obj</name>
      </input_file>
      <input_file id="fl-8">
         <path>.\</path>
         <kind>object</kind>
         <file>adc14.obj</file>
         <name>adc14.obj</name>
      </input_file>
      <input_file id="fl-9">
         <path>.\</path>
         <kind>object</kind>
         <file>aes256.obj</file>
         <name>aes256.obj</name>
      </input_file>
      <input_file id="fl-a">
         <path>.\</path>
         <kind>object</kind>
         <file>comp_e.obj</file>
         <name>comp_e.obj</name>
      </input_file>
      <input_file id="fl-b">
         <path>.\</path>
         <kind>object</kind>
         <file>cpu.obj</file>
         <name>cpu.obj</name>
      </input_file>
      <input_file id="fl-c">
         <path>.\</path>
         <kind>object</kind>
         <file>crc32.obj</file>
         <name>crc32.obj</name>
      </input_file>
      <input_file id="fl-d">
         <path>.\</path>
         <kind>object</kind>
         <file>cs.obj</file>
         <name>cs.obj</name>
      </input_file>
      <input_file id="fl-e">
         <path>.\</path>
         <kind>object</kind>
         <file>dma.obj</file>
         <name>dma.obj</name>
      </input_file>
      <input_file id="fl-f">
         <path>.\</path>
         <kind>object</kind>
         <file>flash.obj</file>
         <name>flash.obj</name>
      </input_file>
      <input_file id="fl-10">
         <path>.\</path>
         <kind>object</kind>
         <file>fpu.obj</file>
         <name>fpu.obj</name>
      </input_file>
      <input_file id="fl-11">
         <path>.\</path>
         <kind>object</kind>
         <file>gpio.obj</file>
         <name>gpio.obj</name>
      </input_file>
      <input_file id="fl-12">
         <path>.\</path>
         <kind>object</kind>
         <file>i2c.obj</file>
         <name>i2c.obj</name>
      </input_file>
      <input_file id="fl-13">
         <path>.\</path>
         <kind>object</kind>
         <file>interrupt.obj</file>
         <name>interrupt.obj</name>
      </input_file>
      <input_file id="fl-14">
         <path>.\</path>
         <kind>object</kind>
         <file>mpu.obj</file>
         <name>mpu.obj</name>
      </input_file>
      <input_file id="fl-15">
         <path>.\</path>
         <kind>object</kind>
         <file>pcm.obj</file>
         <name>pcm.obj</name>
      </input_file>
      <input_file id="fl-16">
         <path>.\</path>
         <kind>object</kind>
         <file>pmap.obj</file>
         <name>pmap.obj</name>
      </input_file>
      <input_file id="fl-17">
         <path>.\</path>
         <kind>object</kind>
         <file>pss.obj</file>
         <name>pss.obj</name>
      </input_file>
      <input_file id="fl-18">
         <path>.\</path>
         <kind>object</kind>
         <file>ref_a.obj</file>
         <name>ref_a.obj</name>
      </input_file>
      <input_file id="fl-19">
         <path>.\</path>
         <kind>object</kind>
         <file>reset.obj</file>
         <name>reset.obj</name>
      </input_file>
      <input_file id="fl-1a">
         <path>.\</path>
         <kind>object</kind>
         <file>rtc_c.obj</file>
         <name>rtc_c.obj</name>
      </input_file>
      <input_file id="fl-1b">
         <path>.\</path>
         <kind>object</kind>
         <file>spi.obj</file>
         <name>spi.obj</name>
      </input_file>
      <input_file id="fl-1c">
         <path>.\</path>
         <kind>object</kind>
         <file>startup_msp432p401r_ccs.obj</file>
         <name>startup_msp432p401r_ccs.obj</name>
      </input_file>
      <input_file id="fl-1d">
         <path>.\</path>
         <kind>object</kind>
         <file>sysctl.obj</file>
         <name>sysctl.obj</name>
      </input_file>
      <input_file id="fl-1e">
         <path>.\</path>
         <kind>object</kind>
         <file>system_msp432p401r.obj</file>
         <name>system_msp432p401r.obj</name>
      </input_file>
      <input_file id="fl-1f">
         <path>.\</path>
         <kind>object</kind>
         <file>systick.obj</file>
         <name>systick.obj</name>
      </input_file>
      <input_file id="fl-20">
         <path>.\</path>
         <kind>object</kind>
         <file>timer32.obj</file>
         <name>timer32.obj</name>
      </input_file>
      <input_file id="fl-21">
         <path>.\</path>
         <kind>object</kind>
         <file>timer_a.obj</file>
         <name>timer_a.obj</name>
      </input_file>
      <input_file id="fl-22">
         <path>.\</path>
         <kind>object</kind>
         <file>uart.obj</file>
         <name>uart.obj</name>
      </input_file>
      <input_file id="fl-23">
         <path>.\</path>
         <kind>object</kind>
         <file>wdt_a.obj</file>
         <name>wdt_a.obj</name>
      </input_file>
      <input_file id="fl-27">
         <kind>object</kind>
         <file>&lt;internal&gt;</file>
         <name>&lt;internal&gt;</name>
      </input_file>
      <input_file id="fl-dd">
         <path>C:\ti\ccs1110\ccs\tools\compiler\ti-cgt-arm_20.2.5.LTS\lib\</path>
         <kind>archive</kind>
         <file>rtsv7M4_T_le_v4SPD16_eabi.lib</file>
         <name>fopen.c.obj</name>
      </input_file>
      <input_file id="fl-de">
         <path>C:\ti\ccs1110\ccs\tools\compiler\ti-cgt-arm_20.2.5.LTS\lib\</path>
         <kind>archive</kind>
         <file>rtsv7M4_T_le_v4SPD16_eabi.lib</file>
         <name>setvbuf.c.obj</name>
      </input_file>
      <input_file id="fl-df">
         <path>C:\ti\ccs1110\ccs\tools\compiler\ti-cgt-arm_20.2.5.LTS\lib\</path>
         <kind>archive</kind>
         <file>rtsv7M4_T_le_v4SPD16_eabi.lib</file>
         <name>memset_t2.asm.obj</name>
      </input_file>
      <input_file id="fl-e0">
         <path>C:\ti\ccs1110\ccs\tools\compiler\ti-cgt-arm_20.2.5.LTS\lib\</path>
         <kind>archive</kind>
         <file>rtsv7M4_T_le_v4SPD16_eabi.lib</file>
         <name>copy_zero_init.c.obj</name>
      </input_file>
      <input_file id="fl-e1">
         <path>C:\ti\ccs1110\ccs\tools\compiler\ti-cgt-arm_20.2.5.LTS\lib\</path>
         <kind>archive</kind>
         <file>rtsv7M4_T_le_v4SPD16_eabi.lib</file>
         <name>copy_decompress_none.c.obj</name>
      </input_file>
      <input_file id="fl-e2">
         <path>C:\ti\ccs1110\ccs\tools\compiler\ti-cgt-arm_20.2.5.LTS\lib\</path>
         <kind>archive</kind>
         <file>rtsv7M4_T_le_v4SPD16_eabi.lib</file>
         <name>copy_decompress_lzss.c.obj</name>
      </input_file>
      <input_file id="fl-e3">
         <path>C:\ti\ccs1110\ccs\tools\compiler\ti-cgt-arm_20.2.5.LTS\lib\</path>
         <kind>archive</kind>
         <file>rtsv7M4_T_le_v4SPD16_eabi.lib</file>
         <name>exit.c.obj</name>
      </input_file>
      <input_file id="fl-e4">
         <path>C:\ti\ccs1110\ccs\tools\compiler\ti-cgt-arm_20.2.5.LTS\lib\</path>
         <kind>archive</kind>
         <file>rtsv7M4_T_le_v4SPD16_eabi.lib</file>
         <name>_lock.c.obj</name>
      </input_file>
      <input_file id="fl-e5">
         <path>C:\ti\ccs1110\ccs\tools\compiler\ti-cgt-arm_20.2.5.LTS\lib\</path>
         <kind>archive</kind>
         <file>rtsv7M4_T_le_v4SPD16_eabi.lib</file>
         <name>defs.c.obj</name>
      </input_file>
      <input_file id="fl-e6">
         <path>C:\ti\ccs1110\ccs\tools\compiler\ti-cgt-arm_20.2.5.LTS\lib\</path>
         <kind>archive</kind>
         <file>rtsv7M4_T_le_v4SPD16_eabi.lib</file>
         <name>memory.c.obj</name>
      </input_file>
      <input_file id="fl-e7">
         <path>C:\ti\ccs1110\ccs\tools\compiler\ti-cgt-arm_20.2.5.LTS\lib\</path>
         <kind>archive</kind>
         <file>rtsv7M4_T_le_v4SPD16_eabi.lib</file>
         <name>boot_cortex_m.c.obj</name>
      </input_file>
      <input_file id="fl-e8">
         <path>C:\ti\ccs1110\ccs\tools\compiler\ti-cgt-arm_20.2.5.LTS\lib\</path>
         <kind>archive</kind>
         <file>rtsv7M4_T_le_v4SPD16_eabi.lib</file>
         <name>open.c.obj</name>
      </input_file>
      <input_file id="fl-e9">
         <path>C:\ti\ccs1110\ccs\tools\compiler\ti-cgt-arm_20.2.5.LTS\lib\</path>
         <kind>archive</kind>
         <file>rtsv7M4_T_le_v4SPD16_eabi.lib</file>
         <name>add_device.c.obj</name>
      </input_file>
      <input_file id="fl-ea">
         <path>C:\ti\ccs1110\ccs\tools\compiler\ti-cgt-arm_20.2.5.LTS\lib\</path>
         <kind>archive</kind>
         <file>rtsv7M4_T_le_v4SPD16_eabi.lib</file>
         <name>fclose.c.obj</name>
      </input_file>
      <input_file id="fl-eb">
         <path>C:\ti\ccs1110\ccs\tools\compiler\ti-cgt-arm_20.2.5.LTS\lib\</path>
         <kind>archive</kind>
         <file>rtsv7M4_T_le_v4SPD16_eabi.lib</file>
         <name>fflush.c.obj</name>
      </input_file>
      <input_file id="fl-ec">
         <path>C:\ti\ccs1110\ccs\tools\compiler\ti-cgt-arm_20.2.5.LTS\lib\</path>
         <kind>archive</kind>
         <file>rtsv7M4_T_le_v4SPD16_eabi.lib</file>
         <name>getdevice.c.obj</name>
      </input_file>
      <input_file id="fl-ed">
         <path>C:\ti\ccs1110\ccs\tools\compiler\ti-cgt-arm_20.2.5.LTS\lib\</path>
         <kind>archive</kind>
         <file>rtsv7M4_T_le_v4SPD16_eabi.lib</file>
         <name>memcpy_t2.asm.obj</name>
      </input_file>
      <input_file id="fl-ee">
         <path>C:\ti\ccs1110\ccs\tools\compiler\ti-cgt-arm_20.2.5.LTS\lib\</path>
         <kind>archive</kind>
         <file>rtsv7M4_T_le_v4SPD16_eabi.lib</file>
         <name>autoinit.c.obj</name>
      </input_file>
      <input_file id="fl-ef">
         <path>C:\ti\ccs1110\ccs\tools\compiler\ti-cgt-arm_20.2.5.LTS\lib\</path>
         <kind>archive</kind>
         <file>rtsv7M4_T_le_v4SPD16_eabi.lib</file>
         <name>pre_init.c.obj</name>
      </input_file>
      <input_file id="fl-f0">
         <path>C:\ti\ccs1110\ccs\tools\compiler\ti-cgt-arm_20.2.5.LTS\lib\</path>
         <kind>archive</kind>
         <file>rtsv7M4_T_le_v4SPD16_eabi.lib</file>
         <name>cpy_tbl.c.obj</name>
      </input_file>
      <input_file id="fl-f1">
         <path>C:\ti\ccs1110\ccs\tools\compiler\ti-cgt-arm_20.2.5.LTS\lib\</path>
         <kind>archive</kind>
         <file>rtsv7M4_T_le_v4SPD16_eabi.lib</file>
         <name>args_main.c.obj</name>
      </input_file>
      <input_file id="fl-f2">
         <path>C:\ti\ccs1110\ccs\tools\compiler\ti-cgt-arm_20.2.5.LTS\lib\</path>
         <kind>archive</kind>
         <file>rtsv7M4_T_le_v4SPD16_eabi.lib</file>
         <name>strchr.c.obj</name>
      </input_file>
      <input_file id="fl-f3">
         <path>C:\ti\ccs1110\ccs\tools\compiler\ti-cgt-arm_20.2.5.LTS\lib\</path>
         <kind>archive</kind>
         <file>rtsv7M4_T_le_v4SPD16_eabi.lib</file>
         <name>strcmp.c.obj</name>
      </input_file>
      <input_file id="fl-f4">
         <path>C:\ti\ccs1110\ccs\tools\compiler\ti-cgt-arm_20.2.5.LTS\lib\</path>
         <kind>archive</kind>
         <file>rtsv7M4_T_le_v4SPD16_eabi.lib</file>
         <name>strncpy.c.obj</name>
      </input_file>
      <input_file id="fl-f5">
         <path>C:\ti\ccs1110\ccs\tools\compiler\ti-cgt-arm_20.2.5.LTS\lib\</path>
         <kind>archive</kind>
         <file>rtsv7M4_T_le_v4SPD16_eabi.lib</file>
         <name>write.c.obj</name>
      </input_file>
      <input_file id="fl-f6">
         <path>C:\ti\ccs1110\ccs\tools\compiler\ti-cgt-arm_20.2.5.LTS\lib\</path>
         <kind>archive</kind>
         <file>rtsv7M4_T_le_v4SPD16_eabi.lib</file>
         <name>host_device.c.obj</name>
      </input_file>
      <input_file id="fl-f7">
         <path>C:\ti\ccs1110\ccs\tools\compiler\ti-cgt-arm_20.2.5.LTS\lib\</path>
         <kind>archive</kind>
         <file>rtsv7M4_T_le_v4SPD16_eabi.lib</file>
         <name>remove.c.obj</name>
      </input_file>
      <input_file id="fl-f8">
         <path>C:\ti\ccs1110\ccs\tools\compiler\ti-cgt-arm_20.2.5.LTS\lib\</path>
         <kind>archive</kind>
         <file>rtsv7M4_T_le_v4SPD16_eabi.lib</file>
         <name>close.c.obj</name>
      </input_file>
      <input_file id="fl-f9">
         <path>C:\ti\ccs1110\ccs\tools\compiler\ti-cgt-arm_20.2.5.LTS\lib\</path>
         <kind>archive</kind>
         <file>rtsv7M4_T_le_v4SPD16_eabi.lib</file>
         <name>unlink.c.obj</name>
      </input_file>
      <input_file id="fl-fa">
         <path>C:\ti\ccs1110\ccs\tools\compiler\ti-cgt-arm_20.2.5.LTS\lib\</path>
         <kind>archive</kind>
         <file>rtsv7M4_T_le_v4SPD16_eabi.lib</file>
         <name>hostclose.c.obj</name>
      </input_file>
      <input_file id="fl-fb">
         <path>C:\ti\ccs1110\ccs\tools\compiler\ti-cgt-arm_20.2.5.LTS\lib\</path>
         <kind>archive</kind>
         <file>rtsv7M4_T_le_v4SPD16_eabi.lib</file>
         <name>hostlseek.c.obj</name>
      </input_file>
      <input_file id="fl-fc">
         <path>C:\ti\ccs1110\ccs\tools\compiler\ti-cgt-arm_20.2.5.LTS\lib\</path>
         <kind>archive</kind>
         <file>rtsv7M4_T_le_v4SPD16_eabi.lib</file>
         <name>hostopen.c.obj</name>
      </input_file>
      <input_file id="fl-fd">
         <path>C:\ti\ccs1110\ccs\tools\compiler\ti-cgt-arm_20.2.5.LTS\lib\</path>
         <kind>archive</kind>
         <file>rtsv7M4_T_le_v4SPD16_eabi.lib</file>
         <name>hostread.c.obj</name>
      </input_file>
      <input_file id="fl-fe">
         <path>C:\ti\ccs1110\ccs\tools\compiler\ti-cgt-arm_20.2.5.LTS\lib\</path>
         <kind>archive</kind>
         <file>rtsv7M4_T_le_v4SPD16_eabi.lib</file>
         <name>hostrename.c.obj</name>
      </input_file>
      <input_file id="fl-ff">
         <path>C:\ti\ccs1110\ccs\tools\compiler\ti-cgt-arm_20.2.5.LTS\lib\</path>
         <kind>archive</kind>
         <file>rtsv7M4_T_le_v4SPD16_eabi.lib</file>
         <name>hostunlink.c.obj</name>
      </input_file>
      <input_file id="fl-100">
         <path>C:\ti\ccs1110\ccs\tools\compiler\ti-cgt-arm_20.2.5.LTS\lib\</path>
         <kind>archive</kind>
         <file>rtsv7M4_T_le_v4SPD16_eabi.lib</file>
         <name>hostwrite.c.obj</name>
      </input_file>
      <input_file id="fl-101">
         <path>C:\ti\ccs1110\ccs\tools\compiler\ti-cgt-arm_20.2.5.LTS\lib\</path>
         <kind>archive</kind>
         <file>rtsv7M4_T_le_v4SPD16_eabi.lib</file>
         <name>trgmsg.c.obj</name>
      </input_file>
      <input_file id="fl-102">
         <path>C:\ti\ccs1110\ccs\tools\compiler\ti-cgt-arm_20.2.5.LTS\lib\</path>
         <kind>archive</kind>
         <file>rtsv7M4_T_le_v4SPD16_eabi.lib</file>
         <name>strcpy.c.obj</name>
      </input_file>
      <input_file id="fl-103">
         <path>C:\ti\ccs1110\ccs\tools\compiler\ti-cgt-arm_20.2.5.LTS\lib\</path>
         <kind>archive</kind>
         <file>rtsv7M4_T_le_v4SPD16_eabi.lib</file>
         <name>strlen.c.obj</name>
      </input_file>
   </input_file_list>
   <object_component_list>
      <object_component id="oc-26">
         <name>.intvecs:retain</name>
         <load_address>0x0</load_address>
         <run_address>0x0</run_address>
         <size>0xe4</size>
         <input_file_ref idref="fl-1c"/>
      </object_component>
      <object_component id="oc-1d2">
         <name>.text</name>
         <load_address>0xe4</load_address>
         <run_address>0xe4</run_address>
         <size>0x15a8</size>
         <input_file_ref idref="fl-f"/>
      </object_component>
      <object_component id="oc-1d8">
         <name>.text</name>
         <load_address>0x168c</load_address>
         <run_address>0x168c</run_address>
         <size>0xc5c</size>
         <input_file_ref idref="fl-d"/>
      </object_component>
      <object_component id="oc-1cc">
         <name>.text</name>
         <load_address>0x22e8</load_address>
         <run_address>0x22e8</run_address>
         <size>0x834</size>
         <input_file_ref idref="fl-15"/>
      </object_component>
      <object_component id="oc-bf">
         <name>.text</name>
         <load_address>0x2b1c</load_address>
         <run_address>0x2b1c</run_address>
         <size>0x798</size>
         <input_file_ref idref="fl-21"/>
      </object_component>
      <object_component id="oc-dd">
         <name>.text</name>
         <load_address>0x32b4</load_address>
         <run_address>0x32b4</run_address>
         <size>0x6bc</size>
         <input_file_ref idref="fl-7"/>
      </object_component>
      <object_component id="oc-26c">
         <name>.text</name>
         <load_address>0x3970</load_address>
         <run_address>0x3970</run_address>
         <size>0x554</size>
         <input_file_ref idref="fl-1a"/>
      </object_component>
      <object_component id="oc-d7">
         <name>.text</name>
         <load_address>0x3ec4</load_address>
         <run_address>0x3ec4</run_address>
         <size>0x480</size>
         <input_file_ref idref="fl-11"/>
      </object_component>
      <object_component id="oc-c5">
         <name>.text</name>
         <load_address>0x4344</load_address>
         <run_address>0x4344</run_address>
         <size>0x40c</size>
         <input_file_ref idref="fl-13"/>
      </object_component>
      <object_component id="oc-b8">
         <name>.text</name>
         <load_address>0x4750</load_address>
         <run_address>0x4750</run_address>
         <size>0x334</size>
         <input_file_ref idref="fl-1e"/>
      </object_component>
      <object_component id="oc-274">
         <name>.text</name>
         <load_address>0x4a84</load_address>
         <run_address>0x4a84</run_address>
         <size>0x248</size>
         <input_file_ref idref="fl-1d"/>
      </object_component>
      <object_component id="oc-76">
         <name>.text</name>
         <load_address>0x4ccc</load_address>
         <run_address>0x4ccc</run_address>
         <size>0x110</size>
         <input_file_ref idref="fl-2"/>
      </object_component>
      <object_component id="oc-236">
         <name>.text:_openfile</name>
         <load_address>0x4ddc</load_address>
         <run_address>0x4ddc</run_address>
         <size>0x110</size>
         <input_file_ref idref="fl-dd"/>
      </object_component>
      <object_component id="oc-31a">
         <name>.text:aligned_alloc</name>
         <load_address>0x4eec</load_address>
         <run_address>0x4eec</run_address>
         <size>0x100</size>
         <input_file_ref idref="fl-e6"/>
      </object_component>
      <object_component id="oc-110">
         <name>.text</name>
         <load_address>0x4fec</load_address>
         <run_address>0x4fec</run_address>
         <size>0xf2</size>
         <input_file_ref idref="fl-4"/>
      </object_component>
      <object_component id="oc-286">
         <name>.text:_nop</name>
         <load_address>0x50de</load_address>
         <run_address>0x50de</run_address>
         <size>0x2</size>
         <input_file_ref idref="fl-e4"/>
      </object_component>
      <object_component id="oc-249">
         <name>.text:free</name>
         <load_address>0x50e0</load_address>
         <run_address>0x50e0</run_address>
         <size>0xe4</size>
         <input_file_ref idref="fl-e6"/>
      </object_component>
      <object_component id="oc-1bb">
         <name>.text:setvbuf</name>
         <load_address>0x51c4</load_address>
         <run_address>0x51c4</run_address>
         <size>0xdc</size>
         <input_file_ref idref="fl-de"/>
      </object_component>
      <object_component id="oc-266">
         <name>.text</name>
         <load_address>0x52a0</load_address>
         <run_address>0x52a0</run_address>
         <size>0xd8</size>
         <input_file_ref idref="fl-23"/>
      </object_component>
      <object_component id="oc-2e8">
         <name>.text:open</name>
         <load_address>0x5378</load_address>
         <run_address>0x5378</run_address>
         <size>0xbc</size>
         <input_file_ref idref="fl-e8"/>
      </object_component>
      <object_component id="oc-1a9">
         <name>.text:add_device</name>
         <load_address>0x5434</load_address>
         <run_address>0x5434</run_address>
         <size>0xb8</size>
         <input_file_ref idref="fl-e9"/>
      </object_component>
      <object_component id="oc-10a">
         <name>.text</name>
         <load_address>0x54ec</load_address>
         <run_address>0x54ec</run_address>
         <size>0xb0</size>
         <input_file_ref idref="fl-3"/>
      </object_component>
      <object_component id="oc-1af">
         <name>.text:fopen</name>
         <load_address>0x559c</load_address>
         <run_address>0x559c</run_address>
         <size>0x9c</size>
         <input_file_ref idref="fl-dd"/>
      </object_component>
      <object_component id="oc-3a">
         <name>.text</name>
         <load_address>0x5638</load_address>
         <run_address>0x5638</run_address>
         <size>0x9c</size>
         <input_file_ref idref="fl-ed"/>
      </object_component>
      <object_component id="oc-9a">
         <name>.text</name>
         <load_address>0x56d4</load_address>
         <run_address>0x56d4</run_address>
         <size>0x7a</size>
         <input_file_ref idref="fl-df"/>
      </object_component>
      <object_component id="oc-242">
         <name>.text:__TI_closefile</name>
         <load_address>0x5750</load_address>
         <run_address>0x5750</run_address>
         <size>0x74</size>
         <input_file_ref idref="fl-ea"/>
      </object_component>
      <object_component id="oc-3a3">
         <name>.text:split</name>
         <load_address>0x57c4</load_address>
         <run_address>0x57c4</run_address>
         <size>0x70</size>
         <input_file_ref idref="fl-e6"/>
      </object_component>
      <object_component id="oc-2d3">
         <name>.text:HOSTrename</name>
         <load_address>0x5834</load_address>
         <run_address>0x5834</run_address>
         <size>0x6c</size>
         <input_file_ref idref="fl-fe"/>
      </object_component>
      <object_component id="oc-2c7">
         <name>.text:HOSTlseek</name>
         <load_address>0x58a0</load_address>
         <run_address>0x58a0</run_address>
         <size>0x68</size>
         <input_file_ref idref="fl-fb"/>
      </object_component>
      <object_component id="oc-17">
         <name>.text:decompress:lzss:__TI_decompress_lzss</name>
         <load_address>0x5908</load_address>
         <run_address>0x5908</run_address>
         <size>0x68</size>
         <input_file_ref idref="fl-e2"/>
      </object_component>
      <object_component id="oc-2af">
         <name>.text:HOSTopen</name>
         <load_address>0x5970</load_address>
         <run_address>0x5970</run_address>
         <size>0x60</size>
         <input_file_ref idref="fl-fc"/>
      </object_component>
      <object_component id="oc-70">
         <name>.text</name>
         <load_address>0x59d0</load_address>
         <run_address>0x59d0</run_address>
         <size>0x60</size>
         <input_file_ref idref="fl-5"/>
      </object_component>
      <object_component id="oc-2fe">
         <name>.text:close</name>
         <load_address>0x5a30</load_address>
         <run_address>0x5a30</run_address>
         <size>0x5c</size>
         <input_file_ref idref="fl-f8"/>
      </object_component>
      <object_component id="oc-2bb">
         <name>.text:HOSTread</name>
         <load_address>0x5a8c</load_address>
         <run_address>0x5a8c</run_address>
         <size>0x58</size>
         <input_file_ref idref="fl-fd"/>
      </object_component>
      <object_component id="oc-2c1">
         <name>.text:HOSTwrite</name>
         <load_address>0x5ae4</load_address>
         <run_address>0x5ae4</run_address>
         <size>0x58</size>
         <input_file_ref idref="fl-100"/>
      </object_component>
      <object_component id="oc-a6">
         <name>.text</name>
         <load_address>0x5b3c</load_address>
         <run_address>0x5b3c</run_address>
         <size>0x58</size>
         <input_file_ref idref="fl-6"/>
      </object_component>
      <object_component id="oc-2f8">
         <name>.text:__TI_doflush</name>
         <load_address>0x5b94</load_address>
         <run_address>0x5b94</run_address>
         <size>0x4c</size>
         <input_file_ref idref="fl-eb"/>
      </object_component>
      <object_component id="oc-120">
         <name>.text:exit</name>
         <load_address>0x5be0</load_address>
         <run_address>0x5be0</run_address>
         <size>0x48</size>
         <input_file_ref idref="fl-e3"/>
      </object_component>
      <object_component id="oc-2b5">
         <name>.text:HOSTclose</name>
         <load_address>0x5c28</load_address>
         <run_address>0x5c28</run_address>
         <size>0x44</size>
         <input_file_ref idref="fl-fa"/>
      </object_component>
      <object_component id="oc-2cd">
         <name>.text:HOSTunlink</name>
         <load_address>0x5c6c</load_address>
         <run_address>0x5c6c</run_address>
         <size>0x44</size>
         <input_file_ref idref="fl-ff"/>
      </object_component>
      <object_component id="oc-126">
         <name>.text:__TI_auto_init_nobinit_nopinit:__TI_auto_init_nobinit_nopinit</name>
         <load_address>0x5cb0</load_address>
         <run_address>0x5cb0</run_address>
         <size>0x44</size>
         <input_file_ref idref="fl-ee"/>
      </object_component>
      <object_component id="oc-384">
         <name>.text:getdevice</name>
         <load_address>0x5cf4</load_address>
         <run_address>0x5cf4</run_address>
         <size>0x44</size>
         <input_file_ref idref="fl-ec"/>
      </object_component>
      <object_component id="oc-163">
         <name>.text</name>
         <load_address>0x5d38</load_address>
         <run_address>0x5d38</run_address>
         <size>0x3e</size>
         <input_file_ref idref="fl-b"/>
      </object_component>
      <object_component id="oc-35b">
         <name>.text:__TI_writemsg</name>
         <load_address>0x5d78</load_address>
         <run_address>0x5d78</run_address>
         <size>0x38</size>
         <input_file_ref idref="fl-101"/>
      </object_component>
      <object_component id="oc-22a">
         <name>.text:strncpy</name>
         <load_address>0x5db0</load_address>
         <run_address>0x5db0</run_address>
         <size>0x36</size>
         <input_file_ref idref="fl-f4"/>
      </object_component>
      <object_component id="oc-255">
         <name>.text:__TI_cleanup</name>
         <load_address>0x5de8</load_address>
         <run_address>0x5de8</run_address>
         <size>0x34</size>
         <input_file_ref idref="fl-dd"/>
      </object_component>
      <object_component id="oc-361">
         <name>.text:__TI_readmsg</name>
         <load_address>0x5e1c</load_address>
         <run_address>0x5e1c</run_address>
         <size>0x34</size>
         <input_file_ref idref="fl-101"/>
      </object_component>
      <object_component id="oc-58">
         <name>.text:_c_int00_noargs:_c_int00_noargs</name>
         <load_address>0x5e50</load_address>
         <run_address>0x5e50</run_address>
         <size>0x34</size>
         <input_file_ref idref="fl-e7"/>
      </object_component>
      <object_component id="oc-1b5">
         <name>.text:freopen</name>
         <load_address>0x5e84</load_address>
         <run_address>0x5e84</run_address>
         <size>0x34</size>
         <input_file_ref idref="fl-dd"/>
      </object_component>
      <object_component id="oc-224">
         <name>.text:finddevice</name>
         <load_address>0x5eb8</load_address>
         <run_address>0x5eb8</run_address>
         <size>0x30</size>
         <input_file_ref idref="fl-ec"/>
      </object_component>
      <object_component id="oc-304">
         <name>.text:unlink</name>
         <load_address>0x5ee8</load_address>
         <run_address>0x5ee8</run_address>
         <size>0x2c</size>
         <input_file_ref idref="fl-f9"/>
      </object_component>
      <object_component id="oc-313">
         <name>.text:free_list_insert</name>
         <load_address>0x5f14</load_address>
         <run_address>0x5f14</run_address>
         <size>0x28</size>
         <input_file_ref idref="fl-e6"/>
      </object_component>
      <object_component id="oc-390">
         <name>.text:write</name>
         <load_address>0x5f3c</load_address>
         <run_address>0x5f3c</run_address>
         <size>0x28</size>
         <input_file_ref idref="fl-f5"/>
      </object_component>
      <object_component id="oc-46">
         <name>.text:decompress:ZI:__TI_zero_init_nomemset:__TI_zero_init_nomemset</name>
         <load_address>0x5f64</load_address>
         <run_address>0x5f64</run_address>
         <size>0x1c</size>
         <input_file_ref idref="fl-e0"/>
      </object_component>
      <object_component id="oc-30d">
         <name>.text:free_list_remove</name>
         <load_address>0x5f80</load_address>
         <run_address>0x5f80</run_address>
         <size>0x1c</size>
         <input_file_ref idref="fl-e6"/>
      </object_component>
      <object_component id="oc-2a5">
         <name>.text:strcmp</name>
         <load_address>0x5f9c</load_address>
         <run_address>0x5f9c</run_address>
         <size>0x18</size>
         <input_file_ref idref="fl-f3"/>
      </object_component>
      <object_component id="oc-3ca">
         <name>.text:strchr</name>
         <load_address>0x5fb4</load_address>
         <run_address>0x5fb4</run_address>
         <size>0x16</size>
         <input_file_ref idref="fl-f2"/>
      </object_component>
      <object_component id="oc-375">
         <name>.text:strcpy</name>
         <load_address>0x5fca</load_address>
         <run_address>0x5fca</run_address>
         <size>0x14</size>
         <input_file_ref idref="fl-102"/>
      </object_component>
      <object_component id="oc-355">
         <name>.text:strlen</name>
         <load_address>0x5fde</load_address>
         <run_address>0x5fde</run_address>
         <size>0x14</size>
         <input_file_ref idref="fl-103"/>
      </object_component>
      <object_component id="oc-1d">
         <name>.text:decompress:none:__TI_decompress_none</name>
         <load_address>0x5ff2</load_address>
         <run_address>0x5ff2</run_address>
         <size>0xe</size>
         <input_file_ref idref="fl-e1"/>
      </object_component>
      <object_component id="oc-6a">
         <name>.text</name>
         <load_address>0x6000</load_address>
         <run_address>0x6000</run_address>
         <size>0xe</size>
         <input_file_ref idref="fl-1c"/>
      </object_component>
      <object_component id="oc-24f">
         <name>.text:malloc</name>
         <load_address>0x600e</load_address>
         <run_address>0x600e</run_address>
         <size>0x8</size>
         <input_file_ref idref="fl-e6"/>
      </object_component>
      <object_component id="oc-a0">
         <name>.text:_system_pre_init</name>
         <load_address>0x6016</load_address>
         <run_address>0x6016</run_address>
         <size>0x4</size>
         <input_file_ref idref="fl-ef"/>
      </object_component>
      <object_component id="oc-11a">
         <name>.text:abort:abort</name>
         <load_address>0x601a</load_address>
         <run_address>0x601a</run_address>
         <size>0x4</size>
         <input_file_ref idref="fl-e3"/>
      </object_component>
      <object_component id="oc-16f">
         <name>.const:g_pulRegs</name>
         <load_address>0x6020</load_address>
         <run_address>0x6020</run_address>
         <size>0x50</size>
         <input_file_ref idref="fl-13"/>
      </object_component>
      <object_component id="oc-19d">
         <name>.const:GPIO_PORT_TO_BASE</name>
         <load_address>0x6070</load_address>
         <run_address>0x6070</run_address>
         <size>0x30</size>
         <input_file_ref idref="fl-11"/>
      </object_component>
      <object_component id="oc-16c">
         <name>.const:g_pulPriority</name>
         <load_address>0x60a0</load_address>
         <run_address>0x60a0</run_address>
         <size>0x20</size>
         <input_file_ref idref="fl-13"/>
      </object_component>
      <object_component id="oc-1a0">
         <name>.const:GPIO_PORT_TO_INT</name>
         <load_address>0x60c0</load_address>
         <run_address>0x60c0</run_address>
         <size>0x1c</size>
         <input_file_ref idref="fl-11"/>
      </object_component>
      <object_component id="oc-175">
         <name>.const:g_pulDisRegs</name>
         <load_address>0x60dc</load_address>
         <run_address>0x60dc</run_address>
         <size>0x8</size>
         <input_file_ref idref="fl-13"/>
      </object_component>
      <object_component id="oc-172">
         <name>.const:g_pulEnRegs</name>
         <load_address>0x60e4</load_address>
         <run_address>0x60e4</run_address>
         <size>0x8</size>
         <input_file_ref idref="fl-13"/>
      </object_component>
      <object_component id="oc-178">
         <name>.const:g_pulPendRegs</name>
         <load_address>0x60ec</load_address>
         <run_address>0x60ec</run_address>
         <size>0x8</size>
         <input_file_ref idref="fl-13"/>
      </object_component>
      <object_component id="oc-17b">
         <name>.const:g_pulUnpendRegs</name>
         <load_address>0x60f4</load_address>
         <run_address>0x60f4</run_address>
         <size>0x8</size>
         <input_file_ref idref="fl-13"/>
      </object_component>
      <object_component id="oc-420">
         <name>.cinit..data.load</name>
         <load_address>0x6100</load_address>
         <run_address>0x6100</run_address>
         <size>0xb3</size>
      </object_component>
      <object_component id="oc-41d">
         <name>__TI_handler_table</name>
         <load_address>0x61b4</load_address>
         <run_address>0x61b4</run_address>
         <size>0xc</size>
      </object_component>
      <object_component id="oc-421">
         <name>.cinit..bss.load</name>
         <load_address>0x61c0</load_address>
         <run_address>0x61c0</run_address>
         <size>0x8</size>
      </object_component>
      <object_component id="oc-41f">
         <name>.cinit..vtable.load</name>
         <load_address>0x61c8</load_address>
         <run_address>0x61c8</run_address>
         <size>0x8</size>
      </object_component>
      <object_component id="oc-41e">
         <name>__TI_cinit_table</name>
         <load_address>0x61d0</load_address>
         <run_address>0x61d0</run_address>
         <size>0x18</size>
      </object_component>
      <object_component id="oc-3f1">
         <name>.binit</name>
         <load_address>0x0</load_address>
         <run_address>0x0</run_address>
         <size>0x0</size>
      </object_component>
      <object_component id="oc-169">
         <name>.vtable</name>
         <uninitialized>true</uninitialized>
         <run_address>0x20000000</run_address>
         <size>0xe8</size>
         <input_file_ref idref="fl-13"/>
      </object_component>
      <object_component id="oc-ce">
         <name>.data:Config</name>
         <load_address>0x200006e0</load_address>
         <run_address>0x200006e0</run_address>
         <size>0x18</size>
         <input_file_ref idref="fl-5"/>
      </object_component>
      <object_component id="oc-27a">
         <name>.data:__getBurstProgramRegs</name>
         <load_address>0x200006a0</load_address>
         <run_address>0x200006a0</run_address>
         <size>0x40</size>
         <input_file_ref idref="fl-f"/>
      </object_component>
      <object_component id="oc-158">
         <name>.data</name>
         <load_address>0x20000730</load_address>
         <run_address>0x20000730</run_address>
         <size>0x4</size>
         <input_file_ref idref="fl-1e"/>
      </object_component>
      <object_component id="oc-23c">
         <name>.data</name>
         <load_address>0x20000728</load_address>
         <run_address>0x20000728</run_address>
         <size>0x4</size>
         <input_file_ref idref="fl-dd"/>
      </object_component>
      <object_component id="oc-1e3">
         <name>.data:$O1$$</name>
         <load_address>0x20000708</load_address>
         <run_address>0x20000708</run_address>
         <size>0xc</size>
         <input_file_ref idref="fl-e3"/>
      </object_component>
      <object_component id="oc-1e6">
         <name>.data:$O1$$</name>
         <load_address>0x20000714</load_address>
         <run_address>0x20000714</run_address>
         <size>0x8</size>
         <input_file_ref idref="fl-e4"/>
      </object_component>
      <object_component id="oc-1c1">
         <name>.data:_ftable</name>
         <load_address>0x200004e8</load_address>
         <run_address>0x200004e8</run_address>
         <size>0xf0</size>
         <input_file_ref idref="fl-e5"/>
      </object_component>
      <object_component id="oc-23d">
         <name>.data</name>
         <load_address>0x200006f8</load_address>
         <run_address>0x200006f8</run_address>
         <size>0x10</size>
         <input_file_ref idref="fl-e5"/>
      </object_component>
      <object_component id="oc-39e">
         <name>.data:$O1$$</name>
         <load_address>0x2000071c</load_address>
         <run_address>0x2000071c</run_address>
         <size>0x8</size>
         <input_file_ref idref="fl-e6"/>
      </object_component>
      <object_component id="oc-38a">
         <name>.data</name>
         <load_address>0x2000072c</load_address>
         <run_address>0x2000072c</run_address>
         <size>0x4</size>
         <input_file_ref idref="fl-e8"/>
      </object_component>
      <object_component id="oc-230">
         <name>.data</name>
         <load_address>0x20000724</load_address>
         <run_address>0x20000724</run_address>
         <size>0x4</size>
         <input_file_ref idref="fl-e9"/>
      </object_component>
      <object_component id="oc-231">
         <name>.data:_device</name>
         <load_address>0x200005d8</load_address>
         <run_address>0x200005d8</run_address>
         <size>0x78</size>
         <input_file_ref idref="fl-f6"/>
      </object_component>
      <object_component id="oc-38b">
         <name>.data:_stream</name>
         <load_address>0x20000650</load_address>
         <run_address>0x20000650</run_address>
         <size>0x50</size>
         <input_file_ref idref="fl-f6"/>
      </object_component>
      <object_component id="oc-27f">
         <name>.bss</name>
         <uninitialized>true</uninitialized>
         <run_address>0x200008f4</run_address>
         <size>0x8</size>
         <input_file_ref idref="fl-d"/>
      </object_component>
      <object_component id="oc-3b4">
         <name>.bss:_CIOBUF_</name>
         <uninitialized>true</uninitialized>
         <run_address>0x20000734</run_address>
         <size>0x120</size>
         <input_file_ref idref="fl-101"/>
      </object_component>
      <object_component id="oc-e3">
         <name>.common:BumpTask</name>
         <uninitialized>true</uninitialized>
         <run_address>0x2000090c</run_address>
         <size>0x4</size>
      </object_component>
      <object_component id="oc-cb">
         <name>.common:TimerA1Task</name>
         <uninitialized>true</uninitialized>
         <run_address>0x20000914</run_address>
         <size>0x4</size>
      </object_component>
      <object_component id="oc-116">
         <name>.common:counter</name>
         <uninitialized>true</uninitialized>
         <run_address>0x20000918</run_address>
         <size>0x4</size>
      </object_component>
      <object_component id="oc-1a8">
         <name>.common:Messageindexb</name>
         <uninitialized>true</uninitialized>
         <run_address>0x20000910</run_address>
         <size>0x4</size>
      </object_component>
      <object_component id="oc-1a5">
         <name>.common:Messageb</name>
         <uninitialized>true</uninitialized>
         <run_address>0x200008fc</run_address>
         <size>0x8</size>
      </object_component>
      <object_component id="oc-30a">
         <name>.common:__TI_tmpnams</name>
         <uninitialized>true</uninitialized>
         <run_address>0x20000854</run_address>
         <size>0xa0</size>
      </object_component>
      <object_component id="oc-367">
         <name>.common:parmbuf</name>
         <uninitialized>true</uninitialized>
         <run_address>0x20000904</run_address>
         <size>0x8</size>
      </object_component>
      <object_component id="oc-29">
         <name>.sysmem</name>
         <uninitialized>true</uninitialized>
         <run_address>0x200000e8</run_address>
         <size>0x10</size>
         <input_file_ref idref="fl-e6"/>
      </object_component>
      <object_component id="oc-424">
         <name>.sysmem</name>
         <uninitialized>true</uninitialized>
         <run_address>0x200000e8</run_address>
         <size>0x0</size>
      </object_component>
      <object_component id="oc-2c">
         <name>.stack</name>
         <uninitialized>true</uninitialized>
         <run_address>0x2000fe00</run_address>
         <size>0x4</size>
         <input_file_ref idref="fl-e7"/>
      </object_component>
      <object_component id="oc-423">
         <name>.stack</name>
         <uninitialized>true</uninitialized>
         <run_address>0x2000fe00</run_address>
         <size>0x0</size>
      </object_component>
      <object_component id="oc-e4">
         <name>.debug_info</name>
         <load_address>0x0</load_address>
         <run_address>0x0</run_address>
         <size>0x758</size>
         <input_file_ref idref="fl-2"/>
      </object_component>
      <object_component id="oc-77">
         <name>.debug_info</name>
         <load_address>0x758</load_address>
         <run_address>0x758</run_address>
         <size>0x3d9</size>
         <input_file_ref idref="fl-2"/>
      </object_component>
      <object_component id="oc-187">
         <name>.debug_info</name>
         <load_address>0xb31</load_address>
         <run_address>0xb31</run_address>
         <size>0x37e2</size>
         <input_file_ref idref="fl-2"/>
      </object_component>
      <object_component id="oc-e9">
         <name>.debug_info</name>
         <load_address>0x4313</load_address>
         <run_address>0x4313</run_address>
         <size>0x26b</size>
         <input_file_ref idref="fl-2"/>
      </object_component>
      <object_component id="oc-18c">
         <name>.debug_info</name>
         <load_address>0x457e</load_address>
         <run_address>0x457e</run_address>
         <size>0x1055</size>
         <input_file_ref idref="fl-2"/>
      </object_component>
      <object_component id="oc-337">
         <name>.debug_info</name>
         <load_address>0x55d3</load_address>
         <run_address>0x55d3</run_address>
         <size>0x1b5</size>
         <input_file_ref idref="fl-2"/>
      </object_component>
      <object_component id="oc-32a">
         <name>.debug_info</name>
         <load_address>0x5788</load_address>
         <run_address>0x5788</run_address>
         <size>0xc6</size>
         <input_file_ref idref="fl-2"/>
      </object_component>
      <object_component id="oc-191">
         <name>.debug_info</name>
         <load_address>0x584e</load_address>
         <run_address>0x584e</run_address>
         <size>0x341</size>
         <input_file_ref idref="fl-2"/>
      </object_component>
      <object_component id="oc-35">
         <name>.debug_info</name>
         <load_address>0x5b8f</load_address>
         <run_address>0x5b8f</run_address>
         <size>0x84</size>
         <input_file_ref idref="fl-2"/>
      </object_component>
      <object_component id="oc-198">
         <name>.debug_info</name>
         <load_address>0x5c13</load_address>
         <run_address>0x5c13</run_address>
         <size>0x2a4</size>
         <input_file_ref idref="fl-2"/>
      </object_component>
      <object_component id="oc-15d">
         <name>.debug_info</name>
         <load_address>0x5eb7</load_address>
         <run_address>0x5eb7</run_address>
         <size>0xef</size>
         <input_file_ref idref="fl-2"/>
      </object_component>
      <object_component id="oc-d2">
         <name>.debug_info</name>
         <load_address>0x5fa6</load_address>
         <run_address>0x5fa6</run_address>
         <size>0xbb</size>
         <input_file_ref idref="fl-2"/>
      </object_component>
      <object_component id="oc-10b">
         <name>.debug_info</name>
         <load_address>0x6061</load_address>
         <run_address>0x6061</run_address>
         <size>0x3b6</size>
         <input_file_ref idref="fl-3"/>
      </object_component>
      <object_component id="oc-17f">
         <name>.debug_info</name>
         <load_address>0x6417</load_address>
         <run_address>0x6417</run_address>
         <size>0x8b</size>
         <input_file_ref idref="fl-3"/>
      </object_component>
      <object_component id="oc-113">
         <name>.debug_info</name>
         <load_address>0x64a2</load_address>
         <run_address>0x64a2</run_address>
         <size>0x486</size>
         <input_file_ref idref="fl-4"/>
      </object_component>
      <object_component id="oc-cc">
         <name>.debug_info</name>
         <load_address>0x6928</load_address>
         <run_address>0x6928</run_address>
         <size>0x684</size>
         <input_file_ref idref="fl-5"/>
      </object_component>
      <object_component id="oc-cf">
         <name>.debug_info</name>
         <load_address>0x6fac</load_address>
         <run_address>0x6fac</run_address>
         <size>0xd2</size>
         <input_file_ref idref="fl-5"/>
      </object_component>
      <object_component id="oc-71">
         <name>.debug_info</name>
         <load_address>0x707e</load_address>
         <run_address>0x707e</run_address>
         <size>0x287</size>
         <input_file_ref idref="fl-5"/>
      </object_component>
      <object_component id="oc-117">
         <name>.debug_info</name>
         <load_address>0x7305</load_address>
         <run_address>0x7305</run_address>
         <size>0x650</size>
         <input_file_ref idref="fl-6"/>
      </object_component>
      <object_component id="oc-a8">
         <name>.debug_info</name>
         <load_address>0x7955</load_address>
         <run_address>0x7955</run_address>
         <size>0x1db</size>
         <input_file_ref idref="fl-6"/>
      </object_component>
      <object_component id="oc-1a6">
         <name>.debug_info</name>
         <load_address>0x7b30</load_address>
         <run_address>0x7b30</run_address>
         <size>0x778</size>
         <input_file_ref idref="fl-7"/>
      </object_component>
      <object_component id="oc-de">
         <name>.debug_info</name>
         <load_address>0x82a8</load_address>
         <run_address>0x82a8</run_address>
         <size>0x12e3</size>
         <input_file_ref idref="fl-7"/>
      </object_component>
      <object_component id="oc-21f">
         <name>.debug_info</name>
         <load_address>0x958b</load_address>
         <run_address>0x958b</run_address>
         <size>0xcc</size>
         <input_file_ref idref="fl-7"/>
      </object_component>
      <object_component id="oc-1c5">
         <name>.debug_info</name>
         <load_address>0x9657</load_address>
         <run_address>0x9657</run_address>
         <size>0x2c</size>
         <input_file_ref idref="fl-7"/>
      </object_component>
      <object_component id="oc-164">
         <name>.debug_info</name>
         <load_address>0x9683</load_address>
         <run_address>0x9683</run_address>
         <size>0x2b6</size>
         <input_file_ref idref="fl-b"/>
      </object_component>
      <object_component id="oc-283">
         <name>.debug_info</name>
         <load_address>0x9939</load_address>
         <run_address>0x9939</run_address>
         <size>0x76f</size>
         <input_file_ref idref="fl-d"/>
      </object_component>
      <object_component id="oc-280">
         <name>.debug_info</name>
         <load_address>0xa0a8</load_address>
         <run_address>0xa0a8</run_address>
         <size>0xf0</size>
         <input_file_ref idref="fl-d"/>
      </object_component>
      <object_component id="oc-1db">
         <name>.debug_info</name>
         <load_address>0xa198</load_address>
         <run_address>0xa198</run_address>
         <size>0x1ce2</size>
         <input_file_ref idref="fl-d"/>
      </object_component>
      <object_component id="oc-27e">
         <name>.debug_info</name>
         <load_address>0xbe7a</load_address>
         <run_address>0xbe7a</run_address>
         <size>0x78d</size>
         <input_file_ref idref="fl-f"/>
      </object_component>
      <object_component id="oc-27b">
         <name>.debug_info</name>
         <load_address>0xc607</load_address>
         <run_address>0xc607</run_address>
         <size>0xed</size>
         <input_file_ref idref="fl-f"/>
      </object_component>
      <object_component id="oc-1d3">
         <name>.debug_info</name>
         <load_address>0xc6f4</load_address>
         <run_address>0xc6f4</run_address>
         <size>0x3671</size>
         <input_file_ref idref="fl-f"/>
      </object_component>
      <object_component id="oc-1a4">
         <name>.debug_info</name>
         <load_address>0xfd65</load_address>
         <run_address>0xfd65</run_address>
         <size>0x678</size>
         <input_file_ref idref="fl-11"/>
      </object_component>
      <object_component id="oc-1a1">
         <name>.debug_info</name>
         <load_address>0x103dd</load_address>
         <run_address>0x103dd</run_address>
         <size>0xe2</size>
         <input_file_ref idref="fl-11"/>
      </object_component>
      <object_component id="oc-19e">
         <name>.debug_info</name>
         <load_address>0x104bf</load_address>
         <run_address>0x104bf</run_address>
         <size>0xe4</size>
         <input_file_ref idref="fl-11"/>
      </object_component>
      <object_component id="oc-da">
         <name>.debug_info</name>
         <load_address>0x105a3</load_address>
         <run_address>0x105a3</run_address>
         <size>0x1698</size>
         <input_file_ref idref="fl-11"/>
      </object_component>
      <object_component id="oc-184">
         <name>.debug_info</name>
         <load_address>0x11c3b</load_address>
         <run_address>0x11c3b</run_address>
         <size>0x606</size>
         <input_file_ref idref="fl-13"/>
      </object_component>
      <object_component id="oc-16d">
         <name>.debug_info</name>
         <load_address>0x12241</load_address>
         <run_address>0x12241</run_address>
         <size>0xe1</size>
         <input_file_ref idref="fl-13"/>
      </object_component>
      <object_component id="oc-170">
         <name>.debug_info</name>
         <load_address>0x12322</load_address>
         <run_address>0x12322</run_address>
         <size>0xd9</size>
         <input_file_ref idref="fl-13"/>
      </object_component>
      <object_component id="oc-173">
         <name>.debug_info</name>
         <load_address>0x123fb</load_address>
         <run_address>0x123fb</run_address>
         <size>0xdd</size>
         <input_file_ref idref="fl-13"/>
      </object_component>
      <object_component id="oc-176">
         <name>.debug_info</name>
         <load_address>0x124d8</load_address>
         <run_address>0x124d8</run_address>
         <size>0xdf</size>
         <input_file_ref idref="fl-13"/>
      </object_component>
      <object_component id="oc-179">
         <name>.debug_info</name>
         <load_address>0x125b7</load_address>
         <run_address>0x125b7</run_address>
         <size>0xe1</size>
         <input_file_ref idref="fl-13"/>
      </object_component>
      <object_component id="oc-17c">
         <name>.debug_info</name>
         <load_address>0x12698</load_address>
         <run_address>0x12698</run_address>
         <size>0xe5</size>
         <input_file_ref idref="fl-13"/>
      </object_component>
      <object_component id="oc-16a">
         <name>.debug_info</name>
         <load_address>0x1277d</load_address>
         <run_address>0x1277d</run_address>
         <size>0xe6</size>
         <input_file_ref idref="fl-13"/>
      </object_component>
      <object_component id="oc-c6">
         <name>.debug_info</name>
         <load_address>0x12863</load_address>
         <run_address>0x12863</run_address>
         <size>0xe87</size>
         <input_file_ref idref="fl-13"/>
      </object_component>
      <object_component id="oc-273">
         <name>.debug_info</name>
         <load_address>0x136ea</load_address>
         <run_address>0x136ea</run_address>
         <size>0x72a</size>
         <input_file_ref idref="fl-15"/>
      </object_component>
      <object_component id="oc-1cd">
         <name>.debug_info</name>
         <load_address>0x13e14</load_address>
         <run_address>0x13e14</run_address>
         <size>0x1e62</size>
         <input_file_ref idref="fl-15"/>
      </object_component>
      <object_component id="oc-329">
         <name>.debug_info</name>
         <load_address>0x15c76</load_address>
         <run_address>0x15c76</run_address>
         <size>0x663</size>
         <input_file_ref idref="fl-1a"/>
      </object_component>
      <object_component id="oc-26d">
         <name>.debug_info</name>
         <load_address>0x162d9</load_address>
         <run_address>0x162d9</run_address>
         <size>0x1106</size>
         <input_file_ref idref="fl-1a"/>
      </object_component>
      <object_component id="oc-7e">
         <name>.debug_info</name>
         <load_address>0x173df</load_address>
         <run_address>0x173df</run_address>
         <size>0x2ca</size>
         <input_file_ref idref="fl-1c"/>
      </object_component>
      <object_component id="oc-27">
         <name>.debug_info</name>
         <load_address>0x176a9</load_address>
         <run_address>0x176a9</run_address>
         <size>0xf6</size>
         <input_file_ref idref="fl-1c"/>
      </object_component>
      <object_component id="oc-6b">
         <name>.debug_info</name>
         <load_address>0x1779f</load_address>
         <run_address>0x1779f</run_address>
         <size>0x1bd</size>
         <input_file_ref idref="fl-1c"/>
      </object_component>
      <object_component id="oc-332">
         <name>.debug_info</name>
         <load_address>0x1795c</load_address>
         <run_address>0x1795c</run_address>
         <size>0x53e</size>
         <input_file_ref idref="fl-1d"/>
      </object_component>
      <object_component id="oc-277">
         <name>.debug_info</name>
         <load_address>0x17e9a</load_address>
         <run_address>0x17e9a</run_address>
         <size>0xb96</size>
         <input_file_ref idref="fl-1d"/>
      </object_component>
      <object_component id="oc-159">
         <name>.debug_info</name>
         <load_address>0x18a30</load_address>
         <run_address>0x18a30</run_address>
         <size>0xef</size>
         <input_file_ref idref="fl-1e"/>
      </object_component>
      <object_component id="oc-ba">
         <name>.debug_info</name>
         <load_address>0x18b1f</load_address>
         <run_address>0x18b1f</run_address>
         <size>0x261</size>
         <input_file_ref idref="fl-1e"/>
      </object_component>
      <object_component id="oc-162">
         <name>.debug_info</name>
         <load_address>0x18d80</load_address>
         <run_address>0x18d80</run_address>
         <size>0x69c</size>
         <input_file_ref idref="fl-21"/>
      </object_component>
      <object_component id="oc-c0">
         <name>.debug_info</name>
         <load_address>0x1941c</load_address>
         <run_address>0x1941c</run_address>
         <size>0x1ff6</size>
         <input_file_ref idref="fl-21"/>
      </object_component>
      <object_component id="oc-327">
         <name>.debug_info</name>
         <load_address>0x1b412</load_address>
         <run_address>0x1b412</run_address>
         <size>0x706</size>
         <input_file_ref idref="fl-23"/>
      </object_component>
      <object_component id="oc-268">
         <name>.debug_info</name>
         <load_address>0x1bb18</load_address>
         <run_address>0x1bb18</run_address>
         <size>0x71e</size>
         <input_file_ref idref="fl-23"/>
      </object_component>
      <object_component id="oc-241">
         <name>.debug_info</name>
         <load_address>0x1c236</load_address>
         <run_address>0x1c236</run_address>
         <size>0x3f5</size>
         <input_file_ref idref="fl-dd"/>
      </object_component>
      <object_component id="oc-239">
         <name>.debug_info</name>
         <load_address>0x1c62b</load_address>
         <run_address>0x1c62b</run_address>
         <size>0x20e</size>
         <input_file_ref idref="fl-dd"/>
      </object_component>
      <object_component id="oc-259">
         <name>.debug_info</name>
         <load_address>0x1c839</load_address>
         <run_address>0x1c839</run_address>
         <size>0x176</size>
         <input_file_ref idref="fl-dd"/>
      </object_component>
      <object_component id="oc-1b9">
         <name>.debug_info</name>
         <load_address>0x1c9af</load_address>
         <run_address>0x1c9af</run_address>
         <size>0x1e4</size>
         <input_file_ref idref="fl-dd"/>
      </object_component>
      <object_component id="oc-1b1">
         <name>.debug_info</name>
         <load_address>0x1cb93</load_address>
         <run_address>0x1cb93</run_address>
         <size>0x1cd</size>
         <input_file_ref idref="fl-dd"/>
      </object_component>
      <object_component id="oc-f0">
         <name>.debug_info</name>
         <load_address>0x1cd60</load_address>
         <run_address>0x1cd60</run_address>
         <size>0x2c</size>
         <input_file_ref idref="fl-dd"/>
      </object_component>
      <object_component id="oc-2f3">
         <name>.debug_info</name>
         <load_address>0x1cd8c</load_address>
         <run_address>0x1cd8c</run_address>
         <size>0xb2</size>
         <input_file_ref idref="fl-dd"/>
      </object_component>
      <object_component id="oc-25c">
         <name>.debug_info</name>
         <load_address>0x1ce3e</load_address>
         <run_address>0x1ce3e</run_address>
         <size>0x374</size>
         <input_file_ref idref="fl-de"/>
      </object_component>
      <object_component id="oc-1bc">
         <name>.debug_info</name>
         <load_address>0x1d1b2</load_address>
         <run_address>0x1d1b2</run_address>
         <size>0x20b</size>
         <input_file_ref idref="fl-de"/>
      </object_component>
      <object_component id="oc-25d">
         <name>.debug_info</name>
         <load_address>0x1d3bd</load_address>
         <run_address>0x1d3bd</run_address>
         <size>0xbf</size>
         <input_file_ref idref="fl-de"/>
      </object_component>
      <object_component id="oc-9c">
         <name>.debug_info</name>
         <load_address>0x1d47c</load_address>
         <run_address>0x1d47c</run_address>
         <size>0x147</size>
         <input_file_ref idref="fl-df"/>
      </object_component>
      <object_component id="oc-99">
         <name>.debug_info</name>
         <load_address>0x1d5c3</load_address>
         <run_address>0x1d5c3</run_address>
         <size>0x2d4</size>
         <input_file_ref idref="fl-e0"/>
      </object_component>
      <object_component id="oc-48">
         <name>.debug_info</name>
         <load_address>0x1d897</load_address>
         <run_address>0x1d897</run_address>
         <size>0x1d2</size>
         <input_file_ref idref="fl-e0"/>
      </object_component>
      <object_component id="oc-94">
         <name>.debug_info</name>
         <load_address>0x1da69</load_address>
         <run_address>0x1da69</run_address>
         <size>0x46</size>
         <input_file_ref idref="fl-e0"/>
      </object_component>
      <object_component id="oc-101">
         <name>.debug_info</name>
         <load_address>0x1daaf</load_address>
         <run_address>0x1daaf</run_address>
         <size>0x2c</size>
         <input_file_ref idref="fl-e0"/>
      </object_component>
      <object_component id="oc-45">
         <name>.debug_info</name>
         <load_address>0x1dadb</load_address>
         <run_address>0x1dadb</run_address>
         <size>0x2a8</size>
         <input_file_ref idref="fl-e1"/>
      </object_component>
      <object_component id="oc-20">
         <name>.debug_info</name>
         <load_address>0x1dd83</load_address>
         <run_address>0x1dd83</run_address>
         <size>0x1ea</size>
         <input_file_ref idref="fl-e1"/>
      </object_component>
      <object_component id="oc-40">
         <name>.debug_info</name>
         <load_address>0x1df6d</load_address>
         <run_address>0x1df6d</run_address>
         <size>0x46</size>
         <input_file_ref idref="fl-e1"/>
      </object_component>
      <object_component id="oc-8c">
         <name>.debug_info</name>
         <load_address>0x1dfb3</load_address>
         <run_address>0x1dfb3</run_address>
         <size>0x2c</size>
         <input_file_ref idref="fl-e1"/>
      </object_component>
      <object_component id="oc-8a">
         <name>.debug_info</name>
         <load_address>0x1dfdf</load_address>
         <run_address>0x1dfdf</run_address>
         <size>0x29e</size>
         <input_file_ref idref="fl-e2"/>
      </object_component>
      <object_component id="oc-1b">
         <name>.debug_info</name>
         <load_address>0x1e27d</load_address>
         <run_address>0x1e27d</run_address>
         <size>0x250</size>
         <input_file_ref idref="fl-e2"/>
      </object_component>
      <object_component id="oc-30">
         <name>.debug_info</name>
         <load_address>0x1e4cd</load_address>
         <run_address>0x1e4cd</run_address>
         <size>0x60</size>
         <input_file_ref idref="fl-e2"/>
      </object_component>
      <object_component id="oc-fa">
         <name>.debug_info</name>
         <load_address>0x1e52d</load_address>
         <run_address>0x1e52d</run_address>
         <size>0x46</size>
         <input_file_ref idref="fl-e2"/>
      </object_component>
      <object_component id="oc-85">
         <name>.debug_info</name>
         <load_address>0x1e573</load_address>
         <run_address>0x1e573</run_address>
         <size>0x39</size>
         <input_file_ref idref="fl-e2"/>
      </object_component>
      <object_component id="oc-1ea">
         <name>.debug_info</name>
         <load_address>0x1e5ac</load_address>
         <run_address>0x1e5ac</run_address>
         <size>0x3ad</size>
         <input_file_ref idref="fl-e3"/>
      </object_component>
      <object_component id="oc-1e4">
         <name>.debug_info</name>
         <load_address>0x1e959</load_address>
         <run_address>0x1e959</run_address>
         <size>0x190</size>
         <input_file_ref idref="fl-e3"/>
      </object_component>
      <object_component id="oc-11e">
         <name>.debug_info</name>
         <load_address>0x1eae9</load_address>
         <run_address>0x1eae9</run_address>
         <size>0x122</size>
         <input_file_ref idref="fl-e3"/>
      </object_component>
      <object_component id="oc-124">
         <name>.debug_info</name>
         <load_address>0x1ec0b</load_address>
         <run_address>0x1ec0b</run_address>
         <size>0x184</size>
         <input_file_ref idref="fl-e3"/>
      </object_component>
      <object_component id="oc-28e">
         <name>.debug_info</name>
         <load_address>0x1ed8f</load_address>
         <run_address>0x1ed8f</run_address>
         <size>0x2c9</size>
         <input_file_ref idref="fl-e4"/>
      </object_component>
      <object_component id="oc-1e7">
         <name>.debug_info</name>
         <load_address>0x1f058</load_address>
         <run_address>0x1f058</run_address>
         <size>0x11e</size>
         <input_file_ref idref="fl-e4"/>
      </object_component>
      <object_component id="oc-289">
         <name>.debug_info</name>
         <load_address>0x1f176</load_address>
         <run_address>0x1f176</run_address>
         <size>0x12e</size>
         <input_file_ref idref="fl-e4"/>
      </object_component>
      <object_component id="oc-264">
         <name>.debug_info</name>
         <load_address>0x1f2a4</load_address>
         <run_address>0x1f2a4</run_address>
         <size>0x144</size>
         <input_file_ref idref="fl-e5"/>
      </object_component>
      <object_component id="oc-1c2">
         <name>.debug_info</name>
         <load_address>0x1f3e8</load_address>
         <run_address>0x1f3e8</run_address>
         <size>0x102</size>
         <input_file_ref idref="fl-e5"/>
      </object_component>
      <object_component id="oc-23e">
         <name>.debug_info</name>
         <load_address>0x1f4ea</load_address>
         <run_address>0x1f4ea</run_address>
         <size>0x18f</size>
         <input_file_ref idref="fl-e5"/>
      </object_component>
      <object_component id="oc-81">
         <name>.debug_info</name>
         <load_address>0x1f679</load_address>
         <run_address>0x1f679</run_address>
         <size>0x3b2</size>
         <input_file_ref idref="fl-e6"/>
      </object_component>
      <object_component id="oc-2a">
         <name>.debug_info</name>
         <load_address>0x1fa2b</load_address>
         <run_address>0x1fa2b</run_address>
         <size>0x10c</size>
         <input_file_ref idref="fl-e6"/>
      </object_component>
      <object_component id="oc-39f">
         <name>.debug_info</name>
         <load_address>0x1fb37</load_address>
         <run_address>0x1fb37</run_address>
         <size>0x13f</size>
         <input_file_ref idref="fl-e6"/>
      </object_component>
      <object_component id="oc-250">
         <name>.debug_info</name>
         <load_address>0x1fc76</load_address>
         <run_address>0x1fc76</run_address>
         <size>0x168</size>
         <input_file_ref idref="fl-e6"/>
      </object_component>
      <object_component id="oc-30e">
         <name>.debug_info</name>
         <load_address>0x1fdde</load_address>
         <run_address>0x1fdde</run_address>
         <size>0x18e</size>
         <input_file_ref idref="fl-e6"/>
      </object_component>
      <object_component id="oc-314">
         <name>.debug_info</name>
         <load_address>0x1ff6c</load_address>
         <run_address>0x1ff6c</run_address>
         <size>0x19f</size>
         <input_file_ref idref="fl-e6"/>
      </object_component>
      <object_component id="oc-24a">
         <name>.debug_info</name>
         <load_address>0x2010b</load_address>
         <run_address>0x2010b</run_address>
         <size>0x203</size>
         <input_file_ref idref="fl-e6"/>
      </object_component>
      <object_component id="oc-3a4">
         <name>.debug_info</name>
         <load_address>0x2030e</load_address>
         <run_address>0x2030e</run_address>
         <size>0x1db</size>
         <input_file_ref idref="fl-e6"/>
      </object_component>
      <object_component id="oc-31b">
         <name>.debug_info</name>
         <load_address>0x204e9</load_address>
         <run_address>0x204e9</run_address>
         <size>0x299</size>
         <input_file_ref idref="fl-e6"/>
      </object_component>
      <object_component id="oc-f5">
         <name>.debug_info</name>
         <load_address>0x20782</load_address>
         <run_address>0x20782</run_address>
         <size>0xb2</size>
         <input_file_ref idref="fl-e6"/>
      </object_component>
      <object_component id="oc-2d">
         <name>.debug_info</name>
         <load_address>0x20834</load_address>
         <run_address>0x20834</run_address>
         <size>0x10b</size>
         <input_file_ref idref="fl-e7"/>
      </object_component>
      <object_component id="oc-59">
         <name>.debug_info</name>
         <load_address>0x2093f</load_address>
         <run_address>0x2093f</run_address>
         <size>0x1a9</size>
         <input_file_ref idref="fl-e7"/>
      </object_component>
      <object_component id="oc-38f">
         <name>.debug_info</name>
         <load_address>0x20ae8</load_address>
         <run_address>0x20ae8</run_address>
         <size>0x402</size>
         <input_file_ref idref="fl-e8"/>
      </object_component>
      <object_component id="oc-2e9">
         <name>.debug_info</name>
         <load_address>0x20eea</load_address>
         <run_address>0x20eea</run_address>
         <size>0x245</size>
         <input_file_ref idref="fl-e8"/>
      </object_component>
      <object_component id="oc-37f">
         <name>.debug_info</name>
         <load_address>0x2112f</load_address>
         <run_address>0x2112f</run_address>
         <size>0x120</size>
         <input_file_ref idref="fl-e8"/>
      </object_component>
      <object_component id="oc-235">
         <name>.debug_info</name>
         <load_address>0x2124f</load_address>
         <run_address>0x2124f</run_address>
         <size>0x445</size>
         <input_file_ref idref="fl-e9"/>
      </object_component>
      <object_component id="oc-1ac">
         <name>.debug_info</name>
         <load_address>0x21694</load_address>
         <run_address>0x21694</run_address>
         <size>0x2db</size>
         <input_file_ref idref="fl-e9"/>
      </object_component>
      <object_component id="oc-2e3">
         <name>.debug_info</name>
         <load_address>0x2196f</load_address>
         <run_address>0x2196f</run_address>
         <size>0xea</size>
         <input_file_ref idref="fl-e9"/>
      </object_component>
      <object_component id="oc-2de">
         <name>.debug_info</name>
         <load_address>0x21a59</load_address>
         <run_address>0x21a59</run_address>
         <size>0x2c</size>
         <input_file_ref idref="fl-e9"/>
      </object_component>
      <object_component id="oc-30c">
         <name>.debug_info</name>
         <load_address>0x21a85</load_address>
         <run_address>0x21a85</run_address>
         <size>0x3a5</size>
         <input_file_ref idref="fl-ea"/>
      </object_component>
      <object_component id="oc-245">
         <name>.debug_info</name>
         <load_address>0x21e2a</load_address>
         <run_address>0x21e2a</run_address>
         <size>0x1f3</size>
         <input_file_ref idref="fl-ea"/>
      </object_component>
      <object_component id="oc-397">
         <name>.debug_info</name>
         <load_address>0x2201d</load_address>
         <run_address>0x2201d</run_address>
         <size>0x347</size>
         <input_file_ref idref="fl-eb"/>
      </object_component>
      <object_component id="oc-2f9">
         <name>.debug_info</name>
         <load_address>0x22364</load_address>
         <run_address>0x22364</run_address>
         <size>0x18a</size>
         <input_file_ref idref="fl-eb"/>
      </object_component>
      <object_component id="oc-2ac">
         <name>.debug_info</name>
         <load_address>0x224ee</load_address>
         <run_address>0x224ee</run_address>
         <size>0x42c</size>
         <input_file_ref idref="fl-ec"/>
      </object_component>
      <object_component id="oc-225">
         <name>.debug_info</name>
         <load_address>0x2291a</load_address>
         <run_address>0x2291a</run_address>
         <size>0x192</size>
         <input_file_ref idref="fl-ec"/>
      </object_component>
      <object_component id="oc-385">
         <name>.debug_info</name>
         <load_address>0x22aac</load_address>
         <run_address>0x22aac</run_address>
         <size>0x1eb</size>
         <input_file_ref idref="fl-ec"/>
      </object_component>
      <object_component id="oc-3b">
         <name>.debug_info</name>
         <load_address>0x22c97</load_address>
         <run_address>0x22c97</run_address>
         <size>0x119</size>
         <input_file_ref idref="fl-ed"/>
      </object_component>
      <object_component id="oc-1ed">
         <name>.debug_info</name>
         <load_address>0x22db0</load_address>
         <run_address>0x22db0</run_address>
         <size>0x4b3</size>
         <input_file_ref idref="fl-ee"/>
      </object_component>
      <object_component id="oc-129">
         <name>.debug_info</name>
         <load_address>0x23263</load_address>
         <run_address>0x23263</run_address>
         <size>0x1a6</size>
         <input_file_ref idref="fl-ee"/>
      </object_component>
      <object_component id="oc-294">
         <name>.debug_info</name>
         <load_address>0x23409</load_address>
         <run_address>0x23409</run_address>
         <size>0x39</size>
         <input_file_ref idref="fl-ee"/>
      </object_component>
      <object_component id="oc-343">
         <name>.debug_info</name>
         <load_address>0x23442</load_address>
         <run_address>0x23442</run_address>
         <size>0x39</size>
         <input_file_ref idref="fl-ee"/>
      </object_component>
      <object_component id="oc-299">
         <name>.debug_info</name>
         <load_address>0x2347b</load_address>
         <run_address>0x2347b</run_address>
         <size>0x39</size>
         <input_file_ref idref="fl-ee"/>
      </object_component>
      <object_component id="oc-29e">
         <name>.debug_info</name>
         <load_address>0x234b4</load_address>
         <run_address>0x234b4</run_address>
         <size>0xcd</size>
         <input_file_ref idref="fl-ee"/>
      </object_component>
      <object_component id="oc-a1">
         <name>.debug_info</name>
         <load_address>0x23581</load_address>
         <run_address>0x23581</run_address>
         <size>0x153</size>
         <input_file_ref idref="fl-ef"/>
      </object_component>
      <object_component id="oc-3e9">
         <name>.debug_info</name>
         <load_address>0x236d4</load_address>
         <run_address>0x236d4</run_address>
         <size>0x29a</size>
         <input_file_ref idref="fl-f2"/>
      </object_component>
      <object_component id="oc-3cb">
         <name>.debug_info</name>
         <load_address>0x2396e</load_address>
         <run_address>0x2396e</run_address>
         <size>0x262</size>
         <input_file_ref idref="fl-f2"/>
      </object_component>
      <object_component id="oc-350">
         <name>.debug_info</name>
         <load_address>0x23bd0</load_address>
         <run_address>0x23bd0</run_address>
         <size>0x28a</size>
         <input_file_ref idref="fl-f3"/>
      </object_component>
      <object_component id="oc-2a6">
         <name>.debug_info</name>
         <load_address>0x23e5a</load_address>
         <run_address>0x23e5a</run_address>
         <size>0x273</size>
         <input_file_ref idref="fl-f3"/>
      </object_component>
      <object_component id="oc-2ae">
         <name>.debug_info</name>
         <load_address>0x240cd</load_address>
         <run_address>0x240cd</run_address>
         <size>0x2af</size>
         <input_file_ref idref="fl-f4"/>
      </object_component>
      <object_component id="oc-22d">
         <name>.debug_info</name>
         <load_address>0x2437c</load_address>
         <run_address>0x2437c</run_address>
         <size>0x277</size>
         <input_file_ref idref="fl-f4"/>
      </object_component>
      <object_component id="oc-3d6">
         <name>.debug_info</name>
         <load_address>0x245f3</load_address>
         <run_address>0x245f3</run_address>
         <size>0x397</size>
         <input_file_ref idref="fl-f5"/>
      </object_component>
      <object_component id="oc-393">
         <name>.debug_info</name>
         <load_address>0x2498a</load_address>
         <run_address>0x2498a</run_address>
         <size>0x18f</size>
         <input_file_ref idref="fl-f5"/>
      </object_component>
      <object_component id="oc-2db">
         <name>.debug_info</name>
         <load_address>0x24b19</load_address>
         <run_address>0x24b19</run_address>
         <size>0x337</size>
         <input_file_ref idref="fl-f6"/>
      </object_component>
      <object_component id="oc-232">
         <name>.debug_info</name>
         <load_address>0x24e50</load_address>
         <run_address>0x24e50</run_address>
         <size>0x109</size>
         <input_file_ref idref="fl-f6"/>
      </object_component>
      <object_component id="oc-38c">
         <name>.debug_info</name>
         <load_address>0x24f59</load_address>
         <run_address>0x24f59</run_address>
         <size>0x109</size>
         <input_file_ref idref="fl-f6"/>
      </object_component>
      <object_component id="oc-399">
         <name>.debug_info</name>
         <load_address>0x25062</load_address>
         <run_address>0x25062</run_address>
         <size>0x3cf</size>
         <input_file_ref idref="fl-f8"/>
      </object_component>
      <object_component id="oc-2ff">
         <name>.debug_info</name>
         <load_address>0x25431</load_address>
         <run_address>0x25431</run_address>
         <size>0x195</size>
         <input_file_ref idref="fl-f8"/>
      </object_component>
      <object_component id="oc-39b">
         <name>.debug_info</name>
         <load_address>0x255c6</load_address>
         <run_address>0x255c6</run_address>
         <size>0x3d1</size>
         <input_file_ref idref="fl-f9"/>
      </object_component>
      <object_component id="oc-305">
         <name>.debug_info</name>
         <load_address>0x25997</load_address>
         <run_address>0x25997</run_address>
         <size>0x1a5</size>
         <input_file_ref idref="fl-f9"/>
      </object_component>
      <object_component id="oc-36c">
         <name>.debug_info</name>
         <load_address>0x25b3c</load_address>
         <run_address>0x25b3c</run_address>
         <size>0x373</size>
         <input_file_ref idref="fl-fa"/>
      </object_component>
      <object_component id="oc-2b9">
         <name>.debug_info</name>
         <load_address>0x25eaf</load_address>
         <run_address>0x25eaf</run_address>
         <size>0x1bc</size>
         <input_file_ref idref="fl-fa"/>
      </object_component>
      <object_component id="oc-372">
         <name>.debug_info</name>
         <load_address>0x2606b</load_address>
         <run_address>0x2606b</run_address>
         <size>0x378</size>
         <input_file_ref idref="fl-fb"/>
      </object_component>
      <object_component id="oc-2c9">
         <name>.debug_info</name>
         <load_address>0x263e3</load_address>
         <run_address>0x263e3</run_address>
         <size>0x210</size>
         <input_file_ref idref="fl-fb"/>
      </object_component>
      <object_component id="oc-368">
         <name>.debug_info</name>
         <load_address>0x265f3</load_address>
         <run_address>0x265f3</run_address>
         <size>0x3a3</size>
[...]
         <value>0x2e63</value>
         <object_component_ref idref="oc-bf"/>
      </symbol>
      <symbol id="sm-7f4">
         <name>Timer_A_configureUpMode</name>
         <value>0x2ca7</value>
         <object_component_ref idref="oc-bf"/>
      </symbol>
      <symbol id="sm-7f5">
         <name>Timer_A_getEnabledInterruptStatus</name>
         <value>0x30c5</value>
         <object_component_ref idref="oc-bf"/>
      </symbol>
      <symbol id="sm-7f6">
         <name>Timer_A_disableInterrupt</name>
         <value>0x3023</value>
         <object_component_ref idref="oc-bf"/>
      </symbol>
      <symbol id="sm-7f7">
         <name>Timer_A_configureContinuousMode</name>
         <value>0x2c77</value>
         <object_component_ref idref="oc-bf"/>
      </symbol>
      <symbol id="sm-7f8">
         <name>Timer_A_getCaptureCompareEnabledInterruptStatus</name>
         <value>0x30dd</value>
         <object_component_ref idref="oc-bf"/>
      </symbol>
      <symbol id="sm-7f9">
         <name>Timer_A_getInterruptStatus</name>
         <value>0x3037</value>
         <object_component_ref idref="oc-bf"/>
      </symbol>
      <symbol id="sm-7fa">
         <name>Timer_A_enableInterrupt</name>
         <value>0x300f</value>
         <object_component_ref idref="oc-bf"/>
      </symbol>
      <symbol id="sm-7fb">
         <name>Timer_A_unregisterInterrupt</name>
         <value>0x31eb</value>
         <object_component_ref idref="oc-bf"/>
      </symbol>
      <symbol id="sm-813">
         <name>WDT_A_setTimeoutReset</name>
         <value>0x5345</value>
         <object_component_ref idref="oc-266"/>
      </symbol>
      <symbol id="sm-814">
         <name>WDT_A_registerInterrupt</name>
         <value>0x5351</value>
         <object_component_ref idref="oc-266"/>
      </symbol>
      <symbol id="sm-815">
         <name>WDT_A_setPasswordViolationReset</name>
         <value>0x5339</value>
         <object_component_ref idref="oc-266"/>
      </symbol>
      <symbol id="sm-816">
         <name>WDT_A_initIntervalTimer</name>
         <value>0x531d</value>
         <object_component_ref idref="oc-266"/>
      </symbol>
      <symbol id="sm-817">
         <name>WDT_A_clearTimer</name>
         <value>0x52e1</value>
         <object_component_ref idref="oc-266"/>
      </symbol>
      <symbol id="sm-818">
         <name>WDT_A_holdTimer</name>
         <value>0x52a1</value>
         <object_component_ref idref="oc-266"/>
      </symbol>
      <symbol id="sm-819">
         <name>WDT_A_initWatchdogTimer</name>
         <value>0x5301</value>
         <object_component_ref idref="oc-266"/>
      </symbol>
      <symbol id="sm-81a">
         <name>WDT_A_startTimer</name>
         <value>0x52c1</value>
         <object_component_ref idref="oc-266"/>
      </symbol>
      <symbol id="sm-81b">
         <name>WDT_A_unregisterInterrupt</name>
         <value>0x5365</value>
         <object_component_ref idref="oc-266"/>
      </symbol>
      <symbol id="sm-877">
         <name>__TI_cleanup</name>
         <value>0x5de9</value>
         <object_component_ref idref="oc-255"/>
      </symbol>
      <symbol id="sm-878">
         <name>freopen</name>
         <value>0x5e85</value>
         <object_component_ref idref="oc-1b5"/>
      </symbol>
      <symbol id="sm-879">
         <name>fopen</name>
         <value>0x559d</value>
         <object_component_ref idref="oc-1af"/>
      </symbol>
      <symbol id="sm-89a">
         <name>setvbuf</name>
         <value>0x51c5</value>
         <object_component_ref idref="oc-1bb"/>
      </symbol>
      <symbol id="sm-8a9">
         <name>__aeabi_memset</name>
         <value>0x56d7</value>
         <object_component_ref idref="oc-9a"/>
      </symbol>
      <symbol id="sm-8aa">
         <name>memset</name>
         <value>0x56dd</value>
         <object_component_ref idref="oc-9a"/>
      </symbol>
      <symbol id="sm-8ab">
         <name>__aeabi_memset8</name>
         <value>0x56d7</value>
         <object_component_ref idref="oc-9a"/>
      </symbol>
      <symbol id="sm-8ac">
         <name>__aeabi_memset4</name>
         <value>0x56d7</value>
         <object_component_ref idref="oc-9a"/>
      </symbol>
      <symbol id="sm-8ad">
         <name>__aeabi_memclr8</name>
         <value>0x56d5</value>
         <object_component_ref idref="oc-9a"/>
      </symbol>
      <symbol id="sm-8ae">
         <name>__aeabi_memclr4</name>
         <value>0x56d5</value>
         <object_component_ref idref="oc-9a"/>
      </symbol>
      <symbol id="sm-8af">
         <name>__aeabi_memclr</name>
         <value>0x56d5</value>
         <object_component_ref idref="oc-9a"/>
      </symbol>
      <symbol id="sm-8c8">
         <name>__TI_zero_init_nomemset</name>
         <value>0x5f65</value>
         <object_component_ref idref="oc-46"/>
      </symbol>
      <symbol id="sm-8df">
         <name>__TI_decompress_none</name>
         <value>0x5ff3</value>
         <object_component_ref idref="oc-1d"/>
      </symbol>
      <symbol id="sm-902">
         <name>__TI_decompress_lzss</name>
         <value>0x5909</value>
         <object_component_ref idref="oc-17"/>
      </symbol>
      <symbol id="sm-928">
         <name>C$$EXIT</name>
         <value>0x601b</value>
         <object_component_ref idref="oc-11a"/>
      </symbol>
      <symbol id="sm-929">
         <name>abort</name>
         <value>0x601b</value>
         <object_component_ref idref="oc-11a"/>
      </symbol>
      <symbol id="sm-92a">
         <name>__TI_dtors_ptr</name>
         <value>0x2000070c</value>
         <object_component_ref idref="oc-1e3"/>
      </symbol>
      <symbol id="sm-92b">
         <name>__TI_cleanup_ptr</name>
         <value>0x20000708</value>
         <object_component_ref idref="oc-1e3"/>
      </symbol>
      <symbol id="sm-92c">
         <name>__TI_enable_exit_profile_output</name>
         <value>0x20000710</value>
         <object_component_ref idref="oc-1e3"/>
      </symbol>
      <symbol id="sm-92d">
         <name>exit</name>
         <value>0x5be1</value>
         <object_component_ref idref="oc-120"/>
      </symbol>
      <symbol id="sm-942">
         <name>_nop</name>
         <value>0x50df</value>
         <object_component_ref idref="oc-286"/>
      </symbol>
      <symbol id="sm-943">
         <name>_lock</name>
         <value>0x20000714</value>
         <object_component_ref idref="oc-1e6"/>
      </symbol>
      <symbol id="sm-944">
         <name>_unlock</name>
         <value>0x20000718</value>
         <object_component_ref idref="oc-1e6"/>
      </symbol>
      <symbol id="sm-959">
         <name>__TI_tmpnams</name>
         <value>0x20000854</value>
      </symbol>
      <symbol id="sm-95a">
         <name>__aeabi_stdout</name>
         <value>0x20000700</value>
         <object_component_ref idref="oc-23d"/>
      </symbol>
      <symbol id="sm-95b">
         <name>__aeabi_stderr</name>
         <value>0x20000704</value>
         <object_component_ref idref="oc-23d"/>
      </symbol>
      <symbol id="sm-95c">
         <name>__aeabi_stdin</name>
         <value>0x200006fc</value>
         <object_component_ref idref="oc-23d"/>
      </symbol>
      <symbol id="sm-95d">
         <name>_ftable</name>
         <value>0x200004e8</value>
         <object_component_ref idref="oc-1c1"/>
      </symbol>
      <symbol id="sm-95e">
         <name>__TI_ft_end</name>
         <value>0x200006f8</value>
         <object_component_ref idref="oc-23d"/>
      </symbol>
      <symbol id="sm-9e2">
         <name>_sys_memory</name>
         <value>0x200000e8</value>
         <object_component_ref idref="oc-29"/>
      </symbol>
      <symbol id="sm-9e3">
         <name>free</name>
         <value>0x50e1</value>
         <object_component_ref idref="oc-249"/>
      </symbol>
      <symbol id="sm-9e4">
         <name>memalign</name>
         <value>0x4eed</value>
         <object_component_ref idref="oc-31a"/>
      </symbol>
      <symbol id="sm-9e5">
         <name>malloc</name>
         <value>0x600f</value>
         <object_component_ref idref="oc-24f"/>
      </symbol>
      <symbol id="sm-9e6">
         <name>aligned_alloc</name>
         <value>0x4eed</value>
         <object_component_ref idref="oc-31a"/>
      </symbol>
      <symbol id="sm-9f9">
         <name>__stack</name>
         <value>0x2000fe00</value>
         <object_component_ref idref="oc-2c"/>
      </symbol>
      <symbol id="sm-9fa">
         <name>_c_int00_noargs</name>
         <value>0x5e51</value>
         <object_component_ref idref="oc-58"/>
      </symbol>
      <symbol id="sm-a1c">
         <name>open</name>
         <value>0x5379</value>
         <object_component_ref idref="oc-2e8"/>
      </symbol>
      <symbol id="sm-a41">
         <name>add_device</name>
         <value>0x5435</value>
         <object_component_ref idref="oc-1a9"/>
      </symbol>
      <symbol id="sm-a56">
         <name>__TI_closefile</name>
         <value>0x5751</value>
         <object_component_ref idref="oc-242"/>
      </symbol>
      <symbol id="sm-a66">
         <name>__TI_doflush</name>
         <value>0x5b95</value>
         <object_component_ref idref="oc-2f8"/>
      </symbol>
      <symbol id="sm-a84">
         <name>finddevice</name>
         <value>0x5eb9</value>
         <object_component_ref idref="oc-224"/>
      </symbol>
      <symbol id="sm-a85">
         <name>getdevice</name>
         <value>0x5cf5</value>
         <object_component_ref idref="oc-384"/>
      </symbol>
      <symbol id="sm-aa0">
         <name>memcpy</name>
         <value>0x5639</value>
         <object_component_ref idref="oc-3a"/>
      </symbol>
      <symbol id="sm-aa1">
         <name>__aeabi_memcpy</name>
         <value>0x5639</value>
         <object_component_ref idref="oc-3a"/>
      </symbol>
      <symbol id="sm-aa2">
         <name>__aeabi_memcpy8</name>
         <value>0x5639</value>
         <object_component_ref idref="oc-3a"/>
      </symbol>
      <symbol id="sm-aa3">
         <name>__aeabi_memcpy4</name>
         <value>0x5639</value>
         <object_component_ref idref="oc-3a"/>
      </symbol>
      <symbol id="sm-acb">
         <name>__TI_auto_init_nobinit_nopinit</name>
         <value>0x5cb1</value>
         <object_component_ref idref="oc-126"/>
      </symbol>
      <symbol id="sm-ad5">
         <name>_system_pre_init</name>
         <value>0x6017</value>
         <object_component_ref idref="oc-a0"/>
      </symbol>
      <symbol id="sm-ae7">
         <name>strchr</name>
         <value>0x5fb5</value>
         <object_component_ref idref="oc-3ca"/>
      </symbol>
      <symbol id="sm-af6">
         <name>strcmp</name>
         <value>0x5f9d</value>
         <object_component_ref idref="oc-2a5"/>
      </symbol>
      <symbol id="sm-b06">
         <name>strncpy</name>
         <value>0x5db1</value>
         <object_component_ref idref="oc-22a"/>
      </symbol>
      <symbol id="sm-b16">
         <name>write</name>
         <value>0x5f3d</value>
         <object_component_ref idref="oc-390"/>
      </symbol>
      <symbol id="sm-b27">
         <name>_stream</name>
         <value>0x20000650</value>
         <object_component_ref idref="oc-38b"/>
      </symbol>
      <symbol id="sm-b28">
         <name>_device</name>
         <value>0x200005d8</value>
         <object_component_ref idref="oc-231"/>
      </symbol>
      <symbol id="sm-b3d">
         <name>close</name>
         <value>0x5a31</value>
         <object_component_ref idref="oc-2fe"/>
      </symbol>
      <symbol id="sm-b4d">
         <name>unlink</name>
         <value>0x5ee9</value>
         <object_component_ref idref="oc-304"/>
      </symbol>
      <symbol id="sm-b5e">
         <name>HOSTclose</name>
         <value>0x5c29</value>
         <object_component_ref idref="oc-2b5"/>
      </symbol>
      <symbol id="sm-b6f">
         <name>HOSTlseek</name>
         <value>0x58a1</value>
         <object_component_ref idref="oc-2c7"/>
      </symbol>
      <symbol id="sm-b81">
         <name>parmbuf</name>
         <value>0x20000904</value>
      </symbol>
      <symbol id="sm-b82">
         <name>HOSTopen</name>
         <value>0x5971</value>
         <object_component_ref idref="oc-2af"/>
      </symbol>
      <symbol id="sm-b93">
         <name>HOSTread</name>
         <value>0x5a8d</value>
         <object_component_ref idref="oc-2bb"/>
      </symbol>
      <symbol id="sm-ba4">
         <name>HOSTrename</name>
         <value>0x5835</value>
         <object_component_ref idref="oc-2d3"/>
      </symbol>
      <symbol id="sm-bb5">
         <name>HOSTunlink</name>
         <value>0x5c6d</value>
         <object_component_ref idref="oc-2cd"/>
      </symbol>
      <symbol id="sm-bc6">
         <name>HOSTwrite</name>
         <value>0x5ae5</value>
         <object_component_ref idref="oc-2c1"/>
      </symbol>
      <symbol id="sm-bea">
         <name>__TI_readmsg</name>
         <value>0x5e1d</value>
         <object_component_ref idref="oc-361"/>
      </symbol>
      <symbol id="sm-beb">
         <name>C$$IO$$</name>
         <value>0x5da7</value>
         <object_component_ref idref="oc-35b"/>
      </symbol>
      <symbol id="sm-bec">
         <name>__CIOBUF_</name>
         <value>0x20000734</value>
         <object_component_ref idref="oc-3b4"/>
      </symbol>
      <symbol id="sm-bed">
         <name>__TI_writemsg</name>
         <value>0x5d79</value>
         <object_component_ref idref="oc-35b"/>
      </symbol>
      <symbol id="sm-bfb">
         <name>strcpy</name>
         <value>0x5fcb</value>
         <object_component_ref idref="oc-375"/>
      </symbol>
      <symbol id="sm-c09">
         <name>strlen</name>
         <value>0x5fdf</value>
         <object_component_ref idref="oc-355"/>
      </symbol>
      <symbol id="sm-c0a">
         <name>__TI_static_base__</name>
         <value>0x0</value>
      </symbol>
      <symbol id="sm-c0d">
         <name>__mpu_init</name>
         <value>0x0</value>
      </symbol>
      <symbol id="sm-c0e">
         <name>_system_post_cinit</name>
         <value>0x0</value>
      </symbol>
      <symbol id="sm-c0f">
         <name>NMI_Handler</name>
         <value>0x600d</value>
      </symbol>
      <symbol id="sm-c10">
         <name>HardFault_Handler</name>
         <value>0x600d</value>
      </symbol>
      <symbol id="sm-c11">
         <name>MemManage_Handler</name>
         <value>0x600d</value>
      </symbol>
      <symbol id="sm-c12">
         <name>BusFault_Handler</name>
         <value>0x600d</value>
      </symbol>
      <symbol id="sm-c13">
         <name>UsageFault_Handler</name>
         <value>0x600d</value>
      </symbol>
      <symbol id="sm-c14">
         <name>SVC_Handler</name>
         <value>0x600d</value>
      </symbol>
      <symbol id="sm-c15">
         <name>DebugMon_Handler</name>
         <value>0x600d</value>
      </symbol>
      <symbol id="sm-c16">
         <name>PendSV_Handler</name>
         <value>0x600d</value>
      </symbol>
      <symbol id="sm-c17">
         <name>SysTick_Handler</name>
         <value>0x600d</value>
      </symbol>
      <symbol id="sm-c18">
         <name>PSS_IRQHandler</name>
         <value>0x600d</value>
      </symbol>
      <symbol id="sm-c19">
         <name>CS_IRQHandler</name>
         <value>0x600d</value>
      </symbol>
      <symbol id="sm-c1a">
         <name>PCM_IRQHandler</name>
         <value>0x600d</value>
      </symbol>
      <symbol id="sm-c1b">
         <name>WDT_A_IRQHandler</name>
         <value>0x600d</value>
      </symbol>
      <symbol id="sm-c1c">
         <name>FPU_IRQHandler</name>
         <value>0x600d</value>
      </symbol>
      <symbol id="sm-c1d">
         <name>FLCTL_IRQHandler</name>
         <value>0x600d</value>
      </symbol>
      <symbol id="sm-c1e">
         <name>COMP_E0_IRQHandler</name>
         <value>0x600d</value>
      </symbol>
      <symbol id="sm-c1f">
         <name>COMP_E1_IRQHandler</name>
         <value>0x600d</value>
      </symbol>
      <symbol id="sm-c20">
         <name>TA0_0_IRQHandler</name>
         <value>0x600d</value>
      </symbol>
      <symbol id="sm-c21">
         <name>TA0_N_IRQHandler</name>
         <value>0x600d</value>
      </symbol>
      <symbol id="sm-c22">
         <name>TA1_0_IRQHandler</name>
         <value>0x5a0f</value>
      </symbol>
      <symbol id="sm-c23">
         <name>TA1_N_IRQHandler</name>
         <value>0x600d</value>
      </symbol>
      <symbol id="sm-c24">
         <name>TA2_0_IRQHandler</name>
         <value>0x600d</value>
      </symbol>
      <symbol id="sm-c25">
         <name>TA2_N_IRQHandler</name>
         <value>0x600d</value>
      </symbol>
      <symbol id="sm-c26">
         <name>TA3_0_IRQHandler</name>
         <value>0x600d</value>
      </symbol>
      <symbol id="sm-c27">
         <name>TA3_N_IRQHandler</name>
         <value>0x600d</value>
      </symbol>
      <symbol id="sm-c28">
         <name>EUSCIA0_IRQHandler</name>
         <value>0x600d</value>
      </symbol>
      <symbol id="sm-c29">
         <name>EUSCIA1_IRQHandler</name>
         <value>0x600d</value>
      </symbol>
      <symbol id="sm-c2a">
         <name>EUSCIA2_IRQHandler</name>
         <value>0x600d</value>
      </symbol>
      <symbol id="sm-c2b">
         <name>EUSCIA3_IRQHandler</name>
         <value>0x600d</value>
      </symbol>
      <symbol id="sm-c2c">
         <name>EUSCIB0_IRQHandler</name>
         <value>0x600d</value>
      </symbol>
      <symbol id="sm-c2d">
         <name>EUSCIB1_IRQHandler</name>
         <value>0x600d</value>
      </symbol>
      <symbol id="sm-c2e">
         <name>EUSCIB2_IRQHandler</name>
         <value>0x600d</value>
      </symbol>
      <symbol id="sm-c2f">
         <name>EUSCIB3_IRQHandler</name>
         <value>0x600d</value>
      </symbol>
      <symbol id="sm-c30">
         <name>ADC14_IRQHandler</name>
         <value>0x600d</value>
      </symbol>
      <symbol id="sm-c31">
         <name>T32_INT1_IRQHandler</name>
         <value>0x600d</value>
      </symbol>
      <symbol id="sm-c32">
         <name>T32_INT2_IRQHandler</name>
         <value>0x600d</value>
      </symbol>
      <symbol id="sm-c33">
         <name>T32_INTC_IRQHandler</name>
         <value>0x600d</value>
      </symbol>
      <symbol id="sm-c34">
         <name>AES256_IRQHandler</name>
         <value>0x600d</value>
      </symbol>
      <symbol id="sm-c35">
         <name>RTC_C_IRQHandler</name>
         <value>0x600d</value>
      </symbol>
      <symbol id="sm-c36">
         <name>DMA_ERR_IRQHandler</name>
         <value>0x600d</value>
      </symbol>
      <symbol id="sm-c37">
         <name>DMA_INT3_IRQHandler</name>
         <value>0x600d</value>
      </symbol>
      <symbol id="sm-c38">
         <name>DMA_INT2_IRQHandler</name>
         <value>0x600d</value>
      </symbol>
      <symbol id="sm-c39">
         <name>DMA_INT1_IRQHandler</name>
         <value>0x600d</value>
      </symbol>
      <symbol id="sm-c3a">
         <name>DMA_INT0_IRQHandler</name>
         <value>0x600d</value>
      </symbol>
      <symbol id="sm-c3b">
         <name>PORT1_IRQHandler</name>
         <value>0x600d</value>
      </symbol>
      <symbol id="sm-c3c">
         <name>PORT2_IRQHandler</name>
         <value>0x600d</value>
      </symbol>
      <symbol id="sm-c3d">
         <name>PORT3_IRQHandler</name>
         <value>0x600d</value>
      </symbol>
      <symbol id="sm-c3e">
         <name>PORT4_IRQHandler</name>
         <value>0x4d57</value>
      </symbol>
      <symbol id="sm-c3f">
         <name>PORT5_IRQHandler</name>
         <value>0x600d</value>
      </symbol>
      <symbol id="sm-c40">
         <name>PORT6_IRQHandler</name>
         <value>0x600d</value>
      </symbol>
      <symbol id="sm-c41">
         <name>remove</name>
         <value>0x5ee9</value>
      </symbol>
   </symbol_table>
   <title>Link successful</title>
</link_info>
