******************************************************************************
                  TI ARM Linker PC v20.2.5                     
******************************************************************************
>> Linked Fri Mar  4 11:21:51 2022

OUTPUT FILE NAME:   <TimerInterrupt.out>
ENTRY POINT SYMBOL: "_c_int00_noargs"  address: 00005e51


MEMORY CONFIGURATION

         name            origin    length      used     unused   attr    fill
----------------------  --------  ---------  --------  --------  ----  --------
  MAIN                  00000000   00040000  000061e2  00039e1e  R  X
  INFO                  00200000   00004000  00000000  00004000  R  X
  SRAM_CODE             01000000   00010000  00000b1c  0000f4e4  RW X
  SRAM_DATA             20000000   00010000  00000b1c  0000f4e4  RW  


SEGMENT ALLOCATION MAP

run origin  load origin   length   init length attrs members
----------  ----------- ---------- ----------- ----- -------
00000000    00000000    000061e8   000061e8    r-x
  00000000    00000000    000000e4   000000e4    r-- .intvecs
  000000e4    000000e4    00005f3a   00005f3a    r-x .text
  00006020    00006020    000000dc   000000dc    r-- .const
  00006100    00006100    000000e8   000000e8    r-- .cinit
20000000    20000000    0000091c   00000000    rw-
  20000000    20000000    000000e8   00000000    rw- .vtable
  200000e8    200000e8    00000400   00000000    rw- .sysmem
  200004e8    200004e8    0000024c   00000000    rw- .data
  20000734    20000734    000001e8   00000000    rw- .bss
2000fe00    2000fe00    00000200   00000000    rw-
  2000fe00    2000fe00    00000200   00000000    rw- .stack


SECTION ALLOCATION MAP

 output                                  attributes/
section   page    origin      length       input sections
--------  ----  ----------  ----------   ----------------
.intvecs   0    00000000    000000e4     
                  00000000    000000e4     startup_msp432p401r_ccs.obj (.intvecs:retain)

.text      0    000000e4    00005f3a     
                  000000e4    000015a8     flash.obj (.text)
                  0000168c    00000c5c     cs.obj (.text)
                  000022e8    00000834     pcm.obj (.text)
                  00002b1c    00000798     timer_a.obj (.text)
                  000032b4    000006bc     UART0.obj (.text)
                  00003970    00000554     rtc_c.obj (.text)
                  00003ec4    00000480     gpio.obj (.text)
                  00004344    0000040c     interrupt.obj (.text)
                  00004750    00000334     system_msp432p401r.obj (.text)
                  00004a84    00000248     sysctl.obj (.text)
                  00004ccc    00000110     Bump.obj (.text)
                  00004ddc    00000110     rtsv7M4_T_le_v4SPD16_eabi.lib : fopen.c.obj (.text:_openfile)
                  00004eec    00000100                                   : memory.c.obj (.text:aligned_alloc)
                  00004fec    000000f2     LaunchPad.obj (.text)
                  000050de    00000002     rtsv7M4_T_le_v4SPD16_eabi.lib : _lock.c.obj (.text:_nop)
                  000050e0    000000e4                                   : memory.c.obj (.text:free)
                  000051c4    000000dc                                   : setvbuf.c.obj (.text:setvbuf)
                  000052a0    000000d8     wdt_a.obj (.text)
                  00005378    000000bc     rtsv7M4_T_le_v4SPD16_eabi.lib : open.c.obj (.text:open)
                  00005434    000000b8                                   : add_device.c.obj (.text:add_device)
                  000054ec    000000b0     Clock_DL.obj (.text)
                  0000559c    0000009c     rtsv7M4_T_le_v4SPD16_eabi.lib : fopen.c.obj (.text:fopen)
                  00005638    0000009c                                   : memcpy_t2.asm.obj (.text)
                  000056d4    0000007a                                   : memset_t2.asm.obj (.text)
                  0000574e    00000002     --HOLE-- [fill = 0]
                  00005750    00000074                                   : fclose.c.obj (.text:__TI_closefile)
                  000057c4    00000070                                   : memory.c.obj (.text:split)
                  00005834    0000006c                                   : hostrename.c.obj (.text:HOSTrename)
                  000058a0    00000068                                   : hostlseek.c.obj (.text:HOSTlseek)
                  00005908    00000068                                   : copy_decompress_lzss.c.obj (.text:decompress:lzss:__TI_decompress_lzss)
                  00005970    00000060                                   : hostopen.c.obj (.text:HOSTopen)
                  000059d0    00000060     TimerA1.obj (.text)
                  00005a30    0000005c     rtsv7M4_T_le_v4SPD16_eabi.lib : close.c.obj (.text:close)
                  00005a8c    00000058                                   : hostread.c.obj (.text:HOSTread)
                  00005ae4    00000058                                   : hostwrite.c.obj (.text:HOSTwrite)
                  00005b3c    00000058     TimerA1Main.obj (.text)
                  00005b94    0000004c     rtsv7M4_T_le_v4SPD16_eabi.lib : fflush.c.obj (.text:__TI_doflush)
                  00005be0    00000048                                   : exit.c.obj (.text:exit)
                  00005c28    00000044                                   : hostclose.c.obj (.text:HOSTclose)
                  00005c6c    00000044                                   : hostunlink.c.obj (.text:HOSTunlink)
                  00005cb0    00000044                                   : autoinit.c.obj (.text:__TI_auto_init_nobinit_nopinit:__TI_auto_init_nobinit_nopinit)
                  00005cf4    00000044                                   : getdevice.c.obj (.text:getdevice)
                  00005d38    0000003e     cpu.obj (.text)
                  00005d76    00000002     --HOLE-- [fill = 0]
                  00005d78    00000038     rtsv7M4_T_le_v4SPD16_eabi.lib : trgmsg.c.obj (.text:__TI_writemsg)
                  00005db0    00000036                                   : strncpy.c.obj (.text:strncpy)
                  00005de6    00000002     --HOLE-- [fill = 0]
                  00005de8    00000034                                   : fopen.c.obj (.text:__TI_cleanup)
                  00005e1c    00000034                                   : trgmsg.c.obj (.text:__TI_readmsg)
                  00005e50    00000034                                   : boot_cortex_m.c.obj (.text:_c_int00_noargs:_c_int00_noargs)
                  00005e84    00000034                                   : fopen.c.obj (.text:freopen)
                  00005eb8    00000030                                   : getdevice.c.obj (.text:finddevice)
                  00005ee8    0000002c                                   : unlink.c.obj (.text:unlink)
                  00005f14    00000028                                   : memory.c.obj (.text:free_list_insert)
                  00005f3c    00000028                                   : write.c.obj (.text:write)
                  00005f64    0000001c                                   : copy_zero_init.c.obj (.text:decompress:ZI:__TI_zero_init_nomemset:__TI_zero_init_nomemset)
                  00005f80    0000001c                                   : memory.c.obj (.text:free_list_remove)
                  00005f9c    00000018                                   : strcmp.c.obj (.text:strcmp)
                  00005fb4    00000016                                   : strchr.c.obj (.text:strchr)
                  00005fca    00000014                                   : strcpy.c.obj (.text:strcpy)
                  00005fde    00000014                                   : strlen.c.obj (.text:strlen)
                  00005ff2    0000000e                                   : copy_decompress_none.c.obj (.text:decompress:none:__TI_decompress_none)
                  00006000    0000000e     startup_msp432p401r_ccs.obj (.text)
                  0000600e    00000008     rtsv7M4_T_le_v4SPD16_eabi.lib : memory.c.obj (.text:malloc)
                  00006016    00000004                                   : pre_init.c.obj (.text:_system_pre_init)
                  0000601a    00000004                                   : exit.c.obj (.text:abort:abort)

.const     0    00006020    000000dc     
                  00006020    00000050     interrupt.obj (.const:g_pulRegs)
                  00006070    00000030     gpio.obj (.const:GPIO_PORT_TO_BASE)
                  000060a0    00000020     interrupt.obj (.const:g_pulPriority)
                  000060c0    0000001c     gpio.obj (.const:GPIO_PORT_TO_INT)
                  000060dc    00000008     interrupt.obj (.const:g_pulDisRegs)
                  000060e4    00000008     interrupt.obj (.const:g_pulEnRegs)
                  000060ec    00000008     interrupt.obj (.const:g_pulPendRegs)
                  000060f4    00000008     interrupt.obj (.const:g_pulUnpendRegs)

.cinit     0    00006100    000000e8     
                  00006100    000000b3     (.cinit..data.load) [load image, compression = lzss]
                  000061b3    00000001     --HOLE-- [fill = 0]
                  000061b4    0000000c     (__TI_handler_table)
                  000061c0    00000008     (.cinit..bss.load) [load image, compression = zero_init]
                  000061c8    00000008     (.cinit..vtable.load) [load image, compression = zero_init]
                  000061d0    00000018     (__TI_cinit_table)

.init_array 
*          0    00000000    00000000     UNINITIALIZED

.binit     0    00000000    00000000     

.vtable    0    20000000    000000e8     UNINITIALIZED
                  20000000    000000e8     interrupt.obj (.vtable)

.sysmem    0    200000e8    00000400     UNINITIALIZED
                  200000e8    00000010     rtsv7M4_T_le_v4SPD16_eabi.lib : memory.c.obj (.sysmem)
                  200000f8    000003f0     --HOLE--

.data      0    200004e8    0000024c     UNINITIALIZED
                  200004e8    000000f0     rtsv7M4_T_le_v4SPD16_eabi.lib : defs.c.obj (.data:_ftable)
                  200005d8    00000078                                   : host_device.c.obj (.data:_device)
                  20000650    00000050                                   : host_device.c.obj (.data:_stream)
                  200006a0    00000040     flash.obj (.data:__getBurstProgramRegs)
                  200006e0    00000018     TimerA1.obj (.data:Config)
                  200006f8    00000010     rtsv7M4_T_le_v4SPD16_eabi.lib : defs.c.obj (.data)
                  20000708    0000000c                                   : exit.c.obj (.data:$O1$$)
                  20000714    00000008                                   : _lock.c.obj (.data:$O1$$)
                  2000071c    00000008                                   : memory.c.obj (.data:$O1$$)
                  20000724    00000004                                   : add_device.c.obj (.data)
                  20000728    00000004                                   : fopen.c.obj (.data)
                  2000072c    00000004                                   : open.c.obj (.data)
                  20000730    00000004     system_msp432p401r.obj (.data)

.bss       0    20000734    000001e8     UNINITIALIZED
                  20000734    00000120     rtsv7M4_T_le_v4SPD16_eabi.lib : trgmsg.c.obj (.bss:_CIOBUF_)
                  20000854    000000a0     (.common:__TI_tmpnams)
                  200008f4    00000008     cs.obj (.bss)
                  200008fc    00000008     (.common:Messageb)
                  20000904    00000008     (.common:parmbuf)
                  2000090c    00000004     (.common:BumpTask)
                  20000910    00000004     (.common:Messageindexb)
                  20000914    00000004     (.common:TimerA1Task)
                  20000918    00000004     (.common:counter)

.stack     0    2000fe00    00000200     UNINITIALIZED
                  2000fe00    00000004     rtsv7M4_T_le_v4SPD16_eabi.lib : boot_cortex_m.c.obj (.stack)
                  2000fe04    000001fc     --HOLE--

__llvm_prf_cnts 
*          0    20000000    00000000     UNINITIALIZED

MODULE SUMMARY

       Module                        code    ro data   rw data
       ------                        ----    -------   -------
    .\
       flash.obj                     5544    0         128    
       cs.obj                        3164    0         16     
       pcm.obj                       2100    0         0      
       timer_a.obj                   1944    0         0      
       UART0.obj                     1724    0         24     
       interrupt.obj                 1036    144       464    
       rtc_c.obj                     1364    0         0      
       gpio.obj                      1152    76        0      
       system_msp432p401r.obj        820     0         8      
       sysctl.obj                    584     0         0      
       Bump.obj                      272     0         8      
       LaunchPad.obj                 242     0         0      
       startup_msp432p401r_ccs.obj   14      228       0      
       wdt_a.obj                     216     0         0      
       Clock_DL.obj                  176     0         0      
       TimerA1.obj                   96      0         56     
       TimerA1Main.obj               88      0         8      
       cpu.obj                       62      0         0      
    +--+-----------------------------+-------+---------+---------+
       Total:                        20598   448       712    
                                                              
    C:\ti\ccs1110\ccs\tools\compiler\ti-cgt-arm_20.2.5.LTS\lib\rtsv7M4_T_le_v4SPD16_eabi.lib
       defs.c.obj                    0       0         832    
       memory.c.obj                  672     0         16     
       trgmsg.c.obj                  108     0         576    
       fopen.c.obj                   532     0         8      
       host_device.c.obj             0       0         400    
       setvbuf.c.obj                 220     0         0      
       open.c.obj                    188     0         8      
       add_device.c.obj              184     0         8      
       memcpy_t2.asm.obj             156     0         0      
       memset_t2.asm.obj             122     0         0      
       fclose.c.obj                  116     0         0      
       getdevice.c.obj               116     0         0      
       hostopen.c.obj                96      0         16     
       hostrename.c.obj              108     0         0      
       copy_decompress_lzss.c.obj    104     0         0      
       hostlseek.c.obj               104     0         0      
       exit.c.obj                    76      0         24     
       close.c.obj                   92      0         0      
       hostread.c.obj                88      0         0      
       hostwrite.c.obj               88      0         0      
       fflush.c.obj                  76      0         0      
       autoinit.c.obj                68      0         0      
       hostclose.c.obj               68      0         0      
       hostunlink.c.obj              68      0         0      
       strncpy.c.obj                 54      0         0      
       boot_cortex_m.c.obj           52      0         0      
       unlink.c.obj                  44      0         0      
       write.c.obj                   40      0         0      
       copy_zero_init.c.obj          28      0         0      
       strcmp.c.obj                  24      0         0      
       strchr.c.obj                  22      0         0      
       strcpy.c.obj                  20      0         0      
       strlen.c.obj                  20      0         0      
       _lock.c.obj                   2       0         16     
       copy_decompress_none.c.obj    14      0         0      
       pre_init.c.obj                4       0         0      
    +--+-----------------------------+-------+---------+---------+
       Total:                        3774    0         1904   
                                                              
       Heap:                         0       0         2048   
       Stack:                        0       0         1024   
       Linker Generated:             0       231       0      
    +--+-----------------------------+-------+---------+---------+
       Grand Total:                  24372   679       5688   


LINKER GENERATED COPY TABLES

__TI_cinit_table @ 000061d0 records: 3, size/record: 8, table size: 24
	.data: load addr=00006100, load size=000000b3 bytes, run addr=200004e8, run size=0000024c bytes, compression=lzss
	.bss: load addr=000061c0, load size=00000008 bytes, run addr=20000734, run size=000001e8 bytes, compression=zero_init
	.vtable: load addr=000061c8, load size=00000008 bytes, run addr=20000000, run size=000000e8 bytes, compression=zero_init


LINKER GENERATED HANDLER TABLE

__TI_handler_table @ 000061b4 records: 3, size/record: 4, table size: 12
	index: 0, handler: __TI_zero_init
	index: 1, handler: __TI_decompress_lzss
	index: 2, handler: __TI_decompress_none


GLOBAL SYMBOLS: SORTED ALPHABETICALLY BY Name 

address   name                                           
-------   ----                                           
0000600d  ADC14_IRQHandler                               
0000600d  AES256_IRQHandler                              
2000090c  BumpTask                                       
00004ccd  Bump_Init                                      
00004d1f  Bump_Interrupt_Init                            
00004ce5  Bump_Read                                      
0000600d  BusFault_Handler                               
0000601b  C$$EXIT                                        
00005da7  C$$IO$$                                        
0000600d  COMP_E0_IRQHandler                             
0000600d  COMP_E1_IRQHandler                             
00005d6d  CPU_basepriGet                                 
00005d5f  CPU_basepriSet                                 
00005d39  CPU_cpsid                                      
00005d4f  CPU_cpsie                                      
00005d45  CPU_primask                                    
00005d5b  CPU_wfi                                        
0000600d  CS_IRQHandler                                  
0000225d  CS_clearInterruptFlag                          
00001c35  CS_disableClockRequest                         
00001d13  CS_disableDCOExternalResistor                  
00002145  CS_disableFaultCounter                         
0000220d  CS_disableInterrupt                            
00001c0d  CS_enableClockRequest                          
00001c7d  CS_enableDCOExternalResistor                   
00002119  CS_enableFaultCounter                          
000021e1  CS_enableInterrupt                             
000020ab  CS_getACLK                                     
0000206b  CS_getBCLK                                     
00001df1  CS_getDCOFrequency                             
0000223d  CS_getEnabledInterruptStatus                   
00002087  CS_getHSMCLK                                   
0000222f  CS_getInterruptStatus                          
000020f1  CS_getMCLK                                     
000020cf  CS_getSMCLK                                    
0000192d  CS_initClockSignal                             
00002289  CS_registerInterrupt                           
00002171  CS_resetFaultCounter                           
00001d31  CS_setDCOCenteredFrequency                     
00001ca5  CS_setDCOExternalResistorCalibration           
00001f09  CS_setDCOFrequency                             
000018f1  CS_setExternalClockSourceFrequency             
00001c57  CS_setReferenceOscillatorFrequency             
0000219d  CS_startFaultCounter                           
00001a31  CS_startHFXT                                   
00001a55  CS_startHFXTWithTimeout                        
00001b19  CS_startLFXT                                   
00001b3d  CS_startLFXTWithTimeout                        
00001d61  CS_tuneDCOFrequency                            
000022a1  CS_unregisterInterrupt                         
00005575  Clock_Delay1ms                                 
0000553d  Clock_Delay1us                                 
00005517  Clock_Init                                     
200006e0  Config                                         
0000600d  DMA_ERR_IRQHandler                             
0000600d  DMA_INT0_IRQHandler                            
0000600d  DMA_INT1_IRQHandler                            
0000600d  DMA_INT2_IRQHandler                            
0000600d  DMA_INT3_IRQHandler                            
0000600d  DebugMon_Handler                               
0000600d  Default_Handler                                
0000600d  EUSCIA0_IRQHandler                             
0000600d  EUSCIA1_IRQHandler                             
0000600d  EUSCIA2_IRQHandler                             
0000600d  EUSCIA3_IRQHandler                             
0000600d  EUSCIB0_IRQHandler                             
0000600d  EUSCIB1_IRQHandler                             
0000600d  EUSCIB2_IRQHandler                             
0000600d  EUSCIB3_IRQHandler                             
0000600d  FLCTL_IRQHandler                               
0000600d  FPU_IRQHandler                                 
0000112b  FlashCtl_clearInterruptFlag                    
00000fef  FlashCtl_clearProgramVerification              
00001101  FlashCtl_disableInterrupt                      
00000661  FlashCtl_disableReadBuffering                  
00001059  FlashCtl_disableWordProgramming                
000010ed  FlashCtl_enableInterrupt                       
0000060d  FlashCtl_enableReadBuffering                   
00001029  FlashCtl_enableWordProgramming                 
00000c91  FlashCtl_eraseSector                           
0000111b  FlashCtl_getEnabledInterruptStatus             
00001115  FlashCtl_getInterruptStatus                    
0000028f  FlashCtl_getMemoryInfo                         
00000af1  FlashCtl_getReadMode                           
000010bf  FlashCtl_getWaitState                          
00000b1f  FlashCtl_initiateMassErase                     
00000db9  FlashCtl_initiateSectorErase                   
0000078d  FlashCtl_isSectorProtected                     
00001061  FlashCtl_isWordProgrammingEnabled              
00000b45  FlashCtl_performMassErase                      
00000e49  FlashCtl_programMemory                         
0000072d  FlashCtl_protectSector                         
0000113f  FlashCtl_registerInterrupt                     
00000fb5  FlashCtl_setProgramVerification                
00000a81  FlashCtl_setReadMode                           
00001081  FlashCtl_setWaitState                          
000006bd  FlashCtl_unprotectSector                       
00001153  FlashCtl_unregisterInterrupt                   
00000819  FlashCtl_verifyMemory                          
000041e7  GPIO_clearInterruptFlag                        
000041a7  GPIO_disableInterrupt                          
00004185  GPIO_enableInterrupt                           
0000423f  GPIO_getEnabledInterruptStatus                 
00004157  GPIO_getInputPinValue                          
000041c9  GPIO_getInterruptStatus                        
00004209  GPIO_interruptEdgeSelect                       
000042ff  GPIO_registerInterrupt                         
00003eff  GPIO_setAsInputPin                             
000040b3  GPIO_setAsInputPinWithPullDownResistor         
00004105  GPIO_setAsInputPinWithPullUpResistor           
00003ec5  GPIO_setAsOutputPin                            
00003fc9  GPIO_setAsPeripheralModuleFunctionInputPin     
00003f45  GPIO_setAsPeripheralModuleFunctionOutputPin    
000042bb  GPIO_setDriveStrengthHigh                      
000042dd  GPIO_setDriveStrengthLow                       
0000404d  GPIO_setOutputHighOnPin                        
0000406f  GPIO_setOutputLowOnPin                         
00004091  GPIO_toggleOutputOnPin                         
0000431f  GPIO_unregisterInterrupt                       
000054ed  HFXT_Init                                      
00005c29  HOSTclose                                      
000058a1  HOSTlseek                                      
00005971  HOSTopen                                       
00005a8d  HOSTread                                       
00005835  HOSTrename                                     
00005c6d  HOSTunlink                                     
00005ae5  HOSTwrite                                      
0000600d  HardFault_Handler                              
00004525  Interrupt_disableInterrupt                     
00004357  Interrupt_disableMaster                        
00004721  Interrupt_disableSleepOnIsrExit                
000044b3  Interrupt_enableInterrupt                      
00004347  Interrupt_enableMaster                         
0000470f  Interrupt_enableSleepOnIsrExit                 
0000448d  Interrupt_getPriority                          
00004405  Interrupt_getPriorityGrouping                  
000046ef  Interrupt_getPriorityMask                      
00004709  Interrupt_getVectorTableAddress                
00004597  Interrupt_isEnabled                            
00004621  Interrupt_pendInterrupt                        
00004367  Interrupt_registerInterrupt                    
0000443d  Interrupt_setPriority                          
000043cd  Interrupt_setPriorityGrouping                  
000046df  Interrupt_setPriorityMask                      
000046f9  Interrupt_setVectorTableAddress                
00004691  Interrupt_unpendInterrupt                      
000043b9  Interrupt_unregisterInterrupt                  
00004fed  LaunchPad_Init                                 
00005021  LaunchPad_Input                                
00005057  LaunchPad_LED                                  
00005079  LaunchPad_Output                               
0000600d  MemManage_Handler                              
200008fc  Messageb                                       
20000910  Messageindexb                                  
0000600d  NMI_Handler                                    
0000600d  PCM_IRQHandler                                 
00002abf  PCM_clearInterruptFlag                         
00002a95  PCM_disableInterrupt                           
00002a6d  PCM_disableRudeMode                            
00002a81  PCM_enableInterrupt                            
00002a5b  PCM_enableRudeMode                             
0000246b  PCM_getCoreVoltageLevel                        
00002aaf  PCM_getEnabledInterruptStatus                  
00002aa9  PCM_getInterruptStatus                         
00002411  PCM_getPowerMode                               
00002a4d  PCM_getPowerState                              
00002985  PCM_gotoLPM0                                   
000029a3  PCM_gotoLPM0InterruptSafe                      
000029bf  PCM_gotoLPM3                                   
00002a31  PCM_gotoLPM3InterruptSafe                      
00002959  PCM_gotoLPM4                                   
00002969  PCM_gotoLPM4InterruptSafe                      
00002ad3  PCM_registerInterrupt                          
000023df  PCM_setCoreVoltageLevel                        
00002401  PCM_setCoreVoltageLevelNonBlocking             
000023ef  PCM_setCoreVoltageLevelWithTimeout             
00002611  PCM_setPowerMode                               
00002621  PCM_setPowerModeNonBlocking                    
00002631  PCM_setPowerModeWithTimeout                    
000028e3  PCM_setPowerState                              
00002905  PCM_setPowerStateNonBlocking                   
000028f3  PCM_setPowerStateWithTimeout                   
00002915  PCM_shutdownDevice                             
00002ae7  PCM_unregisterInterrupt                        
0000600d  PORT1_IRQHandler                               
0000600d  PORT2_IRQHandler                               
0000600d  PORT3_IRQHandler                               
00004d57  PORT4_IRQHandler                               
00004d57  PORT4_IRQHandler                               
0000600d  PORT5_IRQHandler                               
0000600d  PORT6_IRQHandler                               
0000600d  PSS_IRQHandler                                 
0000600d  PendSV_Handler                                 
0000600d  RTC_C_IRQHandler                               
00003e1d  RTC_C_clearInterruptFlag                       
00003c2f  RTC_C_convertBCDToBinary                       
00003c47  RTC_C_convertBinaryToBCD                       
00003b73  RTC_C_definePrescaleEvent                      
00003cc9  RTC_C_disableInterrupt                         
00003c65  RTC_C_enableInterrupt                          
00003aa5  RTC_C_getCalendarTime                          
00003d99  RTC_C_getEnabledInterruptStatus                
00003d35  RTC_C_getInterruptStatus                       
00003bb3  RTC_C_getPrescaleValue                         
0000398f  RTC_C_holdClock                                
00003a33  RTC_C_initCalendar                             
00003e63  RTC_C_registerInterrupt                        
00003b0b  RTC_C_setCalendarAlarm                         
00003b43  RTC_C_setCalendarEvent                         
000039dd  RTC_C_setCalibrationData                       
000039ad  RTC_C_setCalibrationFrequency                  
00003bdf  RTC_C_setPrescaleValue                         
00003a09  RTC_C_setTemperatureCompensation               
00003971  RTC_C_startClock                               
00003e77  RTC_C_unregisterInterrupt                      
00006001  Reset_Handler                                  
0000600d  SVC_Handler                                    
00004c7b  SysCtl_disableGlitchFilter                     
00004b07  SysCtl_disableNMISource                        
00004c13  SysCtl_disablePeripheralAtCPUHalt              
00004b55  SysCtl_disableSRAMBank                         
00004bd9  SysCtl_disableSRAMBankRetention                
00004c6f  SysCtl_enableGlitchFilter                      
00004b1b  SysCtl_enableNMISource                         
00004bff  SysCtl_enablePeripheralAtCPUHalt               
00004b39  SysCtl_enableSRAMBank                          
00004bbd  SysCtl_enableSRAMBankRetention                 
00004b01  SysCtl_getFlashSize                            
00004b2f  SysCtl_getNMISourceStatus                      
00004afb  SysCtl_getSRAMSize                             
00004a85  SysCtl_getTLVInfo                              
00004c87  SysCtl_getTempCalibrationConstant              
00004bf5  SysCtl_rebootDevice                            
00004c4b  SysCtl_setWDTPasswordViolationResetType        
00004c27  SysCtl_setWDTTimeoutResetType                  
0000600d  SysTick_Handler                                
20000730  SystemCoreClock                                
00004751  SystemCoreClockUpdate                          
000049c9  SystemInit                                     
0000600d  T32_INT1_IRQHandler                            
0000600d  T32_INT2_IRQHandler                            
0000600d  T32_INTC_IRQHandler                            
0000600d  TA0_0_IRQHandler                               
0000600d  TA0_N_IRQHandler                               
00005a0f  TA1_0_IRQHandler                               
00005a0f  TA1_0_IRQHandler                               
0000600d  TA1_N_IRQHandler                               
0000600d  TA2_0_IRQHandler                               
0000600d  TA2_N_IRQHandler                               
0000600d  TA3_0_IRQHandler                               
0000600d  TA3_N_IRQHandler                               
00005b3d  Task                                           
20000914  TimerA1Task                                    
000059d1  TimerA1_Init                                   
000059ff  TimerA1_Stop                                   
00002fe7  Timer_A_clearCaptureCompareInterrupt           
00002fd1  Timer_A_clearInterruptFlag                     
00002e4f  Timer_A_clearTimer                             
00002c77  Timer_A_configureContinuousMode                
00002d05  Timer_A_configureUpDownMode                    
00002ca7  Timer_A_configureUpMode                        
00003075  Timer_A_disableCaptureCompareInterrupt         
00003023  Timer_A_disableInterrupt                       
00003049  Timer_A_enableCaptureCompareInterrupt          
0000300f  Timer_A_enableInterrupt                        
00002f1b  Timer_A_generatePWM                            
00002ec1  Timer_A_getCaptureCompareCount                 
000030dd  Timer_A_getCaptureCompareEnabledInterruptStatus
0000309d  Timer_A_getCaptureCompareInterruptStatus       
00002e03  Timer_A_getCounterValue                        
000030c5  Timer_A_getEnabledInterruptStatus              
00003037  Timer_A_getInterruptStatus                     
00002e93  Timer_A_getOutputForOutputModeOutBitValue      
00002e63  Timer_A_getSynchronizedCaptureCompareInput     
00002d63  Timer_A_initCapture                            
00002db5  Timer_A_initCompare                            
00003119  Timer_A_registerInterrupt                      
00002fa5  Timer_A_setCompareValue                        
00002ee3  Timer_A_setOutputForOutputModeOutBitValue      
00002c61  Timer_A_startCounter                           
00002f91  Timer_A_stopTimer                              
000031eb  Timer_A_unregisterInterrupt                    
000032fb  UART0_InChar                                   
00003785  UART0_InString                                 
00003345  UART0_InUDec                                   
00003639  UART0_InUHex                                   
000032b5  UART0_Init                                     
000038e5  UART0_Initprintf                               
0000330b  UART0_OutChar                                  
00003327  UART0_OutString                                
000033c9  UART0_OutUDec                                  
00003535  UART0_OutUDec4                                 
00003589  UART0_OutUDec5                                 
000035c5  UART0_OutUFix1                                 
000035ed  UART0_OutUFix2                                 
000036fd  UART0_OutUHex                                  
00003769  UART0_OutUHex2                                 
0000600d  UsageFault_Handler                             
4000480c  WDTCTL_SYM                                     
0000600d  WDT_A_IRQHandler                               
000052e1  WDT_A_clearTimer                               
000052a1  WDT_A_holdTimer                                
0000531d  WDT_A_initIntervalTimer                        
00005301  WDT_A_initWatchdogTimer                        
00005351  WDT_A_registerInterrupt                        
00005339  WDT_A_setPasswordViolationReset                
00005345  WDT_A_setTimeoutReset                          
000052c1  WDT_A_startTimer                               
00005365  WDT_A_unregisterInterrupt                      
20000734  __CIOBUF_                                      
0000155f  __FlashCtl_remaskBurstDataPost                 
0000143d  __FlashCtl_remaskBurstDataPre                  
00001281  __FlashCtl_remaskData32Post                    
00001365  __FlashCtl_remaskData32Pre                     
00001163  __FlashCtl_remaskData8Post                     
000011e3  __FlashCtl_remaskData8Pre                      
20010000  __STACK_END                                    
00000200  __STACK_SIZE                                   
00000400  __SYSMEM_SIZE                                  
000061d0  __TI_CINIT_Base                                
000061e8  __TI_CINIT_Limit                               
000061b4  __TI_Handler_Table_Base                        
000061c0  __TI_Handler_Table_Limit                       
00005cb1  __TI_auto_init_nobinit_nopinit                 
00005de9  __TI_cleanup                                   
20000708  __TI_cleanup_ptr                               
00005751  __TI_closefile                                 
00005909  __TI_decompress_lzss                           
00005ff3  __TI_decompress_none                           
00005b95  __TI_doflush                                   
2000070c  __TI_dtors_ptr                                 
20000710  __TI_enable_exit_profile_output                
200006f8  __TI_ft_end                                    
ffffffff  __TI_pprof_out_hndl                            
ffffffff  __TI_prof_data_size                            
ffffffff  __TI_prof_data_start                           
00005e1d  __TI_readmsg                                   
00000000  __TI_static_base__                             
20000854  __TI_tmpnams                                   
00005d79  __TI_writemsg                                  
00005f65  __TI_zero_init_nomemset                        
000056d5  __aeabi_memclr                                 
000056d5  __aeabi_memclr4                                
000056d5  __aeabi_memclr8                                
00005639  __aeabi_memcpy                                 
00005639  __aeabi_memcpy4                                
00005639  __aeabi_memcpy8                                
000056d7  __aeabi_memset                                 
000056d7  __aeabi_memset4                                
000056d7  __aeabi_memset8                                
20000704  __aeabi_stderr                                 
200006fc  __aeabi_stdin                                  
20000700  __aeabi_stdout                                 
ffffffff  __binit__                                      
ffffffff  __c_args__                                     
UNDEFED   __mpu_init                                     
2000fe00  __stack                                        
20000000  __start___llvm_prf_cnts                        
20000000  __stop___llvm_prf_cnts                         
00005e51  _c_int00_noargs                                
200005d8  _device                                        
200004e8  _ftable                                        
20000714  _lock                                          
000050df  _nop                                           
20000650  _stream                                        
200000e8  _sys_memory                                    
UNDEFED   _system_post_cinit                             
00006017  _system_pre_init                               
20000718  _unlock                                        
0000601b  abort                                          
00005435  add_device                                     
00004eed  aligned_alloc                                  
ffffffff  binit                                          
00005a31  close                                          
20000918  counter                                        
00005567  delay                                          
00005be1  exit                                           
0000381f  ferror                                         
000037ff  fgetc                                          
00005eb9  finddevice                                     
0000559d  fopen                                          
000050e1  free                                           
00005e85  freopen                                        
20000000  g_pfnRAMVectors                                
00005cf5  getdevice                                      
00000000  interruptVectors                               
00005b5d  main                                           
0000600f  malloc                                         
00004eed  memalign                                       
00005639  memcpy                                         
000056dd  memset                                         
00005379  open                                           
00003741  outnibble                                      
20000904  parmbuf                                        
00005ee9  remove                                         
000051c5  setvbuf                                        
00005fb5  strchr                                         
00005f9d  strcmp                                         
00005fcb  strcpy                                         
00005fdf  strlen                                         
00005db1  strncpy                                        
0000383d  uart_close                                     
000038bb  uart_lseek                                     
0000382d  uart_open                                      
0000384f  uart_read                                      
000038d7  uart_rename                                    
000038cb  uart_unlink                                    
00003879  uart_write                                     
00005ee9  unlink                                         
00005f3d  write                                          


GLOBAL SYMBOLS: SORTED BY Symbol Address 

address   name                                           
-------   ----                                           
00000000  __TI_static_base__                             
00000000  interruptVectors                               
00000200  __STACK_SIZE                                   
0000028f  FlashCtl_getMemoryInfo                         
00000400  __SYSMEM_SIZE                                  
0000060d  FlashCtl_enableReadBuffering                   
00000661  FlashCtl_disableReadBuffering                  
000006bd  FlashCtl_unprotectSector                       
0000072d  FlashCtl_protectSector                         
0000078d  FlashCtl_isSectorProtected                     
00000819  FlashCtl_verifyMemory                          
00000a81  FlashCtl_setReadMode                           
00000af1  FlashCtl_getReadMode                           
00000b1f  FlashCtl_initiateMassErase                     
00000b45  FlashCtl_performMassErase                      
00000c91  FlashCtl_eraseSector                           
00000db9  FlashCtl_initiateSectorErase                   
00000e49  FlashCtl_programMemory                         
00000fb5  FlashCtl_setProgramVerification                
00000fef  FlashCtl_clearProgramVerification              
00001029  FlashCtl_enableWordProgramming                 
00001059  FlashCtl_disableWordProgramming                
00001061  FlashCtl_isWordProgrammingEnabled              
00001081  FlashCtl_setWaitState                          
000010bf  FlashCtl_getWaitState                          
000010ed  FlashCtl_enableInterrupt                       
00001101  FlashCtl_disableInterrupt                      
00001115  FlashCtl_getInterruptStatus                    
0000111b  FlashCtl_getEnabledInterruptStatus             
0000112b  FlashCtl_clearInterruptFlag                    
0000113f  FlashCtl_registerInterrupt                     
00001153  FlashCtl_unregisterInterrupt                   
00001163  __FlashCtl_remaskData8Post                     
000011e3  __FlashCtl_remaskData8Pre                      
00001281  __FlashCtl_remaskData32Post                    
00001365  __FlashCtl_remaskData32Pre                     
0000143d  __FlashCtl_remaskBurstDataPre                  
0000155f  __FlashCtl_remaskBurstDataPost                 
000018f1  CS_setExternalClockSourceFrequency             
0000192d  CS_initClockSignal                             
00001a31  CS_startHFXT                                   
00001a55  CS_startHFXTWithTimeout                        
00001b19  CS_startLFXT                                   
00001b3d  CS_startLFXTWithTimeout                        
00001c0d  CS_enableClockRequest                          
00001c35  CS_disableClockRequest                         
00001c57  CS_setReferenceOscillatorFrequency             
00001c7d  CS_enableDCOExternalResistor                   
00001ca5  CS_setDCOExternalResistorCalibration           
00001d13  CS_disableDCOExternalResistor                  
00001d31  CS_setDCOCenteredFrequency                     
00001d61  CS_tuneDCOFrequency                            
00001df1  CS_getDCOFrequency                             
00001f09  CS_setDCOFrequency                             
0000206b  CS_getBCLK                                     
00002087  CS_getHSMCLK                                   
000020ab  CS_getACLK                                     
000020cf  CS_getSMCLK                                    
000020f1  CS_getMCLK                                     
00002119  CS_enableFaultCounter                          
00002145  CS_disableFaultCounter                         
00002171  CS_resetFaultCounter                           
0000219d  CS_startFaultCounter                           
000021e1  CS_enableInterrupt                             
0000220d  CS_disableInterrupt                            
0000222f  CS_getInterruptStatus                          
0000223d  CS_getEnabledInterruptStatus                   
0000225d  CS_clearInterruptFlag                          
00002289  CS_registerInterrupt                           
000022a1  CS_unregisterInterrupt                         
000023df  PCM_setCoreVoltageLevel                        
000023ef  PCM_setCoreVoltageLevelWithTimeout             
00002401  PCM_setCoreVoltageLevelNonBlocking             
00002411  PCM_getPowerMode                               
0000246b  PCM_getCoreVoltageLevel                        
00002611  PCM_setPowerMode                               
00002621  PCM_setPowerModeNonBlocking                    
00002631  PCM_setPowerModeWithTimeout                    
000028e3  PCM_setPowerState                              
000028f3  PCM_setPowerStateWithTimeout                   
00002905  PCM_setPowerStateNonBlocking                   
00002915  PCM_shutdownDevice                             
00002959  PCM_gotoLPM4                                   
00002969  PCM_gotoLPM4InterruptSafe                      
00002985  PCM_gotoLPM0                                   
000029a3  PCM_gotoLPM0InterruptSafe                      
000029bf  PCM_gotoLPM3                                   
00002a31  PCM_gotoLPM3InterruptSafe                      
00002a4d  PCM_getPowerState                              
00002a5b  PCM_enableRudeMode                             
00002a6d  PCM_disableRudeMode                            
00002a81  PCM_enableInterrupt                            
00002a95  PCM_disableInterrupt                           
00002aa9  PCM_getInterruptStatus                         
00002aaf  PCM_getEnabledInterruptStatus                  
00002abf  PCM_clearInterruptFlag                         
00002ad3  PCM_registerInterrupt                          
00002ae7  PCM_unregisterInterrupt                        
00002c61  Timer_A_startCounter                           
00002c77  Timer_A_configureContinuousMode                
00002ca7  Timer_A_configureUpMode                        
00002d05  Timer_A_configureUpDownMode                    
00002d63  Timer_A_initCapture                            
00002db5  Timer_A_initCompare                            
00002e03  Timer_A_getCounterValue                        
00002e4f  Timer_A_clearTimer                             
00002e63  Timer_A_getSynchronizedCaptureCompareInput     
00002e93  Timer_A_getOutputForOutputModeOutBitValue      
00002ec1  Timer_A_getCaptureCompareCount                 
00002ee3  Timer_A_setOutputForOutputModeOutBitValue      
00002f1b  Timer_A_generatePWM                            
00002f91  Timer_A_stopTimer                              
00002fa5  Timer_A_setCompareValue                        
00002fd1  Timer_A_clearInterruptFlag                     
00002fe7  Timer_A_clearCaptureCompareInterrupt           
0000300f  Timer_A_enableInterrupt                        
00003023  Timer_A_disableInterrupt                       
00003037  Timer_A_getInterruptStatus                     
00003049  Timer_A_enableCaptureCompareInterrupt          
00003075  Timer_A_disableCaptureCompareInterrupt         
0000309d  Timer_A_getCaptureCompareInterruptStatus       
000030c5  Timer_A_getEnabledInterruptStatus              
000030dd  Timer_A_getCaptureCompareEnabledInterruptStatus
00003119  Timer_A_registerInterrupt                      
000031eb  Timer_A_unregisterInterrupt                    
000032b5  UART0_Init                                     
000032fb  UART0_InChar                                   
0000330b  UART0_OutChar                                  
00003327  UART0_OutString                                
00003345  UART0_InUDec                                   
000033c9  UART0_OutUDec                                  
00003535  UART0_OutUDec4                                 
00003589  UART0_OutUDec5                                 
000035c5  UART0_OutUFix1                                 
000035ed  UART0_OutUFix2                                 
00003639  UART0_InUHex                                   
000036fd  UART0_OutUHex                                  
00003741  outnibble                                      
00003769  UART0_OutUHex2                                 
00003785  UART0_InString                                 
000037ff  fgetc                                          
0000381f  ferror                                         
0000382d  uart_open                                      
0000383d  uart_close                                     
0000384f  uart_read                                      
00003879  uart_write                                     
000038bb  uart_lseek                                     
000038cb  uart_unlink                                    
000038d7  uart_rename                                    
000038e5  UART0_Initprintf                               
00003971  RTC_C_startClock                               
0000398f  RTC_C_holdClock                                
000039ad  RTC_C_setCalibrationFrequency                  
000039dd  RTC_C_setCalibrationData                       
00003a09  RTC_C_setTemperatureCompensation               
00003a33  RTC_C_initCalendar                             
00003aa5  RTC_C_getCalendarTime                          
00003b0b  RTC_C_setCalendarAlarm                         
00003b43  RTC_C_setCalendarEvent                         
00003b73  RTC_C_definePrescaleEvent                      
00003bb3  RTC_C_getPrescaleValue                         
00003bdf  RTC_C_setPrescaleValue                         
00003c2f  RTC_C_convertBCDToBinary                       
00003c47  RTC_C_convertBinaryToBCD                       
00003c65  RTC_C_enableInterrupt                          
00003cc9  RTC_C_disableInterrupt                         
00003d35  RTC_C_getInterruptStatus                       
00003d99  RTC_C_getEnabledInterruptStatus                
00003e1d  RTC_C_clearInterruptFlag                       
00003e63  RTC_C_registerInterrupt                        
00003e77  RTC_C_unregisterInterrupt                      
00003ec5  GPIO_setAsOutputPin                            
00003eff  GPIO_setAsInputPin                             
00003f45  GPIO_setAsPeripheralModuleFunctionOutputPin    
00003fc9  GPIO_setAsPeripheralModuleFunctionInputPin     
0000404d  GPIO_setOutputHighOnPin                        
0000406f  GPIO_setOutputLowOnPin                         
00004091  GPIO_toggleOutputOnPin                         
000040b3  GPIO_setAsInputPinWithPullDownResistor         
00004105  GPIO_setAsInputPinWithPullUpResistor           
00004157  GPIO_getInputPinValue                          
00004185  GPIO_enableInterrupt                           
000041a7  GPIO_disableInterrupt                          
000041c9  GPIO_getInterruptStatus                        
000041e7  GPIO_clearInterruptFlag                        
00004209  GPIO_interruptEdgeSelect                       
0000423f  GPIO_getEnabledInterruptStatus                 
000042bb  GPIO_setDriveStrengthHigh                      
000042dd  GPIO_setDriveStrengthLow                       
000042ff  GPIO_registerInterrupt                         
0000431f  GPIO_unregisterInterrupt                       
00004347  Interrupt_enableMaster                         
00004357  Interrupt_disableMaster                        
00004367  Interrupt_registerInterrupt                    
000043b9  Interrupt_unregisterInterrupt                  
000043cd  Interrupt_setPriorityGrouping                  
00004405  Interrupt_getPriorityGrouping                  
0000443d  Interrupt_setPriority                          
0000448d  Interrupt_getPriority                          
000044b3  Interrupt_enableInterrupt                      
00004525  Interrupt_disableInterrupt                     
00004597  Interrupt_isEnabled                            
00004621  Interrupt_pendInterrupt                        
00004691  Interrupt_unpendInterrupt                      
000046df  Interrupt_setPriorityMask                      
000046ef  Interrupt_getPriorityMask                      
000046f9  Interrupt_setVectorTableAddress                
00004709  Interrupt_getVectorTableAddress                
0000470f  Interrupt_enableSleepOnIsrExit                 
00004721  Interrupt_disableSleepOnIsrExit                
00004751  SystemCoreClockUpdate                          
000049c9  SystemInit                                     
00004a85  SysCtl_getTLVInfo                              
00004afb  SysCtl_getSRAMSize                             
00004b01  SysCtl_getFlashSize                            
00004b07  SysCtl_disableNMISource                        
00004b1b  SysCtl_enableNMISource                         
00004b2f  SysCtl_getNMISourceStatus                      
00004b39  SysCtl_enableSRAMBank                          
00004b55  SysCtl_disableSRAMBank                         
00004bbd  SysCtl_enableSRAMBankRetention                 
00004bd9  SysCtl_disableSRAMBankRetention                
00004bf5  SysCtl_rebootDevice                            
00004bff  SysCtl_enablePeripheralAtCPUHalt               
00004c13  SysCtl_disablePeripheralAtCPUHalt              
00004c27  SysCtl_setWDTTimeoutResetType                  
00004c4b  SysCtl_setWDTPasswordViolationResetType        
00004c6f  SysCtl_enableGlitchFilter                      
00004c7b  SysCtl_disableGlitchFilter                     
00004c87  SysCtl_getTempCalibrationConstant              
00004ccd  Bump_Init                                      
00004ce5  Bump_Read                                      
00004d1f  Bump_Interrupt_Init                            
00004d57  PORT4_IRQHandler                               
00004d57  PORT4_IRQHandler                               
00004eed  aligned_alloc                                  
00004eed  memalign                                       
00004fed  LaunchPad_Init                                 
00005021  LaunchPad_Input                                
00005057  LaunchPad_LED                                  
00005079  LaunchPad_Output                               
000050df  _nop                                           
000050e1  free                                           
000051c5  setvbuf                                        
000052a1  WDT_A_holdTimer                                
000052c1  WDT_A_startTimer                               
000052e1  WDT_A_clearTimer                               
00005301  WDT_A_initWatchdogTimer                        
0000531d  WDT_A_initIntervalTimer                        
00005339  WDT_A_setPasswordViolationReset                
00005345  WDT_A_setTimeoutReset                          
00005351  WDT_A_registerInterrupt                        
00005365  WDT_A_unregisterInterrupt                      
00005379  open                                           
00005435  add_device                                     
000054ed  HFXT_Init                                      
00005517  Clock_Init                                     
0000553d  Clock_Delay1us                                 
00005567  delay                                          
00005575  Clock_Delay1ms                                 
0000559d  fopen                                          
00005639  __aeabi_memcpy                                 
00005639  __aeabi_memcpy4                                
00005639  __aeabi_memcpy8                                
00005639  memcpy                                         
000056d5  __aeabi_memclr                                 
000056d5  __aeabi_memclr4                                
000056d5  __aeabi_memclr8                                
000056d7  __aeabi_memset                                 
000056d7  __aeabi_memset4                                
000056d7  __aeabi_memset8                                
000056dd  memset                                         
00005751  __TI_closefile                                 
00005835  HOSTrename                                     
000058a1  HOSTlseek                                      
00005909  __TI_decompress_lzss                           
00005971  HOSTopen                                       
000059d1  TimerA1_Init                                   
000059ff  TimerA1_Stop                                   
00005a0f  TA1_0_IRQHandler                               
00005a0f  TA1_0_IRQHandler                               
00005a31  close                                          
00005a8d  HOSTread                                       
00005ae5  HOSTwrite                                      
00005b3d  Task                                           
00005b5d  main                                           
00005b95  __TI_doflush                                   
00005be1  exit                                           
00005c29  HOSTclose                                      
00005c6d  HOSTunlink                                     
00005cb1  __TI_auto_init_nobinit_nopinit                 
00005cf5  getdevice                                      
00005d39  CPU_cpsid                                      
00005d45  CPU_primask                                    
00005d4f  CPU_cpsie                                      
00005d5b  CPU_wfi                                        
00005d5f  CPU_basepriSet                                 
00005d6d  CPU_basepriGet                                 
00005d79  __TI_writemsg                                  
00005da7  C$$IO$$                                        
00005db1  strncpy                                        
00005de9  __TI_cleanup                                   
00005e1d  __TI_readmsg                                   
00005e51  _c_int00_noargs                                
00005e85  freopen                                        
00005eb9  finddevice                                     
00005ee9  remove                                         
00005ee9  unlink                                         
00005f3d  write                                          
00005f65  __TI_zero_init_nomemset                        
00005f9d  strcmp                                         
00005fb5  strchr                                         
00005fcb  strcpy                                         
00005fdf  strlen                                         
00005ff3  __TI_decompress_none                           
00006001  Reset_Handler                                  
0000600d  ADC14_IRQHandler                               
0000600d  AES256_IRQHandler                              
0000600d  BusFault_Handler                               
0000600d  COMP_E0_IRQHandler                             
0000600d  COMP_E1_IRQHandler                             
0000600d  CS_IRQHandler                                  
0000600d  DMA_ERR_IRQHandler                             
0000600d  DMA_INT0_IRQHandler                            
0000600d  DMA_INT1_IRQHandler                            
0000600d  DMA_INT2_IRQHandler                            
0000600d  DMA_INT3_IRQHandler                            
0000600d  DebugMon_Handler                               
0000600d  Default_Handler                                
0000600d  EUSCIA0_IRQHandler                             
0000600d  EUSCIA1_IRQHandler                             
0000600d  EUSCIA2_IRQHandler                             
0000600d  EUSCIA3_IRQHandler                             
0000600d  EUSCIB0_IRQHandler                             
0000600d  EUSCIB1_IRQHandler                             
0000600d  EUSCIB2_IRQHandler                             
0000600d  EUSCIB3_IRQHandler                             
0000600d  FLCTL_IRQHandler                               
0000600d  FPU_IRQHandler                                 
0000600d  HardFault_Handler                              
0000600d  MemManage_Handler                              
0000600d  NMI_Handler                                    
0000600d  PCM_IRQHandler                                 
0000600d  PORT1_IRQHandler                               
0000600d  PORT2_IRQHandler                               
0000600d  PORT3_IRQHandler                               
0000600d  PORT5_IRQHandler                               
0000600d  PORT6_IRQHandler                               
0000600d  PSS_IRQHandler                                 
0000600d  PendSV_Handler                                 
0000600d  RTC_C_IRQHandler                               
0000600d  SVC_Handler                                    
0000600d  SysTick_Handler                                
0000600d  T32_INT1_IRQHandler                            
0000600d  T32_INT2_IRQHandler                            
0000600d  T32_INTC_IRQHandler                            
0000600d  TA0_0_IRQHandler                               
0000600d  TA0_N_IRQHandler                               
0000600d  TA1_N_IRQHandler                               
0000600d  TA2_0_IRQHandler                               
0000600d  TA2_N_IRQHandler                               
0000600d  TA3_0_IRQHandler                               
0000600d  TA3_N_IRQHandler                               
0000600d  UsageFault_Handler                             
0000600d  WDT_A_IRQHandler                               
0000600f  malloc                                         
00006017  _system_pre_init                               
0000601b  C$$EXIT                                        
0000601b  abort                                          
000061b4  __TI_Handler_Table_Base                        
000061c0  __TI_Handler_Table_Limit                       
000061d0  __TI_CINIT_Base                                
000061e8  __TI_CINIT_Limit                               
20000000  __start___llvm_prf_cnts                        
20000000  __stop___llvm_prf_cnts                         
20000000  g_pfnRAMVectors                                
200000e8  _sys_memory                                    
200004e8  _ftable                                        
200005d8  _device                                        
20000650  _stream                                        
200006e0  Config                                         
200006f8  __TI_ft_end                                    
200006fc  __aeabi_stdin                                  
20000700  __aeabi_stdout                                 
20000704  __aeabi_stderr                                 
20000708  __TI_cleanup_ptr                               
2000070c  __TI_dtors_ptr                                 
20000710  __TI_enable_exit_profile_output                
20000714  _lock                                          
20000718  _unlock                                        
20000730  SystemCoreClock                                
20000734  __CIOBUF_                                      
20000854  __TI_tmpnams                                   
200008fc  Messageb                                       
20000904  parmbuf                                        
2000090c  BumpTask                                       
20000910  Messageindexb                                  
20000914  TimerA1Task                                    
20000918  counter                                        
2000fe00  __stack                                        
20010000  __STACK_END                                    
4000480c  WDTCTL_SYM                                     
ffffffff  __TI_pprof_out_hndl                            
ffffffff  __TI_prof_data_size                            
ffffffff  __TI_prof_data_start                           
ffffffff  __binit__                                      
ffffffff  __c_args__                                     
ffffffff  binit                                          
UNDEFED   __mpu_init                                     
UNDEFED   _system_post_cinit                             

[410 symbols]
