******************************************************************************
                  TI ARM Linker PC v20.2.5                     
******************************************************************************
>> Linked Fri Jan 28 11:59:34 2022

OUTPUT FILE NAME:   <DriverLibrary.out>
ENTRY POINT SYMBOL: "_c_int00_noargs"  address: 00001209


MEMORY CONFIGURATION

         name            origin    length      used     unused   attr    fill
----------------------  --------  ---------  --------  --------  ----  --------
  MAIN                  00000000   00040000  00001398  0003ec68  R  X
  INFO                  00200000   00004000  00000000  00004000  R  X
  SRAM_CODE             01000000   00010000  000002f0  0000fd10  RW X
  SRAM_DATA             20000000   00010000  000002f0  0000fd10  RW  


SEGMENT ALLOCATION MAP

run origin  load origin   length   init length attrs members
----------  ----------- ---------- ----------- ----- -------
00000000    00000000    00001398   00001398    r-x
  00000000    00000000    000000e4   000000e4    r-- .intvecs
  000000e4    000000e4    00001198   00001198    r-x .text
  0000127c    0000127c    000000dc   000000dc    r-- .const
  00001358    00001358    00000040   00000040    r-- .cinit
20000000    20000000    000000f0   00000000    rw-
  20000000    20000000    000000e8   00000000    rw- .vtable
  200000e8    200000e8    00000004   00000000    rw- .bss
  200000ec    200000ec    00000004   00000000    rw- .data
2000fe00    2000fe00    00000200   00000000    rw-
  2000fe00    2000fe00    00000200   00000000    rw- .stack


SECTION ALLOCATION MAP

 output                                  attributes/
section   page    origin      length       input sections
--------  ----  ----------  ----------   ----------------
.intvecs   0    00000000    000000e4     
                  00000000    000000e4     startup_msp432p401r_ccs.obj (.intvecs:retain)

.text      0    000000e4    00001198     
                  000000e4    00000480     gpio.obj (.text)
                  00000564    0000040c     interrupt.obj (.text)
                  00000970    00000334     system_msp432p401r.obj (.text)
                  00000ca4    00000248     sysctl.obj (.text)
                  00000eec    000000d8     wdt_a.obj (.text)
                  00000fc4    000000bc     main.obj (.text)
                  00001080    0000009c     rtsv7M4_T_le_v4SPD16_eabi.lib : memcpy_t2.asm.obj (.text)
                  0000111c    00000068                                   : copy_decompress_lzss.c.obj (.text:decompress:lzss:__TI_decompress_lzss)
                  00001184    00000044                                   : autoinit.c.obj (.text:__TI_auto_init_nobinit_nopinit:__TI_auto_init_nobinit_nopinit)
                  000011c8    0000003e     cpu.obj (.text)
                  00001206    00000002     --HOLE-- [fill = 0]
                  00001208    00000034     rtsv7M4_T_le_v4SPD16_eabi.lib : boot_cortex_m.c.obj (.text:_c_int00_noargs:_c_int00_noargs)
                  0000123c    0000001c                                   : copy_zero_init.c.obj (.text:decompress:ZI:__TI_zero_init_nomemset:__TI_zero_init_nomemset)
                  00001258    0000000e                                   : copy_decompress_none.c.obj (.text:decompress:none:__TI_decompress_none)
                  00001266    0000000e     startup_msp432p401r_ccs.obj (.text)
                  00001274    00000004     rtsv7M4_T_le_v4SPD16_eabi.lib : pre_init.c.obj (.text:_system_pre_init)
                  00001278    00000004                                   : exit.c.obj (.text:abort:abort)

.const     0    0000127c    000000dc     
                  0000127c    00000050     interrupt.obj (.const:g_pulRegs)
                  000012cc    00000030     gpio.obj (.const:GPIO_PORT_TO_BASE)
                  000012fc    00000020     interrupt.obj (.const:g_pulPriority)
                  0000131c    0000001c     gpio.obj (.const:GPIO_PORT_TO_INT)
                  00001338    00000008     interrupt.obj (.const:g_pulDisRegs)
                  00001340    00000008     interrupt.obj (.const:g_pulEnRegs)
                  00001348    00000008     interrupt.obj (.const:g_pulPendRegs)
                  00001350    00000008     interrupt.obj (.const:g_pulUnpendRegs)

.cinit     0    00001358    00000040     
                  00001358    0000000c     (__TI_handler_table)
                  00001364    00000004     --HOLE-- [fill = 0]
                  00001368    00000008     (.cinit..bss.load) [load image, compression = zero_init]
                  00001370    00000008     (.cinit..data.load) [load image, compression = lzss]
                  00001378    00000008     (.cinit..vtable.load) [load image, compression = zero_init]
                  00001380    00000018     (__TI_cinit_table)

.init_array 
*          0    00000000    00000000     UNINITIALIZED

.binit     0    00000000    00000000     

.vtable    0    20000000    000000e8     UNINITIALIZED
                  20000000    000000e8     interrupt.obj (.vtable)

.bss       0    200000e8    00000004     UNINITIALIZED
                  200000e8    00000004     (.common:i)

.data      0    200000ec    00000004     UNINITIALIZED
                  200000ec    00000004     system_msp432p401r.obj (.data)

.stack     0    2000fe00    00000200     UNINITIALIZED
                  2000fe00    00000004     rtsv7M4_T_le_v4SPD16_eabi.lib : boot_cortex_m.c.obj (.stack)
                  2000fe04    000001fc     --HOLE--

__llvm_prf_cnts 
*          0    20000000    00000000     UNINITIALIZED

MODULE SUMMARY

       Module                        code   ro data   rw data
       ------                        ----   -------   -------
    .\
       interrupt.obj                 1036   144       464    
       gpio.obj                      1152   76        0      
       system_msp432p401r.obj        820    0         8      
       sysctl.obj                    584    0         0      
       startup_msp432p401r_ccs.obj   14     228       0      
       wdt_a.obj                     216    0         0      
       main.obj                      188    0         8      
       cpu.obj                       62     0         0      
    +--+-----------------------------+------+---------+---------+
       Total:                        4072   448       480    
                                                             
    C:\ti\ccs1110\ccs\tools\compiler\ti-cgt-arm_20.2.5.LTS\lib\rtsv7M4_T_le_v4SPD16_eabi.lib
       memcpy_t2.asm.obj             156    0         0      
       copy_decompress_lzss.c.obj    104    0         0      
       autoinit.c.obj                68     0         0      
       boot_cortex_m.c.obj           52     0         0      
       copy_zero_init.c.obj          28     0         0      
       copy_decompress_none.c.obj    14     0         0      
       exit.c.obj                    4      0         0      
       pre_init.c.obj                4      0         0      
    +--+-----------------------------+------+---------+---------+
       Total:                        430    0         0      
                                                             
       Stack:                        0      0         1024   
       Linker Generated:             0      60        0      
    +--+-----------------------------+------+---------+---------+
       Grand Total:                  4502   508       1504   


LINKER GENERATED COPY TABLES

__TI_cinit_table @ 00001380 records: 3, size/record: 8, table size: 24
	.bss: load addr=00001368, load size=00000008 bytes, run addr=200000e8, run size=00000004 bytes, compression=zero_init
	.data: load addr=00001370, load size=00000008 bytes, run addr=200000ec, run size=00000004 bytes, compression=lzss
	.vtable: load addr=00001378, load size=00000008 bytes, run addr=20000000, run size=000000e8 bytes, compression=zero_init


LINKER GENERATED HANDLER TABLE

__TI_handler_table @ 00001358 records: 3, size/record: 4, table size: 12
	index: 0, handler: __TI_zero_init
	index: 1, handler: __TI_decompress_lzss
	index: 2, handler: __TI_decompress_none


GLOBAL SYMBOLS: SORTED ALPHABETICALLY BY Name 

address   name                                       
-------   ----                                       
00001273  ADC14_IRQHandler                           
00001273  AES256_IRQHandler                          
00001273  BusFault_Handler                           
00001279  C$$EXIT                                    
00001273  COMP_E0_IRQHandler                         
00001273  COMP_E1_IRQHandler                         
000011fd  CPU_basepriGet                             
000011ef  CPU_basepriSet                             
000011c9  CPU_cpsid                                  
000011df  CPU_cpsie                                  
000011d5  CPU_primask                                
000011eb  CPU_wfi                                    
00001273  CS_IRQHandler                              
00001273  DMA_ERR_IRQHandler                         
00001273  DMA_INT0_IRQHandler                        
00001273  DMA_INT1_IRQHandler                        
00001273  DMA_INT2_IRQHandler                        
00001273  DMA_INT3_IRQHandler                        
00001273  DebugMon_Handler                           
00001273  Default_Handler                            
00001273  EUSCIA0_IRQHandler                         
00001273  EUSCIA1_IRQHandler                         
00001273  EUSCIA2_IRQHandler                         
00001273  EUSCIA3_IRQHandler                         
00001273  EUSCIB0_IRQHandler                         
00001273  EUSCIB1_IRQHandler                         
00001273  EUSCIB2_IRQHandler                         
00001273  EUSCIB3_IRQHandler                         
00001273  FLCTL_IRQHandler                           
00001273  FPU_IRQHandler                             
00000407  GPIO_clearInterruptFlag                    
000003c7  GPIO_disableInterrupt                      
000003a5  GPIO_enableInterrupt                       
0000045f  GPIO_getEnabledInterruptStatus             
00000377  GPIO_getInputPinValue                      
000003e9  GPIO_getInterruptStatus                    
00000429  GPIO_interruptEdgeSelect                   
0000051f  GPIO_registerInterrupt                     
0000011f  GPIO_setAsInputPin                         
000002d3  GPIO_setAsInputPinWithPullDownResistor     
00000325  GPIO_setAsInputPinWithPullUpResistor       
000000e5  GPIO_setAsOutputPin                        
000001e9  GPIO_setAsPeripheralModuleFunctionInputPin 
00000165  GPIO_setAsPeripheralModuleFunctionOutputPin
000004db  GPIO_setDriveStrengthHigh                  
000004fd  GPIO_setDriveStrengthLow                   
0000026d  GPIO_setOutputHighOnPin                    
0000028f  GPIO_setOutputLowOnPin                     
000002b1  GPIO_toggleOutputOnPin                     
0000053f  GPIO_unregisterInterrupt                   
00001273  HardFault_Handler                          
00000745  Interrupt_disableInterrupt                 
00000577  Interrupt_disableMaster                    
00000941  Interrupt_disableSleepOnIsrExit            
000006d3  Interrupt_enableInterrupt                  
00000567  Interrupt_enableMaster                     
0000092f  Interrupt_enableSleepOnIsrExit             
000006ad  Interrupt_getPriority                      
00000625  Interrupt_getPriorityGrouping              
0000090f  Interrupt_getPriorityMask                  
00000929  Interrupt_getVectorTableAddress            
000007b7  Interrupt_isEnabled                        
00000841  Interrupt_pendInterrupt                    
00000587  Interrupt_registerInterrupt                
0000065d  Interrupt_setPriority                      
000005ed  Interrupt_setPriorityGrouping              
000008ff  Interrupt_setPriorityMask                  
00000919  Interrupt_setVectorTableAddress            
000008b1  Interrupt_unpendInterrupt                  
000005d9  Interrupt_unregisterInterrupt              
00001273  MemManage_Handler                          
00001273  NMI_Handler                                
00001273  PCM_IRQHandler                             
00001273  PORT1_IRQHandler                           
00001273  PORT2_IRQHandler                           
00001273  PORT3_IRQHandler                           
00001273  PORT4_IRQHandler                           
00001273  PORT5_IRQHandler                           
00001273  PORT6_IRQHandler                           
00001273  PSS_IRQHandler                             
00001273  PendSV_Handler                             
00001273  RTC_C_IRQHandler                           
00001267  Reset_Handler                              
00001273  SVC_Handler                                
00000e9b  SysCtl_disableGlitchFilter                 
00000d27  SysCtl_disableNMISource                    
00000e33  SysCtl_disablePeripheralAtCPUHalt          
00000d75  SysCtl_disableSRAMBank                     
00000df9  SysCtl_disableSRAMBankRetention            
00000e8f  SysCtl_enableGlitchFilter                  
00000d3b  SysCtl_enableNMISource                     
00000e1f  SysCtl_enablePeripheralAtCPUHalt           
00000d59  SysCtl_enableSRAMBank                      
00000ddd  SysCtl_enableSRAMBankRetention             
00000d21  SysCtl_getFlashSize                        
00000d4f  SysCtl_getNMISourceStatus                  
00000d1b  SysCtl_getSRAMSize                         
00000ca5  SysCtl_getTLVInfo                          
00000ea7  SysCtl_getTempCalibrationConstant          
00000e15  SysCtl_rebootDevice                        
00000e6b  SysCtl_setWDTPasswordViolationResetType    
00000e47  SysCtl_setWDTTimeoutResetType              
00001273  SysTick_Handler                            
200000ec  SystemCoreClock                            
00000971  SystemCoreClockUpdate                      
00000be9  SystemInit                                 
00001273  T32_INT1_IRQHandler                        
00001273  T32_INT2_IRQHandler                        
00001273  T32_INTC_IRQHandler                        
00001273  TA0_0_IRQHandler                           
00001273  TA0_N_IRQHandler                           
00001273  TA1_0_IRQHandler                           
00001273  TA1_N_IRQHandler                           
00001273  TA2_0_IRQHandler                           
00001273  TA2_N_IRQHandler                           
00001273  TA3_0_IRQHandler                           
00001273  TA3_N_IRQHandler                           
00001273  UsageFault_Handler                         
4000480c  WDTCTL_SYM                                 
00001273  WDT_A_IRQHandler                           
00000f2d  WDT_A_clearTimer                           
00000eed  WDT_A_holdTimer                            
00000f69  WDT_A_initIntervalTimer                    
00000f4d  WDT_A_initWatchdogTimer                    
00000f9d  WDT_A_registerInterrupt                    
00000f85  WDT_A_setPasswordViolationReset            
00000f91  WDT_A_setTimeoutReset                      
00000f0d  WDT_A_startTimer                           
00000fb1  WDT_A_unregisterInterrupt                  
20010000  __STACK_END                                
00000200  __STACK_SIZE                               
00001380  __TI_CINIT_Base                            
00001398  __TI_CINIT_Limit                           
00001358  __TI_Handler_Table_Base                    
00001364  __TI_Handler_Table_Limit                   
00001185  __TI_auto_init_nobinit_nopinit             
0000111d  __TI_decompress_lzss                       
00001259  __TI_decompress_none                       
ffffffff  __TI_pprof_out_hndl                        
ffffffff  __TI_prof_data_size                        
ffffffff  __TI_prof_data_start                       
00000000  __TI_static_base__                         
0000123d  __TI_zero_init_nomemset                    
00001081  __aeabi_memcpy                             
00001081  __aeabi_memcpy4                            
00001081  __aeabi_memcpy8                            
ffffffff  __binit__                                  
ffffffff  __c_args__                                 
UNDEFED   __mpu_init                                 
2000fe00  __stack                                    
20000000  __start___llvm_prf_cnts                    
20000000  __stop___llvm_prf_cnts                     
00001209  _c_int00_noargs                            
UNDEFED   _system_post_cinit                         
00001275  _system_pre_init                           
00001279  abort                                      
ffffffff  binit                                      
20000000  g_pfnRAMVectors                            
200000e8  i                                          
00000000  interruptVectors                           
00000fc5  main                                       
00001081  memcpy                                     


GLOBAL SYMBOLS: SORTED BY Symbol Address 

address   name                                       
-------   ----                                       
00000000  __TI_static_base__                         
00000000  interruptVectors                           
000000e5  GPIO_setAsOutputPin                        
0000011f  GPIO_setAsInputPin                         
00000165  GPIO_setAsPeripheralModuleFunctionOutputPin
000001e9  GPIO_setAsPeripheralModuleFunctionInputPin 
00000200  __STACK_SIZE                               
0000026d  GPIO_setOutputHighOnPin                    
0000028f  GPIO_setOutputLowOnPin                     
000002b1  GPIO_toggleOutputOnPin                     
000002d3  GPIO_setAsInputPinWithPullDownResistor     
00000325  GPIO_setAsInputPinWithPullUpResistor       
00000377  GPIO_getInputPinValue                      
000003a5  GPIO_enableInterrupt                       
000003c7  GPIO_disableInterrupt                      
000003e9  GPIO_getInterruptStatus                    
00000407  GPIO_clearInterruptFlag                    
00000429  GPIO_interruptEdgeSelect                   
0000045f  GPIO_getEnabledInterruptStatus             
000004db  GPIO_setDriveStrengthHigh                  
000004fd  GPIO_setDriveStrengthLow                   
0000051f  GPIO_registerInterrupt                     
0000053f  GPIO_unregisterInterrupt                   
00000567  Interrupt_enableMaster                     
00000577  Interrupt_disableMaster                    
00000587  Interrupt_registerInterrupt                
000005d9  Interrupt_unregisterInterrupt              
000005ed  Interrupt_setPriorityGrouping              
00000625  Interrupt_getPriorityGrouping              
0000065d  Interrupt_setPriority                      
000006ad  Interrupt_getPriority                      
000006d3  Interrupt_enableInterrupt                  
00000745  Interrupt_disableInterrupt                 
000007b7  Interrupt_isEnabled                        
00000841  Interrupt_pendInterrupt                    
000008b1  Interrupt_unpendInterrupt                  
000008ff  Interrupt_setPriorityMask                  
0000090f  Interrupt_getPriorityMask                  
00000919  Interrupt_setVectorTableAddress            
00000929  Interrupt_getVectorTableAddress            
0000092f  Interrupt_enableSleepOnIsrExit             
00000941  Interrupt_disableSleepOnIsrExit            
00000971  SystemCoreClockUpdate                      
00000be9  SystemInit                                 
00000ca5  SysCtl_getTLVInfo                          
00000d1b  SysCtl_getSRAMSize                         
00000d21  SysCtl_getFlashSize                        
00000d27  SysCtl_disableNMISource                    
00000d3b  SysCtl_enableNMISource                     
00000d4f  SysCtl_getNMISourceStatus                  
00000d59  SysCtl_enableSRAMBank                      
00000d75  SysCtl_disableSRAMBank                     
00000ddd  SysCtl_enableSRAMBankRetention             
00000df9  SysCtl_disableSRAMBankRetention            
00000e15  SysCtl_rebootDevice                        
00000e1f  SysCtl_enablePeripheralAtCPUHalt           
00000e33  SysCtl_disablePeripheralAtCPUHalt          
00000e47  SysCtl_setWDTTimeoutResetType              
00000e6b  SysCtl_setWDTPasswordViolationResetType    
00000e8f  SysCtl_enableGlitchFilter                  
00000e9b  SysCtl_disableGlitchFilter                 
00000ea7  SysCtl_getTempCalibrationConstant          
00000eed  WDT_A_holdTimer                            
00000f0d  WDT_A_startTimer                           
00000f2d  WDT_A_clearTimer                           
00000f4d  WDT_A_initWatchdogTimer                    
00000f69  WDT_A_initIntervalTimer                    
00000f85  WDT_A_setPasswordViolationReset            
00000f91  WDT_A_setTimeoutReset                      
00000f9d  WDT_A_registerInterrupt                    
00000fb1  WDT_A_unregisterInterrupt                  
00000fc5  main                                       
00001081  __aeabi_memcpy                             
00001081  __aeabi_memcpy4                            
00001081  __aeabi_memcpy8                            
00001081  memcpy                                     
0000111d  __TI_decompress_lzss                       
00001185  __TI_auto_init_nobinit_nopinit             
000011c9  CPU_cpsid                                  
000011d5  CPU_primask                                
000011df  CPU_cpsie                                  
000011eb  CPU_wfi                                    
000011ef  CPU_basepriSet                             
000011fd  CPU_basepriGet                             
00001209  _c_int00_noargs                            
0000123d  __TI_zero_init_nomemset                    
00001259  __TI_decompress_none                       
00001267  Reset_Handler                              
00001273  ADC14_IRQHandler                           
00001273  AES256_IRQHandler                          
00001273  BusFault_Handler                           
00001273  COMP_E0_IRQHandler                         
00001273  COMP_E1_IRQHandler                         
00001273  CS_IRQHandler                              
00001273  DMA_ERR_IRQHandler                         
00001273  DMA_INT0_IRQHandler                        
00001273  DMA_INT1_IRQHandler                        
00001273  DMA_INT2_IRQHandler                        
00001273  DMA_INT3_IRQHandler                        
00001273  DebugMon_Handler                           
00001273  Default_Handler                            
00001273  EUSCIA0_IRQHandler                         
00001273  EUSCIA1_IRQHandler                         
00001273  EUSCIA2_IRQHandler                         
00001273  EUSCIA3_IRQHandler                         
00001273  EUSCIB0_IRQHandler                         
00001273  EUSCIB1_IRQHandler                         
00001273  EUSCIB2_IRQHandler                         
00001273  EUSCIB3_IRQHandler                         
00001273  FLCTL_IRQHandler                           
00001273  FPU_IRQHandler                             
00001273  HardFault_Handler                          
00001273  MemManage_Handler                          
00001273  NMI_Handler                                
00001273  PCM_IRQHandler                             
00001273  PORT1_IRQHandler                           
00001273  PORT2_IRQHandler                           
00001273  PORT3_IRQHandler                           
00001273  PORT4_IRQHandler                           
00001273  PORT5_IRQHandler                           
00001273  PORT6_IRQHandler                           
00001273  PSS_IRQHandler                             
00001273  PendSV_Handler                             
00001273  RTC_C_IRQHandler                           
00001273  SVC_Handler                                
00001273  SysTick_Handler                            
00001273  T32_INT1_IRQHandler                        
00001273  T32_INT2_IRQHandler                        
00001273  T32_INTC_IRQHandler                        
00001273  TA0_0_IRQHandler                           
00001273  TA0_N_IRQHandler                           
00001273  TA1_0_IRQHandler                           
00001273  TA1_N_IRQHandler                           
00001273  TA2_0_IRQHandler                           
00001273  TA2_N_IRQHandler                           
00001273  TA3_0_IRQHandler                           
00001273  TA3_N_IRQHandler                           
00001273  UsageFault_Handler                         
00001273  WDT_A_IRQHandler                           
00001275  _system_pre_init                           
00001279  C$$EXIT                                    
00001279  abort                                      
00001358  __TI_Handler_Table_Base                    
00001364  __TI_Handler_Table_Limit                   
00001380  __TI_CINIT_Base                            
00001398  __TI_CINIT_Limit                           
20000000  __start___llvm_prf_cnts                    
20000000  __stop___llvm_prf_cnts                     
20000000  g_pfnRAMVectors                            
200000e8  i                                          
200000ec  SystemCoreClock                            
2000fe00  __stack                                    
20010000  __STACK_END                                
4000480c  WDTCTL_SYM                                 
ffffffff  __TI_pprof_out_hndl                        
ffffffff  __TI_prof_data_size                        
ffffffff  __TI_prof_data_start                       
ffffffff  __binit__                                  
ffffffff  __c_args__                                 
ffffffff  binit                                      
UNDEFED   __mpu_init                                 
UNDEFED   _system_post_cinit                         

[162 symbols]
