******************************************************************************
                  TI ARM Linker PC v20.2.5                     
******************************************************************************
>> Linked Sat Apr  2 18:04:19 2022

OUTPUT FILE NAME:   <LineFollower.out>
ENTRY POINT SYMBOL: "_c_int00_noargs"  address: 000075ad


MEMORY CONFIGURATION

         name            origin    length      used     unused   attr    fill
----------------------  --------  ---------  --------  --------  ----  --------
  MAIN                  00000000   00040000  0000797e  00038682  R  X
  INFO                  00200000   00004000  00000000  00004000  R  X
  SRAM_CODE             01000000   00010000  00000b38  0000f4c8  RW X
  SRAM_DATA             20000000   00010000  00000b38  0000f4c8  RW  


SEGMENT ALLOCATION MAP

run origin  load origin   length   init length attrs members
----------  ----------- ---------- ----------- ----- -------
00000000    00000000    00007980   00007980    r-x
  00000000    00000000    000000e4   000000e4    r-- .intvecs
  000000e4    000000e4    00007696   00007696    r-x .text
  0000777c    0000777c    00000114   00000114    r-- .const
  00007890    00007890    000000f0   000000f0    r-- .cinit
20000000    20000000    00000938   00000000    rw-
  20000000    20000000    000000e8   00000000    rw- .vtable
  200000e8    200000e8    00000400   00000000    rw- .sysmem
  200004e8    200004e8    0000026c   00000000    rw- .data
  20000754    20000754    000001e4   00000000    rw- .bss
2000fe00    2000fe00    00000200   00000000    rw-
  2000fe00    2000fe00    00000200   00000000    rw- .stack


SECTION ALLOCATION MAP

 output                                  attributes/
section   page    origin      length       input sections
--------  ----  ----------  ----------   ----------------
.intvecs   0    00000000    000000e4     
                  00000000    000000e4     startup_msp432p401r_ccs.obj (.intvecs:retain)

.text      0    000000e4    00007696     
                  000000e4    000015a8     flash.obj (.text)
                  0000168c    000011fe     FSM.obj (.text)
                  0000288a    00000002     rtsv7M4_T_le_v4SPD16_eabi.lib : _lock.c.obj (.text:_nop)
                  0000288c    00000c5c     cs.obj (.text)
                  000034e8    00000834     pcm.obj (.text)
                  00003d1c    00000798     timer_a.obj (.text)
                  000044b4    000006bc     UART0.obj (.text)
                  00004b70    00000554     rtc_c.obj (.text)
                  000050c4    00000480     gpio.obj (.text)
                  00005544    0000040c     interrupt.obj (.text)
                  00005950    00000368     main.obj (.text)
                  00005cb8    00000334     system_msp432p401r.obj (.text)
                  00005fec    00000248     sysctl.obj (.text)
                  00006234    000001c0     Reflectance.obj (.text)
                  000063f4    00000110     rtsv7M4_T_le_v4SPD16_eabi.lib : fopen.c.obj (.text:_openfile)
                  00006504    00000108     Motor.obj (.text)
                  0000660c    00000100     rtsv7M4_T_le_v4SPD16_eabi.lib : memory.c.obj (.text:aligned_alloc)
                  0000670c    000000e8     PWM.obj (.text)
                  000067f4    000000e4     rtsv7M4_T_le_v4SPD16_eabi.lib : memory.c.obj (.text:free)
                  000068d8    000000dc                                   : setvbuf.c.obj (.text:setvbuf)
                  000069b4    000000d8     wdt_a.obj (.text)
                  00006a8c    000000bc     rtsv7M4_T_le_v4SPD16_eabi.lib : open.c.obj (.text:open)
                  00006b48    000000b8                                   : add_device.c.obj (.text:add_device)
                  00006c00    000000ac     Clock_DL.obj (.text)
                  00006cac    0000009c     rtsv7M4_T_le_v4SPD16_eabi.lib : fopen.c.obj (.text:fopen)
                  00006d48    0000009c                                   : memcpy_t2.asm.obj (.text)
                  00006de4    0000007a                                   : memset_t2.asm.obj (.text)
                  00006e5e    00000002     --HOLE-- [fill = 0]
                  00006e60    00000078     TimerA1.obj (.text)
                  00006ed8    00000074     rtsv7M4_T_le_v4SPD16_eabi.lib : fclose.c.obj (.text:__TI_closefile)
                  00006f4c    00000070                                   : memory.c.obj (.text:split)
                  00006fbc    0000006c                                   : hostrename.c.obj (.text:HOSTrename)
                  00007028    00000068                                   : hostlseek.c.obj (.text:HOSTlseek)
                  00007090    00000068                                   : copy_decompress_lzss.c.obj (.text:decompress:lzss:__TI_decompress_lzss)
                  000070f8    00000060                                   : hostopen.c.obj (.text:HOSTopen)
                  00007158    0000005c                                   : close.c.obj (.text:close)
                  000071b4    00000058                                   : hostread.c.obj (.text:HOSTread)
                  0000720c    00000058                                   : hostwrite.c.obj (.text:HOSTwrite)
                  00007264    0000004c     Bump.obj (.text)
                  000072b0    0000004c     rtsv7M4_T_le_v4SPD16_eabi.lib : fflush.c.obj (.text:__TI_doflush)
                  000072fc    00000048                                   : exit.c.obj (.text:exit)
                  00007344    00000044                                   : hostclose.c.obj (.text:HOSTclose)
                  00007388    00000044                                   : hostunlink.c.obj (.text:HOSTunlink)
                  000073cc    00000044                                   : autoinit.c.obj (.text:__TI_auto_init_nobinit_nopinit:__TI_auto_init_nobinit_nopinit)
                  00007410    00000044                                   : getdevice.c.obj (.text:getdevice)
                  00007454    00000042     LaunchPad.obj (.text)
                  00007496    0000003e     cpu.obj (.text)
                  000074d4    00000038     rtsv7M4_T_le_v4SPD16_eabi.lib : trgmsg.c.obj (.text:__TI_writemsg)
                  0000750c    00000036                                   : strncpy.c.obj (.text:strncpy)
                  00007542    00000002     --HOLE-- [fill = 0]
                  00007544    00000034                                   : fopen.c.obj (.text:__TI_cleanup)
                  00007578    00000034                                   : trgmsg.c.obj (.text:__TI_readmsg)
                  000075ac    00000034                                   : boot_cortex_m.c.obj (.text:_c_int00_noargs:_c_int00_noargs)
                  000075e0    00000034                                   : fopen.c.obj (.text:freopen)
                  00007614    00000030                                   : getdevice.c.obj (.text:finddevice)
                  00007644    0000002c                                   : unlink.c.obj (.text:unlink)
                  00007670    00000028                                   : memory.c.obj (.text:free_list_insert)
                  00007698    00000028                                   : write.c.obj (.text:write)
                  000076c0    0000001c                                   : copy_zero_init.c.obj (.text:decompress:ZI:__TI_zero_init_nomemset:__TI_zero_init_nomemset)
                  000076dc    0000001c                                   : memory.c.obj (.text:free_list_remove)
                  000076f8    00000018                                   : strcmp.c.obj (.text:strcmp)
                  00007710    00000016                                   : strchr.c.obj (.text:strchr)
                  00007726    00000014                                   : strcpy.c.obj (.text:strcpy)
                  0000773a    00000014                                   : strlen.c.obj (.text:strlen)
                  0000774e    0000000e                                   : copy_decompress_none.c.obj (.text:decompress:none:__TI_decompress_none)
                  0000775c    0000000e     startup_msp432p401r_ccs.obj (.text)
                  0000776a    00000008     rtsv7M4_T_le_v4SPD16_eabi.lib : memory.c.obj (.text:malloc)
                  00007772    00000004                                   : pre_init.c.obj (.text:_system_pre_init)
                  00007776    00000004                                   : exit.c.obj (.text:abort:abort)

.const     0    0000777c    00000114     
                  0000777c    00000050     interrupt.obj (.const:g_pulRegs)
                  000077cc    00000030     gpio.obj (.const:GPIO_PORT_TO_BASE)
                  000077fc    00000020     interrupt.obj (.const:g_pulPriority)
                  0000781c    0000001c     gpio.obj (.const:GPIO_PORT_TO_INT)
                  00007838    00000018     TimerA1.obj (.const:$P$T0$1)
                  00007850    00000010     Reflectance.obj (.const:$P$T0$1)
                  00007860    00000010     main.obj (.const:$P$T0$1)
                  00007870    00000008     interrupt.obj (.const:g_pulDisRegs)
                  00007878    00000008     interrupt.obj (.const:g_pulEnRegs)
                  00007880    00000008     interrupt.obj (.const:g_pulPendRegs)
                  00007888    00000008     interrupt.obj (.const:g_pulUnpendRegs)

.cinit     0    00007890    000000f0     
                  00007890    000000b7     (.cinit..data.load) [load image, compression = lzss]
                  00007947    00000001     --HOLE-- [fill = 0]
                  00007948    0000000c     (__TI_handler_table)
                  00007954    00000004     --HOLE-- [fill = 0]
                  00007958    00000008     (.cinit..bss.load) [load image, compression = zero_init]
                  00007960    00000008     (.cinit..vtable.load) [load image, compression = zero_init]
                  00007968    00000018     (__TI_cinit_table)

.init_array 
*          0    00000000    00000000     UNINITIALIZED

.binit     0    00000000    00000000     

.vtable    0    20000000    000000e8     UNINITIALIZED
                  20000000    000000e8     interrupt.obj (.vtable)

.sysmem    0    200000e8    00000400     UNINITIALIZED
                  200000e8    00000010     rtsv7M4_T_le_v4SPD16_eabi.lib : memory.c.obj (.sysmem)
                  200000f8    000003f0     --HOLE--

.data      0    200004e8    0000026c     UNINITIALIZED
                  200004e8    000000f0     rtsv7M4_T_le_v4SPD16_eabi.lib : defs.c.obj (.data:_ftable)
                  200005d8    00000078                                   : host_device.c.obj (.data:_device)
                  20000650    00000050                                   : host_device.c.obj (.data:_stream)
                  200006a0    00000040     flash.obj (.data:__getBurstProgramRegs)
                  200006e0    00000018     PWM.obj (.data:upDownConfig)
                  200006f8    00000010     PWM.obj (.data:compareConfig_PWM3)
                  20000708    00000010     PWM.obj (.data:compareConfig_PWM4)
                  20000718    00000010     rtsv7M4_T_le_v4SPD16_eabi.lib : defs.c.obj (.data)
                  20000728    0000000c                                   : exit.c.obj (.data:$O1$$)
                  20000734    00000008                                   : _lock.c.obj (.data:$O1$$)
                  2000073c    00000008                                   : memory.c.obj (.data:$O1$$)
                  20000744    00000004                                   : add_device.c.obj (.data)
                  20000748    00000004                                   : fopen.c.obj (.data)
                  2000074c    00000004                                   : open.c.obj (.data)
                  20000750    00000004     system_msp432p401r.obj (.data)

.bss       0    20000754    000001e4     UNINITIALIZED
                  20000754    00000120     rtsv7M4_T_le_v4SPD16_eabi.lib : trgmsg.c.obj (.bss:_CIOBUF_)
                  20000874    000000a0     (.common:__TI_tmpnams)
                  20000914    00000008     cs.obj (.bss)
                  2000091c    00000008     (.common:Messageb)
                  20000924    00000008     (.common:parmbuf)
                  2000092c    00000004     (.common:Messageindexb)
                  20000930    00000004     (.common:TimerA1Task)
                  20000934    00000001     (.common:bump_input)
                  20000935    00000001     (.common:counter)
                  20000936    00000001     (.common:launchpad)
                  20000937    00000001     (.common:reflectance_input)

.stack     0    2000fe00    00000200     UNINITIALIZED
                  2000fe00    00000004     rtsv7M4_T_le_v4SPD16_eabi.lib : boot_cortex_m.c.obj (.stack)
                  2000fe04    000001fc     --HOLE--

__llvm_prf_cnts 
*          0    20000000    00000000     UNINITIALIZED

MODULE SUMMARY

       Module                        code    ro data   rw data
       ------                        ----    -------   -------
    .\
       flash.obj                     5544    0         128    
       FSM.obj                       4606    0         0      
       cs.obj                        3164    0         16     
       pcm.obj                       2100    0         0      
       timer_a.obj                   1944    0         0      
       UART0.obj                     1724    0         24     
       interrupt.obj                 1036    144       464    
       rtc_c.obj                     1364    0         0      
       gpio.obj                      1152    76        0      
       main.obj                      872     16        8      
       system_msp432p401r.obj        820     0         8      
       sysctl.obj                    584     0         0      
       Reflectance.obj               448     16        0      
       PWM.obj                       232     0         112    
       Motor.obj                     264     0         0      
       startup_msp432p401r_ccs.obj   14      228       0      
       wdt_a.obj                     216     0         0      
       Clock_DL.obj                  172     0         0      
       TimerA1.obj                   120     24        8      
       Bump.obj                      76      0         0      
       LaunchPad.obj                 66      0         0      
       cpu.obj                       62      0         0      
    +--+-----------------------------+-------+---------+---------+
       Total:                        26580   504       768    
                                                              
    C:\ti\ccs1110\ccs\tools\compiler\ti-cgt-arm_20.2.5.LTS\lib\rtsv7M4_T_le_v4SPD16_eabi.lib
       defs.c.obj                    0       0         832    
       memory.c.obj                  672     0         16     
       trgmsg.c.obj                  108     0         576    
       fopen.c.obj                   532     0         8      
       host_device.c.obj             0       0         400    
       setvbuf.c.obj                 220     0         0      
       open.c.obj                    188     0         8      
       add_device.c.obj              184     0         8      
       memcpy_t2.asm.obj             156     0         0      
       memset_t2.asm.obj             122     0         0      
       fclose.c.obj                  116     0         0      
       getdevice.c.obj               116     0         0      
       hostopen.c.obj                96      0         16     
       hostrename.c.obj              108     0         0      
       copy_decompress_lzss.c.obj    104     0         0      
       hostlseek.c.obj               104     0         0      
       exit.c.obj                    76      0         24     
       close.c.obj                   92      0         0      
       hostread.c.obj                88      0         0      
       hostwrite.c.obj               88      0         0      
       fflush.c.obj                  76      0         0      
       autoinit.c.obj                68      0         0      
       hostclose.c.obj               68      0         0      
       hostunlink.c.obj              68      0         0      
       strncpy.c.obj                 54      0         0      
       boot_cortex_m.c.obj           52      0         0      
       unlink.c.obj                  44      0         0      
       write.c.obj                   40      0         0      
       copy_zero_init.c.obj          28      0         0      
       strcmp.c.obj                  24      0         0      
       strchr.c.obj                  22      0         0      
       strcpy.c.obj                  20      0         0      
       strlen.c.obj                  20      0         0      
       _lock.c.obj                   2       0         16     
       copy_decompress_none.c.obj    14      0         0      
       pre_init.c.obj                4       0         0      
    +--+-----------------------------+-------+---------+---------+
       Total:                        3774    0         1904   
                                                              
       Heap:                         0       0         2048   
       Stack:                        0       0         1024   
       Linker Generated:             0       235       0      
    +--+-----------------------------+-------+---------+---------+
       Grand Total:                  30354   739       5744   


LINKER GENERATED COPY TABLES

__TI_cinit_table @ 00007968 records: 3, size/record: 8, table size: 24
	.data: load addr=00007890, load size=000000b7 bytes, run addr=200004e8, run size=0000026c bytes, compression=lzss
	.bss: load addr=00007958, load size=00000008 bytes, run addr=20000754, run size=000001e4 bytes, compression=zero_init
	.vtable: load addr=00007960, load size=00000008 bytes, run addr=20000000, run size=000000e8 bytes, compression=zero_init


LINKER GENERATED HANDLER TABLE

__TI_handler_table @ 00007948 records: 3, size/record: 4, table size: 12
	index: 0, handler: __TI_zero_init
	index: 1, handler: __TI_decompress_lzss
	index: 2, handler: __TI_decompress_none


GLOBAL SYMBOLS: SORTED ALPHABETICALLY BY Name 

address   name                                           
-------   ----                                           
00007769  ADC14_IRQHandler                               
00007769  AES256_IRQHandler                              
00007265  Bump_Init                                      
00007271  Bump_Read                                      
00007769  BusFault_Handler                               
00007777  C$$EXIT                                        
00007503  C$$IO$$                                        
00007769  COMP_E0_IRQHandler                             
00007769  COMP_E1_IRQHandler                             
000074cb  CPU_basepriGet                                 
000074bd  CPU_basepriSet                                 
00007497  CPU_cpsid                                      
000074ad  CPU_cpsie                                      
000074a3  CPU_primask                                    
000074b9  CPU_wfi                                        
00007769  CS_IRQHandler                                  
0000345d  CS_clearInterruptFlag                          
00002e35  CS_disableClockRequest                         
00002f13  CS_disableDCOExternalResistor                  
00003345  CS_disableFaultCounter                         
0000340d  CS_disableInterrupt                            
00002e0d  CS_enableClockRequest                          
00002e7d  CS_enableDCOExternalResistor                   
00003319  CS_enableFaultCounter                          
000033e1  CS_enableInterrupt                             
000032ab  CS_getACLK                                     
0000326b  CS_getBCLK                                     
00002ff1  CS_getDCOFrequency                             
0000343d  CS_getEnabledInterruptStatus                   
00003287  CS_getHSMCLK                                   
0000342f  CS_getInterruptStatus                          
000032f1  CS_getMCLK                                     
000032cf  CS_getSMCLK                                    
00002b2d  CS_initClockSignal                             
00003489  CS_registerInterrupt                           
00003371  CS_resetFaultCounter                           
00002f31  CS_setDCOCenteredFrequency                     
00002ea5  CS_setDCOExternalResistorCalibration           
00003109  CS_setDCOFrequency                             
00002af1  CS_setExternalClockSourceFrequency             
00002e57  CS_setReferenceOscillatorFrequency             
0000339d  CS_startFaultCounter                           
00002c31  CS_startHFXT                                   
00002c55  CS_startHFXTWithTimeout                        
00002d19  CS_startLFXT                                   
00002d3d  CS_startLFXTWithTimeout                        
00002f61  CS_tuneDCOFrequency                            
000034a1  CS_unregisterInterrupt                         
00006c89  Clock_Delay1ms                                 
00006c51  Clock_Delay1us                                 
00006c2b  Clock_Init                                     
00007769  DMA_ERR_IRQHandler                             
00007769  DMA_INT0_IRQHandler                            
00007769  DMA_INT1_IRQHandler                            
00007769  DMA_INT2_IRQHandler                            
00007769  DMA_INT3_IRQHandler                            
00007769  DebugMon_Handler                               
00007769  Default_Handler                                
0000676d  Duty_To_CCR                                    
00007769  EUSCIA0_IRQHandler                             
00007769  EUSCIA1_IRQHandler                             
00007769  EUSCIA2_IRQHandler                             
00007769  EUSCIA3_IRQHandler                             
00007769  EUSCIB0_IRQHandler                             
00007769  EUSCIB1_IRQHandler                             
00007769  EUSCIB2_IRQHandler                             
00007769  EUSCIB3_IRQHandler                             
00007769  FLCTL_IRQHandler                               
00007769  FPU_IRQHandler                                 
0000112b  FlashCtl_clearInterruptFlag                    
00000fef  FlashCtl_clearProgramVerification              
00001101  FlashCtl_disableInterrupt                      
00000661  FlashCtl_disableReadBuffering                  
00001059  FlashCtl_disableWordProgramming                
000010ed  FlashCtl_enableInterrupt                       
0000060d  FlashCtl_enableReadBuffering                   
00001029  FlashCtl_enableWordProgramming                 
00000c91  FlashCtl_eraseSector                           
0000111b  FlashCtl_getEnabledInterruptStatus             
00001115  FlashCtl_getInterruptStatus                    
0000028f  FlashCtl_getMemoryInfo                         
00000af1  FlashCtl_getReadMode                           
000010bf  FlashCtl_getWaitState                          
00000b1f  FlashCtl_initiateMassErase                     
00000db9  FlashCtl_initiateSectorErase                   
0000078d  FlashCtl_isSectorProtected                     
00001061  FlashCtl_isWordProgrammingEnabled              
00000b45  FlashCtl_performMassErase                      
00000e49  FlashCtl_programMemory                         
0000072d  FlashCtl_protectSector                         
0000113f  FlashCtl_registerInterrupt                     
00000fb5  FlashCtl_setProgramVerification                
00000a81  FlashCtl_setReadMode                           
00001081  FlashCtl_setWaitState                          
000006bd  FlashCtl_unprotectSector                       
00001153  FlashCtl_unregisterInterrupt                   
00000819  FlashCtl_verifyMemory                          
000053e7  GPIO_clearInterruptFlag                        
000053a7  GPIO_disableInterrupt                          
00005385  GPIO_enableInterrupt                           
0000543f  GPIO_getEnabledInterruptStatus                 
00005357  GPIO_getInputPinValue                          
000053c9  GPIO_getInterruptStatus                        
00005409  GPIO_interruptEdgeSelect                       
000054ff  GPIO_registerInterrupt                         
000050ff  GPIO_setAsInputPin                             
000052b3  GPIO_setAsInputPinWithPullDownResistor         
00005305  GPIO_setAsInputPinWithPullUpResistor           
000050c5  GPIO_setAsOutputPin                            
000051c9  GPIO_setAsPeripheralModuleFunctionInputPin     
00005145  GPIO_setAsPeripheralModuleFunctionOutputPin    
000054bb  GPIO_setDriveStrengthHigh                      
000054dd  GPIO_setDriveStrengthLow                       
0000524d  GPIO_setOutputHighOnPin                        
0000526f  GPIO_setOutputLowOnPin                         
00005291  GPIO_toggleOutputOnPin                         
0000551f  GPIO_unregisterInterrupt                       
00006c01  HFXT_Init                                      
00007345  HOSTclose                                      
00007029  HOSTlseek                                      
000070f9  HOSTopen                                       
000071b5  HOSTread                                       
00006fbd  HOSTrename                                     
00007389  HOSTunlink                                     
0000720d  HOSTwrite                                      
00007769  HardFault_Handler                              
0000168d  InitializeFSM                                  
00005725  Interrupt_disableInterrupt                     
00005557  Interrupt_disableMaster                        
00005921  Interrupt_disableSleepOnIsrExit                
000056b3  Interrupt_enableInterrupt                      
00005547  Interrupt_enableMaster                         
0000590f  Interrupt_enableSleepOnIsrExit                 
0000568d  Interrupt_getPriority                          
00005605  Interrupt_getPriorityGrouping                  
000058ef  Interrupt_getPriorityMask                      
00005909  Interrupt_getVectorTableAddress                
00005797  Interrupt_isEnabled                            
00005821  Interrupt_pendInterrupt                        
00005567  Interrupt_registerInterrupt                    
0000563d  Interrupt_setPriority                          
000055cd  Interrupt_setPriorityGrouping                  
000058df  Interrupt_setPriorityMask                      
000058f9  Interrupt_setVectorTableAddress                
00005891  Interrupt_unpendInterrupt                      
000055b9  Interrupt_unregisterInterrupt                  
00007455  LaunchPad_Init                                 
00007461  LaunchPad_Input                                
00007769  MemManage_Handler                              
2000091c  Messageb                                       
2000092c  Messageindexb                                  
00006561  Motor_Backward                                 
00006535  Motor_Forward                                  
00006505  Motor_Init                                     
0000658d  Motor_Left                                     
000065c1  Motor_Right                                    
000065f5  Motor_Stop                                     
00007769  NMI_Handler                                    
000016b9  NextStateFunction                              
0000256d  OutputFunction                                 
00007769  PCM_IRQHandler                                 
00003cbf  PCM_clearInterruptFlag                         
00003c95  PCM_disableInterrupt                           
00003c6d  PCM_disableRudeMode                            
00003c81  PCM_enableInterrupt                            
00003c5b  PCM_enableRudeMode                             
0000366b  PCM_getCoreVoltageLevel                        
00003caf  PCM_getEnabledInterruptStatus                  
00003ca9  PCM_getInterruptStatus                         
00003611  PCM_getPowerMode                               
00003c4d  PCM_getPowerState                              
00003b85  PCM_gotoLPM0                                   
00003ba3  PCM_gotoLPM0InterruptSafe                      
00003bbf  PCM_gotoLPM3                                   
00003c31  PCM_gotoLPM3InterruptSafe                      
00003b59  PCM_gotoLPM4                                   
00003b69  PCM_gotoLPM4InterruptSafe                      
00003cd3  PCM_registerInterrupt                          
000035df  PCM_setCoreVoltageLevel                        
00003601  PCM_setCoreVoltageLevelNonBlocking             
000035ef  PCM_setCoreVoltageLevelWithTimeout             
00003811  PCM_setPowerMode                               
00003821  PCM_setPowerModeNonBlocking                    
00003831  PCM_setPowerModeWithTimeout                    
00003ae3  PCM_setPowerState                              
00003b05  PCM_setPowerStateNonBlocking                   
00003af3  PCM_setPowerStateWithTimeout                   
00003b15  PCM_shutdownDevice                             
00003ce7  PCM_unregisterInterrupt                        
00007769  PORT1_IRQHandler                               
00007769  PORT2_IRQHandler                               
00007769  PORT3_IRQHandler                               
00007769  PORT4_IRQHandler                               
00007769  PORT5_IRQHandler                               
00007769  PORT6_IRQHandler                               
00007769  PSS_IRQHandler                                 
000067b5  PWM_Duty_Left                                  
0000678f  PWM_Duty_Right                                 
0000670d  PWM_Init                                       
00007769  PendSV_Handler                                 
00007769  RTC_C_IRQHandler                               
0000501d  RTC_C_clearInterruptFlag                       
00004e2f  RTC_C_convertBCDToBinary                       
00004e47  RTC_C_convertBinaryToBCD                       
00004d73  RTC_C_definePrescaleEvent                      
00004ec9  RTC_C_disableInterrupt                         
00004e65  RTC_C_enableInterrupt                          
00004ca5  RTC_C_getCalendarTime                          
00004f99  RTC_C_getEnabledInterruptStatus                
00004f35  RTC_C_getInterruptStatus                       
00004db3  RTC_C_getPrescaleValue                         
00004b8f  RTC_C_holdClock                                
00004c33  RTC_C_initCalendar                             
00005063  RTC_C_registerInterrupt                        
00004d0b  RTC_C_setCalendarAlarm                         
00004d43  RTC_C_setCalendarEvent                         
00004bdd  RTC_C_setCalibrationData                       
00004bad  RTC_C_setCalibrationFrequency                  
00004ddf  RTC_C_setPrescaleValue                         
00004c09  RTC_C_setTemperatureCompensation               
00004b71  RTC_C_startClock                               
00005077  RTC_C_unregisterInterrupt                      
0000630f  Reflectance_Center                             
000062ef  Reflectance_End                                
00006235  Reflectance_Init                               
0000636d  Reflectance_Position                           
00006261  Reflectance_Read                               
000062bd  Reflectance_Start                              
0000775d  Reset_Handler                                  
00007769  SVC_Handler                                    
000061e3  SysCtl_disableGlitchFilter                     
0000606f  SysCtl_disableNMISource                        
0000617b  SysCtl_disablePeripheralAtCPUHalt              
000060bd  SysCtl_disableSRAMBank                         
00006141  SysCtl_disableSRAMBankRetention                
000061d7  SysCtl_enableGlitchFilter                      
00006083  SysCtl_enableNMISource                         
00006167  SysCtl_enablePeripheralAtCPUHalt               
000060a1  SysCtl_enableSRAMBank                          
00006125  SysCtl_enableSRAMBankRetention                 
00006069  SysCtl_getFlashSize                            
00006097  SysCtl_getNMISourceStatus                      
00006063  SysCtl_getSRAMSize                             
00005fed  SysCtl_getTLVInfo                              
000061ef  SysCtl_getTempCalibrationConstant              
0000615d  SysCtl_rebootDevice                            
000061b3  SysCtl_setWDTPasswordViolationResetType        
0000618f  SysCtl_setWDTTimeoutResetType                  
00007769  SysTick_Handler                                
20000750  SystemCoreClock                                
00005cb9  SystemCoreClockUpdate                          
00005f31  SystemInit                                     
00007769  T32_INT1_IRQHandler                            
00007769  T32_INT2_IRQHandler                            
00007769  T32_INTC_IRQHandler                            
00007769  TA0_0_IRQHandler                               
00007769  TA0_N_IRQHandler                               
00006ebb  TA1_0_IRQHandler                               
00006ebb  TA1_0_IRQHandler                               
00007769  TA1_N_IRQHandler                               
00007769  TA2_0_IRQHandler                               
00007769  TA2_N_IRQHandler                               
00007769  TA3_0_IRQHandler                               
00007769  TA3_N_IRQHandler                               
00005951  Task                                           
20000930  TimerA1Task                                    
00006e61  TimerA1_Init                                   
00006eab  TimerA1_Stop                                   
000041e7  Timer_A_clearCaptureCompareInterrupt           
000041d1  Timer_A_clearInterruptFlag                     
0000404f  Timer_A_clearTimer                             
00003e77  Timer_A_configureContinuousMode                
00003f05  Timer_A_configureUpDownMode                    
00003ea7  Timer_A_configureUpMode                        
00004275  Timer_A_disableCaptureCompareInterrupt         
00004223  Timer_A_disableInterrupt                       
00004249  Timer_A_enableCaptureCompareInterrupt          
0000420f  Timer_A_enableInterrupt                        
0000411b  Timer_A_generatePWM                            
000040c1  Timer_A_getCaptureCompareCount                 
000042dd  Timer_A_getCaptureCompareEnabledInterruptStatus
0000429d  Timer_A_getCaptureCompareInterruptStatus       
00004003  Timer_A_getCounterValue                        
000042c5  Timer_A_getEnabledInterruptStatus              
00004237  Timer_A_getInterruptStatus                     
00004093  Timer_A_getOutputForOutputModeOutBitValue      
00004063  Timer_A_getSynchronizedCaptureCompareInput     
00003f63  Timer_A_initCapture                            
00003fb5  Timer_A_initCompare                            
00004319  Timer_A_registerInterrupt                      
000041a5  Timer_A_setCompareValue                        
000040e3  Timer_A_setOutputForOutputModeOutBitValue      
00003e61  Timer_A_startCounter                           
00004191  Timer_A_stopTimer                              
000043eb  Timer_A_unregisterInterrupt                    
000044fb  UART0_InChar                                   
00004985  UART0_InString                                 
00004545  UART0_InUDec                                   
00004839  UART0_InUHex                                   
000044b5  UART0_Init                                     
00004ae5  UART0_Initprintf                               
0000450b  UART0_OutChar                                  
00004527  UART0_OutString                                
000045c9  UART0_OutUDec                                  
00004735  UART0_OutUDec4                                 
00004789  UART0_OutUDec5                                 
000047c5  UART0_OutUFix1                                 
000047ed  UART0_OutUFix2                                 
000048fd  UART0_OutUHex                                  
00004969  UART0_OutUHex2                                 
00007769  UsageFault_Handler                             
4000480c  WDTCTL_SYM                                     
00007769  WDT_A_IRQHandler                               
000069f5  WDT_A_clearTimer                               
000069b5  WDT_A_holdTimer                                
00006a31  WDT_A_initIntervalTimer                        
00006a15  WDT_A_initWatchdogTimer                        
00006a65  WDT_A_registerInterrupt                        
00006a4d  WDT_A_setPasswordViolationReset                
00006a59  WDT_A_setTimeoutReset                          
000069d5  WDT_A_startTimer                               
00006a79  WDT_A_unregisterInterrupt                      
20000754  __CIOBUF_                                      
0000155f  __FlashCtl_remaskBurstDataPost                 
0000143d  __FlashCtl_remaskBurstDataPre                  
00001281  __FlashCtl_remaskData32Post                    
00001365  __FlashCtl_remaskData32Pre                     
00001163  __FlashCtl_remaskData8Post                     
000011e3  __FlashCtl_remaskData8Pre                      
20010000  __STACK_END                                    
00000200  __STACK_SIZE                                   
00000400  __SYSMEM_SIZE                                  
00007968  __TI_CINIT_Base                                
00007980  __TI_CINIT_Limit                               
00007948  __TI_Handler_Table_Base                        
00007954  __TI_Handler_Table_Limit                       
000073cd  __TI_auto_init_nobinit_nopinit                 
00007545  __TI_cleanup                                   
20000728  __TI_cleanup_ptr                               
00006ed9  __TI_closefile                                 
00007091  __TI_decompress_lzss                           
0000774f  __TI_decompress_none                           
000072b1  __TI_doflush                                   
2000072c  __TI_dtors_ptr                                 
20000730  __TI_enable_exit_profile_output                
20000718  __TI_ft_end                                    
ffffffff  __TI_pprof_out_hndl                            
ffffffff  __TI_prof_data_size                            
ffffffff  __TI_prof_data_start                           
00007579  __TI_readmsg                                   
00000000  __TI_static_base__                             
20000874  __TI_tmpnams                                   
000074d5  __TI_writemsg                                  
000076c1  __TI_zero_init_nomemset                        
00006de5  __aeabi_memclr                                 
00006de5  __aeabi_memclr4                                
00006de5  __aeabi_memclr8                                
00006d49  __aeabi_memcpy                                 
00006d49  __aeabi_memcpy4                                
00006d49  __aeabi_memcpy8                                
00006de7  __aeabi_memset                                 
00006de7  __aeabi_memset4                                
00006de7  __aeabi_memset8                                
20000724  __aeabi_stderr                                 
2000071c  __aeabi_stdin                                  
20000720  __aeabi_stdout                                 
ffffffff  __binit__                                      
ffffffff  __c_args__                                     
UNDEFED   __mpu_init                                     
2000fe00  __stack                                        
20000000  __start___llvm_prf_cnts                        
20000000  __stop___llvm_prf_cnts                         
000075ad  _c_int00_noargs                                
200005d8  _device                                        
200004e8  _ftable                                        
20000734  _lock                                          
0000288b  _nop                                           
20000650  _stream                                        
200000e8  _sys_memory                                    
UNDEFED   _system_post_cinit                             
00007773  _system_pre_init                               
20000738  _unlock                                        
00007777  abort                                          
00006b49  add_device                                     
0000660d  aligned_alloc                                  
ffffffff  binit                                          
20000934  bump_input                                     
00007159  close                                          
200006f8  compareConfig_PWM3                             
20000708  compareConfig_PWM4                             
20000935  counter                                        
00006c7b  delay                                          
000072fd  exit                                           
00004a1f  ferror                                         
000049ff  fgetc                                          
00007615  finddevice                                     
00006cad  fopen                                          
000067f5  free                                           
000075e1  freopen                                        
20000000  g_pfnRAMVectors                                
00007411  getdevice                                      
00000000  interruptVectors                               
20000936  launchpad                                      
00005a15  main                                           
0000776b  malloc                                         
0000660d  memalign                                       
00006d49  memcpy                                         
00006ded  memset                                         
00006a8d  open                                           
00004941  outnibble                                      
20000924  parmbuf                                        
00005993  position                                       
20000937  reflectance_input                              
00007645  remove                                         
000068d9  setvbuf                                        
00007711  strchr                                         
000076f9  strcmp                                         
00007727  strcpy                                         
0000773b  strlen                                         
0000750d  strncpy                                        
00004a3d  uart_close                                     
00004abb  uart_lseek                                     
00004a2d  uart_open                                      
00004a4f  uart_read                                      
00004ad7  uart_rename                                    
00004acb  uart_unlink                                    
00004a79  uart_write                                     
00007645  unlink                                         
200006e0  upDownConfig                                   
00007699  write                                          


GLOBAL SYMBOLS: SORTED BY Symbol Address 

address   name                                           
-------   ----                                           
00000000  __TI_static_base__                             
00000000  interruptVectors                               
00000200  __STACK_SIZE                                   
0000028f  FlashCtl_getMemoryInfo                         
00000400  __SYSMEM_SIZE                                  
0000060d  FlashCtl_enableReadBuffering                   
00000661  FlashCtl_disableReadBuffering                  
000006bd  FlashCtl_unprotectSector                       
0000072d  FlashCtl_protectSector                         
0000078d  FlashCtl_isSectorProtected                     
00000819  FlashCtl_verifyMemory                          
00000a81  FlashCtl_setReadMode                           
00000af1  FlashCtl_getReadMode                           
00000b1f  FlashCtl_initiateMassErase                     
00000b45  FlashCtl_performMassErase                      
00000c91  FlashCtl_eraseSector                           
00000db9  FlashCtl_initiateSectorErase                   
00000e49  FlashCtl_programMemory                         
00000fb5  FlashCtl_setProgramVerification                
00000fef  FlashCtl_clearProgramVerification              
00001029  FlashCtl_enableWordProgramming                 
00001059  FlashCtl_disableWordProgramming                
00001061  FlashCtl_isWordProgrammingEnabled              
00001081  FlashCtl_setWaitState                          
000010bf  FlashCtl_getWaitState                          
000010ed  FlashCtl_enableInterrupt                       
00001101  FlashCtl_disableInterrupt                      
00001115  FlashCtl_getInterruptStatus                    
0000111b  FlashCtl_getEnabledInterruptStatus             
0000112b  FlashCtl_clearInterruptFlag                    
0000113f  FlashCtl_registerInterrupt                     
00001153  FlashCtl_unregisterInterrupt                   
00001163  __FlashCtl_remaskData8Post                     
000011e3  __FlashCtl_remaskData8Pre                      
00001281  __FlashCtl_remaskData32Post                    
00001365  __FlashCtl_remaskData32Pre                     
0000143d  __FlashCtl_remaskBurstDataPre                  
0000155f  __FlashCtl_remaskBurstDataPost                 
0000168d  InitializeFSM                                  
000016b9  NextStateFunction                              
0000256d  OutputFunction                                 
0000288b  _nop                                           
00002af1  CS_setExternalClockSourceFrequency             
00002b2d  CS_initClockSignal                             
00002c31  CS_startHFXT                                   
00002c55  CS_startHFXTWithTimeout                        
00002d19  CS_startLFXT                                   
00002d3d  CS_startLFXTWithTimeout                        
00002e0d  CS_enableClockRequest                          
00002e35  CS_disableClockRequest                         
00002e57  CS_setReferenceOscillatorFrequency             
00002e7d  CS_enableDCOExternalResistor                   
00002ea5  CS_setDCOExternalResistorCalibration           
00002f13  CS_disableDCOExternalResistor                  
00002f31  CS_setDCOCenteredFrequency                     
00002f61  CS_tuneDCOFrequency                            
00002ff1  CS_getDCOFrequency                             
00003109  CS_setDCOFrequency                             
0000326b  CS_getBCLK                                     
00003287  CS_getHSMCLK                                   
000032ab  CS_getACLK                                     
000032cf  CS_getSMCLK                                    
000032f1  CS_getMCLK                                     
00003319  CS_enableFaultCounter                          
00003345  CS_disableFaultCounter                         
00003371  CS_resetFaultCounter                           
0000339d  CS_startFaultCounter                           
000033e1  CS_enableInterrupt                             
0000340d  CS_disableInterrupt                            
0000342f  CS_getInterruptStatus                          
0000343d  CS_getEnabledInterruptStatus                   
0000345d  CS_clearInterruptFlag                          
00003489  CS_registerInterrupt                           
000034a1  CS_unregisterInterrupt                         
000035df  PCM_setCoreVoltageLevel                        
000035ef  PCM_setCoreVoltageLevelWithTimeout             
00003601  PCM_setCoreVoltageLevelNonBlocking             
00003611  PCM_getPowerMode                               
0000366b  PCM_getCoreVoltageLevel                        
00003811  PCM_setPowerMode                               
00003821  PCM_setPowerModeNonBlocking                    
00003831  PCM_setPowerModeWithTimeout                    
00003ae3  PCM_setPowerState                              
00003af3  PCM_setPowerStateWithTimeout                   
00003b05  PCM_setPowerStateNonBlocking                   
00003b15  PCM_shutdownDevice                             
00003b59  PCM_gotoLPM4                                   
00003b69  PCM_gotoLPM4InterruptSafe                      
00003b85  PCM_gotoLPM0                                   
00003ba3  PCM_gotoLPM0InterruptSafe                      
00003bbf  PCM_gotoLPM3                                   
00003c31  PCM_gotoLPM3InterruptSafe                      
00003c4d  PCM_getPowerState                              
00003c5b  PCM_enableRudeMode                             
00003c6d  PCM_disableRudeMode                            
00003c81  PCM_enableInterrupt                            
00003c95  PCM_disableInterrupt                           
00003ca9  PCM_getInterruptStatus                         
00003caf  PCM_getEnabledInterruptStatus                  
00003cbf  PCM_clearInterruptFlag                         
00003cd3  PCM_registerInterrupt                          
00003ce7  PCM_unregisterInterrupt                        
00003e61  Timer_A_startCounter                           
00003e77  Timer_A_configureContinuousMode                
00003ea7  Timer_A_configureUpMode                        
00003f05  Timer_A_configureUpDownMode                    
00003f63  Timer_A_initCapture                            
00003fb5  Timer_A_initCompare                            
00004003  Timer_A_getCounterValue                        
0000404f  Timer_A_clearTimer                             
00004063  Timer_A_getSynchronizedCaptureCompareInput     
00004093  Timer_A_getOutputForOutputModeOutBitValue      
000040c1  Timer_A_getCaptureCompareCount                 
000040e3  Timer_A_setOutputForOutputModeOutBitValue      
0000411b  Timer_A_generatePWM                            
00004191  Timer_A_stopTimer                              
000041a5  Timer_A_setCompareValue                        
000041d1  Timer_A_clearInterruptFlag                     
000041e7  Timer_A_clearCaptureCompareInterrupt           
0000420f  Timer_A_enableInterrupt                        
00004223  Timer_A_disableInterrupt                       
00004237  Timer_A_getInterruptStatus                     
00004249  Timer_A_enableCaptureCompareInterrupt          
00004275  Timer_A_disableCaptureCompareInterrupt         
0000429d  Timer_A_getCaptureCompareInterruptStatus       
000042c5  Timer_A_getEnabledInterruptStatus              
000042dd  Timer_A_getCaptureCompareEnabledInterruptStatus
00004319  Timer_A_registerInterrupt                      
000043eb  Timer_A_unregisterInterrupt                    
000044b5  UART0_Init                                     
000044fb  UART0_InChar                                   
0000450b  UART0_OutChar                                  
00004527  UART0_OutString                                
00004545  UART0_InUDec                                   
000045c9  UART0_OutUDec                                  
00004735  UART0_OutUDec4                                 
00004789  UART0_OutUDec5                                 
000047c5  UART0_OutUFix1                                 
000047ed  UART0_OutUFix2                                 
00004839  UART0_InUHex                                   
000048fd  UART0_OutUHex                                  
00004941  outnibble                                      
00004969  UART0_OutUHex2                                 
00004985  UART0_InString                                 
000049ff  fgetc                                          
00004a1f  ferror                                         
00004a2d  uart_open                                      
00004a3d  uart_close                                     
00004a4f  uart_read                                      
00004a79  uart_write                                     
00004abb  uart_lseek                                     
00004acb  uart_unlink                                    
00004ad7  uart_rename                                    
00004ae5  UART0_Initprintf                               
00004b71  RTC_C_startClock                               
00004b8f  RTC_C_holdClock                                
00004bad  RTC_C_setCalibrationFrequency                  
00004bdd  RTC_C_setCalibrationData                       
00004c09  RTC_C_setTemperatureCompensation               
00004c33  RTC_C_initCalendar                             
00004ca5  RTC_C_getCalendarTime                          
00004d0b  RTC_C_setCalendarAlarm                         
00004d43  RTC_C_setCalendarEvent                         
00004d73  RTC_C_definePrescaleEvent                      
00004db3  RTC_C_getPrescaleValue                         
00004ddf  RTC_C_setPrescaleValue                         
00004e2f  RTC_C_convertBCDToBinary                       
00004e47  RTC_C_convertBinaryToBCD                       
00004e65  RTC_C_enableInterrupt                          
00004ec9  RTC_C_disableInterrupt                         
00004f35  RTC_C_getInterruptStatus                       
00004f99  RTC_C_getEnabledInterruptStatus                
0000501d  RTC_C_clearInterruptFlag                       
00005063  RTC_C_registerInterrupt                        
00005077  RTC_C_unregisterInterrupt                      
000050c5  GPIO_setAsOutputPin                            
000050ff  GPIO_setAsInputPin                             
00005145  GPIO_setAsPeripheralModuleFunctionOutputPin    
000051c9  GPIO_setAsPeripheralModuleFunctionInputPin     
0000524d  GPIO_setOutputHighOnPin                        
0000526f  GPIO_setOutputLowOnPin                         
00005291  GPIO_toggleOutputOnPin                         
000052b3  GPIO_setAsInputPinWithPullDownResistor         
00005305  GPIO_setAsInputPinWithPullUpResistor           
00005357  GPIO_getInputPinValue                          
00005385  GPIO_enableInterrupt                           
000053a7  GPIO_disableInterrupt                          
000053c9  GPIO_getInterruptStatus                        
000053e7  GPIO_clearInterruptFlag                        
00005409  GPIO_interruptEdgeSelect                       
0000543f  GPIO_getEnabledInterruptStatus                 
000054bb  GPIO_setDriveStrengthHigh                      
000054dd  GPIO_setDriveStrengthLow                       
000054ff  GPIO_registerInterrupt                         
0000551f  GPIO_unregisterInterrupt                       
00005547  Interrupt_enableMaster                         
00005557  Interrupt_disableMaster                        
00005567  Interrupt_registerInterrupt                    
000055b9  Interrupt_unregisterInterrupt                  
000055cd  Interrupt_setPriorityGrouping                  
00005605  Interrupt_getPriorityGrouping                  
0000563d  Interrupt_setPriority                          
0000568d  Interrupt_getPriority                          
000056b3  Interrupt_enableInterrupt                      
00005725  Interrupt_disableInterrupt                     
00005797  Interrupt_isEnabled                            
00005821  Interrupt_pendInterrupt                        
00005891  Interrupt_unpendInterrupt                      
000058df  Interrupt_setPriorityMask                      
000058ef  Interrupt_getPriorityMask                      
000058f9  Interrupt_setVectorTableAddress                
00005909  Interrupt_getVectorTableAddress                
0000590f  Interrupt_enableSleepOnIsrExit                 
00005921  Interrupt_disableSleepOnIsrExit                
00005951  Task                                           
00005993  position                                       
00005a15  main                                           
00005cb9  SystemCoreClockUpdate                          
00005f31  SystemInit                                     
00005fed  SysCtl_getTLVInfo                              
00006063  SysCtl_getSRAMSize                             
00006069  SysCtl_getFlashSize                            
0000606f  SysCtl_disableNMISource                        
00006083  SysCtl_enableNMISource                         
00006097  SysCtl_getNMISourceStatus                      
000060a1  SysCtl_enableSRAMBank                          
000060bd  SysCtl_disableSRAMBank                         
00006125  SysCtl_enableSRAMBankRetention                 
00006141  SysCtl_disableSRAMBankRetention                
0000615d  SysCtl_rebootDevice                            
00006167  SysCtl_enablePeripheralAtCPUHalt               
0000617b  SysCtl_disablePeripheralAtCPUHalt              
0000618f  SysCtl_setWDTTimeoutResetType                  
000061b3  SysCtl_setWDTPasswordViolationResetType        
000061d7  SysCtl_enableGlitchFilter                      
000061e3  SysCtl_disableGlitchFilter                     
000061ef  SysCtl_getTempCalibrationConstant              
00006235  Reflectance_Init                               
00006261  Reflectance_Read                               
000062bd  Reflectance_Start                              
000062ef  Reflectance_End                                
0000630f  Reflectance_Center                             
0000636d  Reflectance_Position                           
00006505  Motor_Init                                     
00006535  Motor_Forward                                  
00006561  Motor_Backward                                 
0000658d  Motor_Left                                     
000065c1  Motor_Right                                    
000065f5  Motor_Stop                                     
0000660d  aligned_alloc                                  
0000660d  memalign                                       
0000670d  PWM_Init                                       
0000676d  Duty_To_CCR                                    
0000678f  PWM_Duty_Right                                 
000067b5  PWM_Duty_Left                                  
000067f5  free                                           
000068d9  setvbuf                                        
000069b5  WDT_A_holdTimer                                
000069d5  WDT_A_startTimer                               
000069f5  WDT_A_clearTimer                               
00006a15  WDT_A_initWatchdogTimer                        
00006a31  WDT_A_initIntervalTimer                        
00006a4d  WDT_A_setPasswordViolationReset                
00006a59  WDT_A_setTimeoutReset                          
00006a65  WDT_A_registerInterrupt                        
00006a79  WDT_A_unregisterInterrupt                      
00006a8d  open                                           
00006b49  add_device                                     
00006c01  HFXT_Init                                      
00006c2b  Clock_Init                                     
00006c51  Clock_Delay1us                                 
00006c7b  delay                                          
00006c89  Clock_Delay1ms                                 
00006cad  fopen                                          
00006d49  __aeabi_memcpy                                 
00006d49  __aeabi_memcpy4                                
00006d49  __aeabi_memcpy8                                
00006d49  memcpy                                         
00006de5  __aeabi_memclr                                 
00006de5  __aeabi_memclr4                                
00006de5  __aeabi_memclr8                                
00006de7  __aeabi_memset                                 
00006de7  __aeabi_memset4                                
00006de7  __aeabi_memset8                                
00006ded  memset                                         
00006e61  TimerA1_Init                                   
00006eab  TimerA1_Stop                                   
00006ebb  TA1_0_IRQHandler                               
00006ebb  TA1_0_IRQHandler                               
00006ed9  __TI_closefile                                 
00006fbd  HOSTrename                                     
00007029  HOSTlseek                                      
00007091  __TI_decompress_lzss                           
000070f9  HOSTopen                                       
00007159  close                                          
000071b5  HOSTread                                       
0000720d  HOSTwrite                                      
00007265  Bump_Init                                      
00007271  Bump_Read                                      
000072b1  __TI_doflush                                   
000072fd  exit                                           
00007345  HOSTclose                                      
00007389  HOSTunlink                                     
000073cd  __TI_auto_init_nobinit_nopinit                 
00007411  getdevice                                      
00007455  LaunchPad_Init                                 
00007461  LaunchPad_Input                                
00007497  CPU_cpsid                                      
000074a3  CPU_primask                                    
000074ad  CPU_cpsie                                      
000074b9  CPU_wfi                                        
000074bd  CPU_basepriSet                                 
000074cb  CPU_basepriGet                                 
000074d5  __TI_writemsg                                  
00007503  C$$IO$$                                        
0000750d  strncpy                                        
00007545  __TI_cleanup                                   
00007579  __TI_readmsg                                   
000075ad  _c_int00_noargs                                
000075e1  freopen                                        
00007615  finddevice                                     
00007645  remove                                         
00007645  unlink                                         
00007699  write                                          
000076c1  __TI_zero_init_nomemset                        
000076f9  strcmp                                         
00007711  strchr                                         
00007727  strcpy                                         
0000773b  strlen                                         
0000774f  __TI_decompress_none                           
0000775d  Reset_Handler                                  
00007769  ADC14_IRQHandler                               
00007769  AES256_IRQHandler                              
00007769  BusFault_Handler                               
00007769  COMP_E0_IRQHandler                             
00007769  COMP_E1_IRQHandler                             
00007769  CS_IRQHandler                                  
00007769  DMA_ERR_IRQHandler                             
00007769  DMA_INT0_IRQHandler                            
00007769  DMA_INT1_IRQHandler                            
00007769  DMA_INT2_IRQHandler                            
00007769  DMA_INT3_IRQHandler                            
00007769  DebugMon_Handler                               
00007769  Default_Handler                                
00007769  EUSCIA0_IRQHandler                             
00007769  EUSCIA1_IRQHandler                             
00007769  EUSCIA2_IRQHandler                             
00007769  EUSCIA3_IRQHandler                             
00007769  EUSCIB0_IRQHandler                             
00007769  EUSCIB1_IRQHandler                             
00007769  EUSCIB2_IRQHandler                             
00007769  EUSCIB3_IRQHandler                             
00007769  FLCTL_IRQHandler                               
00007769  FPU_IRQHandler                                 
00007769  HardFault_Handler                              
00007769  MemManage_Handler                              
00007769  NMI_Handler                                    
00007769  PCM_IRQHandler                                 
00007769  PORT1_IRQHandler                               
00007769  PORT2_IRQHandler                               
00007769  PORT3_IRQHandler                               
00007769  PORT4_IRQHandler                               
00007769  PORT5_IRQHandler                               
00007769  PORT6_IRQHandler                               
00007769  PSS_IRQHandler                                 
00007769  PendSV_Handler                                 
00007769  RTC_C_IRQHandler                               
00007769  SVC_Handler                                    
00007769  SysTick_Handler                                
00007769  T32_INT1_IRQHandler                            
00007769  T32_INT2_IRQHandler                            
00007769  T32_INTC_IRQHandler                            
00007769  TA0_0_IRQHandler                               
00007769  TA0_N_IRQHandler                               
00007769  TA1_N_IRQHandler                               
00007769  TA2_0_IRQHandler                               
00007769  TA2_N_IRQHandler                               
00007769  TA3_0_IRQHandler                               
00007769  TA3_N_IRQHandler                               
00007769  UsageFault_Handler                             
00007769  WDT_A_IRQHandler                               
0000776b  malloc                                         
00007773  _system_pre_init                               
00007777  C$$EXIT                                        
00007777  abort                                          
00007948  __TI_Handler_Table_Base                        
00007954  __TI_Handler_Table_Limit                       
00007968  __TI_CINIT_Base                                
00007980  __TI_CINIT_Limit                               
20000000  __start___llvm_prf_cnts                        
20000000  __stop___llvm_prf_cnts                         
20000000  g_pfnRAMVectors                                
200000e8  _sys_memory                                    
200004e8  _ftable                                        
200005d8  _device                                        
20000650  _stream                                        
200006e0  upDownConfig                                   
200006f8  compareConfig_PWM3                             
20000708  compareConfig_PWM4                             
20000718  __TI_ft_end                                    
2000071c  __aeabi_stdin                                  
20000720  __aeabi_stdout                                 
20000724  __aeabi_stderr                                 
20000728  __TI_cleanup_ptr                               
2000072c  __TI_dtors_ptr                                 
20000730  __TI_enable_exit_profile_output                
20000734  _lock                                          
20000738  _unlock                                        
20000750  SystemCoreClock                                
20000754  __CIOBUF_                                      
20000874  __TI_tmpnams                                   
2000091c  Messageb                                       
20000924  parmbuf                                        
2000092c  Messageindexb                                  
20000930  TimerA1Task                                    
20000934  bump_input                                     
20000935  counter                                        
20000936  launchpad                                      
20000937  reflectance_input                              
2000fe00  __stack                                        
20010000  __STACK_END                                    
4000480c  WDTCTL_SYM                                     
ffffffff  __TI_pprof_out_hndl                            
ffffffff  __TI_prof_data_size                            
ffffffff  __TI_prof_data_start                           
ffffffff  __binit__                                      
ffffffff  __c_args__                                     
ffffffff  binit                                          
UNDEFED   __mpu_init                                     
UNDEFED   _system_post_cinit                             

[430 symbols]
