<?xml version="1.0" encoding="ISO-8859-1" ?>
<link_info>
   <banner>TI ARM Linker PC v20.2.5.LTS</banner>
   <copyright>Copyright (c) 1996-2018 Texas Instruments Incorporated</copyright>
   <link_time>0x6248bd07</link_time>
   <link_errors>0x0</link_errors>
   <output_file>LineFollower.out</output_file>
   <entry_point>
      <name>_c_int00_noargs</name>
      <address>0x71d9</address>
   </entry_point>
   <input_file_list>
      <input_file id="fl-2">
         <path>.\</path>
         <kind>object</kind>
         <file>Bump.obj</file>
         <name>Bump.obj</name>
      </input_file>
      <input_file id="fl-3">
         <path>.\</path>
         <kind>object</kind>
         <file>Clock_DL.obj</file>
         <name>Clock_DL.obj</name>
      </input_file>
      <input_file id="fl-4">
         <path>.\</path>
         <kind>object</kind>
         <file>FSM.obj</file>
         <name>FSM.obj</name>
      </input_file>
      <input_file id="fl-5">
         <path>.\</path>
         <kind>object</kind>
         <file>LaunchPad.obj</file>
         <name>LaunchPad.obj</name>
      </input_file>
      <input_file id="fl-6">
         <path>.\</path>
         <kind>object</kind>
         <file>Motor.obj</file>
         <name>Motor.obj</name>
      </input_file>
      <input_file id="fl-7">
         <path>.\</path>
         <kind>object</kind>
         <file>PWM.obj</file>
         <name>PWM.obj</name>
      </input_file>
      <input_file id="fl-8">
         <path>.\</path>
         <kind>object</kind>
         <file>Reflectance.obj</file>
         <name>Reflectance.obj</name>
      </input_file>
      <input_file id="fl-9">
         <path>.\</path>
         <kind>object</kind>
         <file>TimerA1.obj</file>
         <name>TimerA1.obj</name>
      </input_file>
      <input_file id="fl-a">
         <path>.\</path>
         <kind>object</kind>
         <file>UART0.obj</file>
         <name>UART0.obj</name>
      </input_file>
      <input_file id="fl-b">
         <path>.\</path>
         <kind>object</kind>
         <file>adc14.obj</file>
         <name>adc14.obj</name>
      </input_file>
      <input_file id="fl-c">
         <path>.\</path>
         <kind>object</kind>
         <file>aes256.obj</file>
         <name>aes256.obj</name>
      </input_file>
      <input_file id="fl-d">
         <path>.\</path>
         <kind>object</kind>
         <file>comp_e.obj</file>
         <name>comp_e.obj</name>
      </input_file>
      <input_file id="fl-e">
         <path>.\</path>
         <kind>object</kind>
         <file>cpu.obj</file>
         <name>cpu.obj</name>
      </input_file>
      <input_file id="fl-f">
         <path>.\</path>
         <kind>object</kind>
         <file>crc32.obj</file>
         <name>crc32.obj</name>
      </input_file>
      <input_file id="fl-10">
         <path>.\</path>
         <kind>object</kind>
         <file>cs.obj</file>
         <name>cs.obj</name>
      </input_file>
      <input_file id="fl-11">
         <path>.\</path>
         <kind>object</kind>
         <file>dma.obj</file>
         <name>dma.obj</name>
      </input_file>
      <input_file id="fl-12">
         <path>.\</path>
         <kind>object</kind>
         <file>flash.obj</file>
         <name>flash.obj</name>
      </input_file>
      <input_file id="fl-13">
         <path>.\</path>
         <kind>object</kind>
         <file>fpu.obj</file>
         <name>fpu.obj</name>
      </input_file>
      <input_file id="fl-14">
         <path>.\</path>
         <kind>object</kind>
         <file>gpio.obj</file>
         <name>gpio.obj</name>
      </input_file>
      <input_file id="fl-15">
         <path>.\</path>
         <kind>object</kind>
         <file>i2c.obj</file>
         <name>i2c.obj</name>
      </input_file>
      <input_file id="fl-16">
         <path>.\</path>
         <kind>object</kind>
         <file>interrupt.obj</file>
         <name>interrupt.obj</name>
      </input_file>
      <input_file id="fl-17">
         <path>.\</path>
         <kind>object</kind>
         <file>main.obj</file>
         <name>main.obj</name>
      </input_file>
      <input_file id="fl-18">
         <path>.\</path>
         <kind>object</kind>
         <file>mpu.obj</file>
         <name>mpu.obj</name>
      </input_file>
      <input_file id="fl-19">
         <path>.\</path>
         <kind>object</kind>
         <file>pcm.obj</file>
         <name>pcm.obj</name>
      </input_file>
      <input_file id="fl-1a">
         <path>.\</path>
         <kind>object</kind>
         <file>pmap.obj</file>
         <name>pmap.obj</name>
      </input_file>
      <input_file id="fl-1b">
         <path>.\</path>
         <kind>object</kind>
         <file>pss.obj</file>
         <name>pss.obj</name>
      </input_file>
      <input_file id="fl-1c">
         <path>.\</path>
         <kind>object</kind>
         <file>ref_a.obj</file>
         <name>ref_a.obj</name>
      </input_file>
      <input_file id="fl-1d">
         <path>.\</path>
         <kind>object</kind>
         <file>reset.obj</file>
         <name>reset.obj</name>
      </input_file>
      <input_file id="fl-1e">
         <path>.\</path>
         <kind>object</kind>
         <file>rtc_c.obj</file>
         <name>rtc_c.obj</name>
      </input_file>
      <input_file id="fl-1f">
         <path>.\</path>
         <kind>object</kind>
         <file>spi.obj</file>
         <name>spi.obj</name>
      </input_file>
      <input_file id="fl-20">
         <path>.\</path>
         <kind>object</kind>
         <file>startup_msp432p401r_ccs.obj</file>
         <name>startup_msp432p401r_ccs.obj</name>
      </input_file>
      <input_file id="fl-21">
         <path>.\</path>
         <kind>object</kind>
         <file>sysctl.obj</file>
         <name>sysctl.obj</name>
      </input_file>
      <input_file id="fl-22">
         <path>.\</path>
         <kind>object</kind>
         <file>system_msp432p401r.obj</file>
         <name>system_msp432p401r.obj</name>
      </input_file>
      <input_file id="fl-23">
         <path>.\</path>
         <kind>object</kind>
         <file>systick.obj</file>
         <name>systick.obj</name>
      </input_file>
      <input_file id="fl-24">
         <path>.\</path>
         <kind>object</kind>
         <file>timer32.obj</file>
         <name>timer32.obj</name>
      </input_file>
      <input_file id="fl-25">
         <path>.\</path>
         <kind>object</kind>
         <file>timer_a.obj</file>
         <name>timer_a.obj</name>
      </input_file>
      <input_file id="fl-26">
         <path>.\</path>
         <kind>object</kind>
         <file>uart.obj</file>
         <name>uart.obj</name>
      </input_file>
      <input_file id="fl-27">
         <path>.\</path>
         <kind>object</kind>
         <file>wdt_a.obj</file>
         <name>wdt_a.obj</name>
      </input_file>
      <input_file id="fl-2b">
         <kind>object</kind>
         <file>&lt;internal&gt;</file>
         <name>&lt;internal&gt;</name>
      </input_file>
      <input_file id="fl-e1">
         <path>C:\ti\ccs1110\ccs\tools\compiler\ti-cgt-arm_20.2.5.LTS\lib\</path>
         <kind>archive</kind>
         <file>rtsv7M4_T_le_v4SPD16_eabi.lib</file>
         <name>fopen.c.obj</name>
      </input_file>
      <input_file id="fl-e2">
         <path>C:\ti\ccs1110\ccs\tools\compiler\ti-cgt-arm_20.2.5.LTS\lib\</path>
         <kind>archive</kind>
         <file>rtsv7M4_T_le_v4SPD16_eabi.lib</file>
         <name>setvbuf.c.obj</name>
      </input_file>
      <input_file id="fl-e3">
         <path>C:\ti\ccs1110\ccs\tools\compiler\ti-cgt-arm_20.2.5.LTS\lib\</path>
         <kind>archive</kind>
         <file>rtsv7M4_T_le_v4SPD16_eabi.lib</file>
         <name>memcpy_t2.asm.obj</name>
      </input_file>
      <input_file id="fl-e4">
         <path>C:\ti\ccs1110\ccs\tools\compiler\ti-cgt-arm_20.2.5.LTS\lib\</path>
         <kind>archive</kind>
         <file>rtsv7M4_T_le_v4SPD16_eabi.lib</file>
         <name>memset_t2.asm.obj</name>
      </input_file>
      <input_file id="fl-e5">
         <path>C:\ti\ccs1110\ccs\tools\compiler\ti-cgt-arm_20.2.5.LTS\lib\</path>
         <kind>archive</kind>
         <file>rtsv7M4_T_le_v4SPD16_eabi.lib</file>
         <name>copy_zero_init.c.obj</name>
      </input_file>
      <input_file id="fl-e6">
         <path>C:\ti\ccs1110\ccs\tools\compiler\ti-cgt-arm_20.2.5.LTS\lib\</path>
         <kind>archive</kind>
         <file>rtsv7M4_T_le_v4SPD16_eabi.lib</file>
         <name>copy_decompress_none.c.obj</name>
      </input_file>
      <input_file id="fl-e7">
         <path>C:\ti\ccs1110\ccs\tools\compiler\ti-cgt-arm_20.2.5.LTS\lib\</path>
         <kind>archive</kind>
         <file>rtsv7M4_T_le_v4SPD16_eabi.lib</file>
         <name>copy_decompress_lzss.c.obj</name>
      </input_file>
      <input_file id="fl-e8">
         <path>C:\ti\ccs1110\ccs\tools\compiler\ti-cgt-arm_20.2.5.LTS\lib\</path>
         <kind>archive</kind>
         <file>rtsv7M4_T_le_v4SPD16_eabi.lib</file>
         <name>exit.c.obj</name>
      </input_file>
      <input_file id="fl-e9">
         <path>C:\ti\ccs1110\ccs\tools\compiler\ti-cgt-arm_20.2.5.LTS\lib\</path>
         <kind>archive</kind>
         <file>rtsv7M4_T_le_v4SPD16_eabi.lib</file>
         <name>_lock.c.obj</name>
      </input_file>
      <input_file id="fl-ea">
         <path>C:\ti\ccs1110\ccs\tools\compiler\ti-cgt-arm_20.2.5.LTS\lib\</path>
         <kind>archive</kind>
         <file>rtsv7M4_T_le_v4SPD16_eabi.lib</file>
         <name>defs.c.obj</name>
      </input_file>
      <input_file id="fl-eb">
         <path>C:\ti\ccs1110\ccs\tools\compiler\ti-cgt-arm_20.2.5.LTS\lib\</path>
         <kind>archive</kind>
         <file>rtsv7M4_T_le_v4SPD16_eabi.lib</file>
         <name>memory.c.obj</name>
      </input_file>
      <input_file id="fl-ec">
         <path>C:\ti\ccs1110\ccs\tools\compiler\ti-cgt-arm_20.2.5.LTS\lib\</path>
         <kind>archive</kind>
         <file>rtsv7M4_T_le_v4SPD16_eabi.lib</file>
         <name>boot_cortex_m.c.obj</name>
      </input_file>
      <input_file id="fl-ed">
         <path>C:\ti\ccs1110\ccs\tools\compiler\ti-cgt-arm_20.2.5.LTS\lib\</path>
         <kind>archive</kind>
         <file>rtsv7M4_T_le_v4SPD16_eabi.lib</file>
         <name>open.c.obj</name>
      </input_file>
      <input_file id="fl-ee">
         <path>C:\ti\ccs1110\ccs\tools\compiler\ti-cgt-arm_20.2.5.LTS\lib\</path>
         <kind>archive</kind>
         <file>rtsv7M4_T_le_v4SPD16_eabi.lib</file>
         <name>add_device.c.obj</name>
      </input_file>
      <input_file id="fl-ef">
         <path>C:\ti\ccs1110\ccs\tools\compiler\ti-cgt-arm_20.2.5.LTS\lib\</path>
         <kind>archive</kind>
         <file>rtsv7M4_T_le_v4SPD16_eabi.lib</file>
         <name>fclose.c.obj</name>
      </input_file>
      <input_file id="fl-f0">
         <path>C:\ti\ccs1110\ccs\tools\compiler\ti-cgt-arm_20.2.5.LTS\lib\</path>
         <kind>archive</kind>
         <file>rtsv7M4_T_le_v4SPD16_eabi.lib</file>
         <name>fflush.c.obj</name>
      </input_file>
      <input_file id="fl-f1">
         <path>C:\ti\ccs1110\ccs\tools\compiler\ti-cgt-arm_20.2.5.LTS\lib\</path>
         <kind>archive</kind>
         <file>rtsv7M4_T_le_v4SPD16_eabi.lib</file>
         <name>getdevice.c.obj</name>
      </input_file>
      <input_file id="fl-f2">
         <path>C:\ti\ccs1110\ccs\tools\compiler\ti-cgt-arm_20.2.5.LTS\lib\</path>
         <kind>archive</kind>
         <file>rtsv7M4_T_le_v4SPD16_eabi.lib</file>
         <name>autoinit.c.obj</name>
      </input_file>
      <input_file id="fl-f3">
         <path>C:\ti\ccs1110\ccs\tools\compiler\ti-cgt-arm_20.2.5.LTS\lib\</path>
         <kind>archive</kind>
         <file>rtsv7M4_T_le_v4SPD16_eabi.lib</file>
         <name>pre_init.c.obj</name>
      </input_file>
      <input_file id="fl-f4">
         <path>C:\ti\ccs1110\ccs\tools\compiler\ti-cgt-arm_20.2.5.LTS\lib\</path>
         <kind>archive</kind>
         <file>rtsv7M4_T_le_v4SPD16_eabi.lib</file>
         <name>cpy_tbl.c.obj</name>
      </input_file>
      <input_file id="fl-f5">
         <path>C:\ti\ccs1110\ccs\tools\compiler\ti-cgt-arm_20.2.5.LTS\lib\</path>
         <kind>archive</kind>
         <file>rtsv7M4_T_le_v4SPD16_eabi.lib</file>
         <name>args_main.c.obj</name>
      </input_file>
      <input_file id="fl-f6">
         <path>C:\ti\ccs1110\ccs\tools\compiler\ti-cgt-arm_20.2.5.LTS\lib\</path>
         <kind>archive</kind>
         <file>rtsv7M4_T_le_v4SPD16_eabi.lib</file>
         <name>strchr.c.obj</name>
      </input_file>
      <input_file id="fl-f7">
         <path>C:\ti\ccs1110\ccs\tools\compiler\ti-cgt-arm_20.2.5.LTS\lib\</path>
         <kind>archive</kind>
         <file>rtsv7M4_T_le_v4SPD16_eabi.lib</file>
         <name>strcmp.c.obj</name>
      </input_file>
      <input_file id="fl-f8">
         <path>C:\ti\ccs1110\ccs\tools\compiler\ti-cgt-arm_20.2.5.LTS\lib\</path>
         <kind>archive</kind>
         <file>rtsv7M4_T_le_v4SPD16_eabi.lib</file>
         <name>strncpy.c.obj</name>
      </input_file>
      <input_file id="fl-f9">
         <path>C:\ti\ccs1110\ccs\tools\compiler\ti-cgt-arm_20.2.5.LTS\lib\</path>
         <kind>archive</kind>
         <file>rtsv7M4_T_le_v4SPD16_eabi.lib</file>
         <name>write.c.obj</name>
      </input_file>
      <input_file id="fl-fa">
         <path>C:\ti\ccs1110\ccs\tools\compiler\ti-cgt-arm_20.2.5.LTS\lib\</path>
         <kind>archive</kind>
         <file>rtsv7M4_T_le_v4SPD16_eabi.lib</file>
         <name>host_device.c.obj</name>
      </input_file>
      <input_file id="fl-fb">
         <path>C:\ti\ccs1110\ccs\tools\compiler\ti-cgt-arm_20.2.5.LTS\lib\</path>
         <kind>archive</kind>
         <file>rtsv7M4_T_le_v4SPD16_eabi.lib</file>
         <name>remove.c.obj</name>
      </input_file>
      <input_file id="fl-fc">
         <path>C:\ti\ccs1110\ccs\tools\compiler\ti-cgt-arm_20.2.5.LTS\lib\</path>
         <kind>archive</kind>
         <file>rtsv7M4_T_le_v4SPD16_eabi.lib</file>
         <name>close.c.obj</name>
      </input_file>
      <input_file id="fl-fd">
         <path>C:\ti\ccs1110\ccs\tools\compiler\ti-cgt-arm_20.2.5.LTS\lib\</path>
         <kind>archive</kind>
         <file>rtsv7M4_T_le_v4SPD16_eabi.lib</file>
         <name>unlink.c.obj</name>
      </input_file>
      <input_file id="fl-fe">
         <path>C:\ti\ccs1110\ccs\tools\compiler\ti-cgt-arm_20.2.5.LTS\lib\</path>
         <kind>archive</kind>
         <file>rtsv7M4_T_le_v4SPD16_eabi.lib</file>
         <name>hostclose.c.obj</name>
      </input_file>
      <input_file id="fl-ff">
         <path>C:\ti\ccs1110\ccs\tools\compiler\ti-cgt-arm_20.2.5.LTS\lib\</path>
         <kind>archive</kind>
         <file>rtsv7M4_T_le_v4SPD16_eabi.lib</file>
         <name>hostlseek.c.obj</name>
      </input_file>
      <input_file id="fl-100">
         <path>C:\ti\ccs1110\ccs\tools\compiler\ti-cgt-arm_20.2.5.LTS\lib\</path>
         <kind>archive</kind>
         <file>rtsv7M4_T_le_v4SPD16_eabi.lib</file>
         <name>hostopen.c.obj</name>
      </input_file>
      <input_file id="fl-101">
         <path>C:\ti\ccs1110\ccs\tools\compiler\ti-cgt-arm_20.2.5.LTS\lib\</path>
         <kind>archive</kind>
         <file>rtsv7M4_T_le_v4SPD16_eabi.lib</file>
         <name>hostread.c.obj</name>
      </input_file>
      <input_file id="fl-102">
         <path>C:\ti\ccs1110\ccs\tools\compiler\ti-cgt-arm_20.2.5.LTS\lib\</path>
         <kind>archive</kind>
         <file>rtsv7M4_T_le_v4SPD16_eabi.lib</file>
         <name>hostrename.c.obj</name>
      </input_file>
      <input_file id="fl-103">
         <path>C:\ti\ccs1110\ccs\tools\compiler\ti-cgt-arm_20.2.5.LTS\lib\</path>
         <kind>archive</kind>
         <file>rtsv7M4_T_le_v4SPD16_eabi.lib</file>
         <name>hostunlink.c.obj</name>
      </input_file>
      <input_file id="fl-104">
         <path>C:\ti\ccs1110\ccs\tools\compiler\ti-cgt-arm_20.2.5.LTS\lib\</path>
         <kind>archive</kind>
         <file>rtsv7M4_T_le_v4SPD16_eabi.lib</file>
         <name>hostwrite.c.obj</name>
      </input_file>
      <input_file id="fl-105">
         <path>C:\ti\ccs1110\ccs\tools\compiler\ti-cgt-arm_20.2.5.LTS\lib\</path>
         <kind>archive</kind>
         <file>rtsv7M4_T_le_v4SPD16_eabi.lib</file>
         <name>trgmsg.c.obj</name>
      </input_file>
      <input_file id="fl-106">
         <path>C:\ti\ccs1110\ccs\tools\compiler\ti-cgt-arm_20.2.5.LTS\lib\</path>
         <kind>archive</kind>
         <file>rtsv7M4_T_le_v4SPD16_eabi.lib</file>
         <name>strcpy.c.obj</name>
      </input_file>
      <input_file id="fl-107">
         <path>C:\ti\ccs1110\ccs\tools\compiler\ti-cgt-arm_20.2.5.LTS\lib\</path>
         <kind>archive</kind>
         <file>rtsv7M4_T_le_v4SPD16_eabi.lib</file>
         <name>strlen.c.obj</name>
      </input_file>
   </input_file_list>
   <object_component_list>
      <object_component id="oc-26">
         <name>.intvecs:retain</name>
         <load_address>0x0</load_address>
         <run_address>0x0</run_address>
         <size>0xe4</size>
         <input_file_ref idref="fl-20"/>
      </object_component>
      <object_component id="oc-1d1">
         <name>.text</name>
         <load_address>0xe4</load_address>
         <run_address>0xe4</run_address>
         <size>0x15a8</size>
         <input_file_ref idref="fl-12"/>
      </object_component>
      <object_component id="oc-11c">
         <name>.text</name>
         <load_address>0x168c</load_address>
         <run_address>0x168c</run_address>
         <size>0xf82</size>
         <input_file_ref idref="fl-4"/>
      </object_component>
      <object_component id="oc-2cc">
         <name>.text:_nop</name>
         <load_address>0x260e</load_address>
         <run_address>0x260e</run_address>
         <size>0x2</size>
         <input_file_ref idref="fl-e9"/>
      </object_component>
      <object_component id="oc-1d7">
         <name>.text</name>
         <load_address>0x2610</load_address>
         <run_address>0x2610</run_address>
         <size>0xc5c</size>
         <input_file_ref idref="fl-10"/>
      </object_component>
      <object_component id="oc-1cb">
         <name>.text</name>
         <load_address>0x326c</load_address>
         <run_address>0x326c</run_address>
         <size>0x834</size>
         <input_file_ref idref="fl-19"/>
      </object_component>
      <object_component id="oc-b9">
         <name>.text</name>
         <load_address>0x3aa0</load_address>
         <run_address>0x3aa0</run_address>
         <size>0x798</size>
         <input_file_ref idref="fl-25"/>
      </object_component>
      <object_component id="oc-122">
         <name>.text</name>
         <load_address>0x4238</load_address>
         <run_address>0x4238</run_address>
         <size>0x6bc</size>
         <input_file_ref idref="fl-a"/>
      </object_component>
      <object_component id="oc-266">
         <name>.text</name>
         <load_address>0x48f4</load_address>
         <run_address>0x48f4</run_address>
         <size>0x554</size>
         <input_file_ref idref="fl-1e"/>
      </object_component>
      <object_component id="oc-1b7">
         <name>.text</name>
         <load_address>0x4e48</load_address>
         <run_address>0x4e48</run_address>
         <size>0x480</size>
         <input_file_ref idref="fl-14"/>
      </object_component>
      <object_component id="oc-bf">
         <name>.text</name>
         <load_address>0x52c8</load_address>
         <run_address>0x52c8</run_address>
         <size>0x40c</size>
         <input_file_ref idref="fl-16"/>
      </object_component>
      <object_component id="oc-b2">
         <name>.text</name>
         <load_address>0x56d4</load_address>
         <run_address>0x56d4</run_address>
         <size>0x334</size>
         <input_file_ref idref="fl-22"/>
      </object_component>
      <object_component id="oc-1c3">
         <name>.text</name>
         <load_address>0x5a08</load_address>
         <run_address>0x5a08</run_address>
         <size>0x248</size>
         <input_file_ref idref="fl-21"/>
      </object_component>
      <object_component id="oc-a0">
         <name>.text</name>
         <load_address>0x5c50</load_address>
         <run_address>0x5c50</run_address>
         <size>0x210</size>
         <input_file_ref idref="fl-17"/>
      </object_component>
      <object_component id="oc-fe">
         <name>.text</name>
         <load_address>0x5e60</load_address>
         <run_address>0x5e60</run_address>
         <size>0x1c0</size>
         <input_file_ref idref="fl-8"/>
      </object_component>
      <object_component id="oc-29a">
         <name>.text:_openfile</name>
         <load_address>0x6020</load_address>
         <run_address>0x6020</run_address>
         <size>0x110</size>
         <input_file_ref idref="fl-e1"/>
      </object_component>
      <object_component id="oc-1e8">
         <name>.text</name>
         <load_address>0x6130</load_address>
         <run_address>0x6130</run_address>
         <size>0x108</size>
         <input_file_ref idref="fl-6"/>
      </object_component>
      <object_component id="oc-37e">
         <name>.text:aligned_alloc</name>
         <load_address>0x6238</load_address>
         <run_address>0x6238</run_address>
         <size>0x100</size>
         <input_file_ref idref="fl-eb"/>
      </object_component>
      <object_component id="oc-116">
         <name>.text</name>
         <load_address>0x6338</load_address>
         <run_address>0x6338</run_address>
         <size>0xe8</size>
         <input_file_ref idref="fl-7"/>
      </object_component>
      <object_component id="oc-2ad">
         <name>.text:free</name>
         <load_address>0x6420</load_address>
         <run_address>0x6420</run_address>
         <size>0xe4</size>
         <input_file_ref idref="fl-eb"/>
      </object_component>
      <object_component id="oc-206">
         <name>.text:setvbuf</name>
         <load_address>0x6504</load_address>
         <run_address>0x6504</run_address>
         <size>0xdc</size>
         <input_file_ref idref="fl-e2"/>
      </object_component>
      <object_component id="oc-10a">
         <name>.text</name>
         <load_address>0x65e0</load_address>
         <run_address>0x65e0</run_address>
         <size>0xd8</size>
         <input_file_ref idref="fl-27"/>
      </object_component>
      <object_component id="oc-34c">
         <name>.text:open</name>
         <load_address>0x66b8</load_address>
         <run_address>0x66b8</run_address>
         <size>0xbc</size>
         <input_file_ref idref="fl-ed"/>
      </object_component>
      <object_component id="oc-1f4">
         <name>.text:add_device</name>
         <load_address>0x6774</load_address>
         <run_address>0x6774</run_address>
         <size>0xb8</size>
         <input_file_ref idref="fl-ee"/>
      </object_component>
      <object_component id="oc-110">
         <name>.text</name>
         <load_address>0x682c</load_address>
         <run_address>0x682c</run_address>
         <size>0xac</size>
         <input_file_ref idref="fl-3"/>
      </object_component>
      <object_component id="oc-1fa">
         <name>.text:fopen</name>
         <load_address>0x68d8</load_address>
         <run_address>0x68d8</run_address>
         <size>0x9c</size>
         <input_file_ref idref="fl-e1"/>
      </object_component>
      <object_component id="oc-3a">
         <name>.text</name>
         <load_address>0x6974</load_address>
         <run_address>0x6974</run_address>
         <size>0x9c</size>
         <input_file_ref idref="fl-e3"/>
      </object_component>
      <object_component id="oc-94">
         <name>.text</name>
         <load_address>0x6a10</load_address>
         <run_address>0x6a10</run_address>
         <size>0x7a</size>
         <input_file_ref idref="fl-e4"/>
      </object_component>
      <object_component id="oc-70">
         <name>.text</name>
         <load_address>0x6a8c</load_address>
         <run_address>0x6a8c</run_address>
         <size>0x78</size>
         <input_file_ref idref="fl-9"/>
      </object_component>
      <object_component id="oc-2a6">
         <name>.text:__TI_closefile</name>
         <load_address>0x6b04</load_address>
         <run_address>0x6b04</run_address>
         <size>0x74</size>
         <input_file_ref idref="fl-ef"/>
      </object_component>
      <object_component id="oc-3ef">
         <name>.text:split</name>
         <load_address>0x6b78</load_address>
         <run_address>0x6b78</run_address>
         <size>0x70</size>
         <input_file_ref idref="fl-eb"/>
      </object_component>
      <object_component id="oc-337">
         <name>.text:HOSTrename</name>
         <load_address>0x6be8</load_address>
         <run_address>0x6be8</run_address>
         <size>0x6c</size>
         <input_file_ref idref="fl-102"/>
      </object_component>
      <object_component id="oc-32b">
         <name>.text:HOSTlseek</name>
         <load_address>0x6c54</load_address>
         <run_address>0x6c54</run_address>
         <size>0x68</size>
         <input_file_ref idref="fl-ff"/>
      </object_component>
      <object_component id="oc-17">
         <name>.text:decompress:lzss:__TI_decompress_lzss</name>
         <load_address>0x6cbc</load_address>
         <run_address>0x6cbc</run_address>
         <size>0x68</size>
         <input_file_ref idref="fl-e7"/>
      </object_component>
      <object_component id="oc-313">
         <name>.text:HOSTopen</name>
         <load_address>0x6d24</load_address>
         <run_address>0x6d24</run_address>
         <size>0x60</size>
         <input_file_ref idref="fl-100"/>
      </object_component>
      <object_component id="oc-362">
         <name>.text:close</name>
         <load_address>0x6d84</load_address>
         <run_address>0x6d84</run_address>
         <size>0x5c</size>
         <input_file_ref idref="fl-fc"/>
      </object_component>
      <object_component id="oc-31f">
         <name>.text:HOSTread</name>
         <load_address>0x6de0</load_address>
         <run_address>0x6de0</run_address>
         <size>0x58</size>
         <input_file_ref idref="fl-101"/>
      </object_component>
      <object_component id="oc-325">
         <name>.text:HOSTwrite</name>
         <load_address>0x6e38</load_address>
         <run_address>0x6e38</run_address>
         <size>0x58</size>
         <input_file_ref idref="fl-104"/>
      </object_component>
      <object_component id="oc-104">
         <name>.text</name>
         <load_address>0x6e90</load_address>
         <run_address>0x6e90</run_address>
         <size>0x4c</size>
         <input_file_ref idref="fl-2"/>
      </object_component>
      <object_component id="oc-35c">
         <name>.text:__TI_doflush</name>
         <load_address>0x6edc</load_address>
         <run_address>0x6edc</run_address>
         <size>0x4c</size>
         <input_file_ref idref="fl-f0"/>
      </object_component>
      <object_component id="oc-143">
         <name>.text:exit</name>
         <load_address>0x6f28</load_address>
         <run_address>0x6f28</run_address>
         <size>0x48</size>
         <input_file_ref idref="fl-e8"/>
      </object_component>
      <object_component id="oc-319">
         <name>.text:HOSTclose</name>
         <load_address>0x6f70</load_address>
         <run_address>0x6f70</run_address>
         <size>0x44</size>
         <input_file_ref idref="fl-fe"/>
      </object_component>
      <object_component id="oc-331">
         <name>.text:HOSTunlink</name>
         <load_address>0x6fb4</load_address>
         <run_address>0x6fb4</run_address>
         <size>0x44</size>
         <input_file_ref idref="fl-103"/>
      </object_component>
      <object_component id="oc-149">
         <name>.text:__TI_auto_init_nobinit_nopinit:__TI_auto_init_nobinit_nopinit</name>
         <load_address>0x6ff8</load_address>
         <run_address>0x6ff8</run_address>
         <size>0x44</size>
         <input_file_ref idref="fl-f2"/>
      </object_component>
      <object_component id="oc-3d0">
         <name>.text:getdevice</name>
         <load_address>0x703c</load_address>
         <run_address>0x703c</run_address>
         <size>0x44</size>
         <input_file_ref idref="fl-f1"/>
      </object_component>
      <object_component id="oc-128">
         <name>.text</name>
         <load_address>0x7080</load_address>
         <run_address>0x7080</run_address>
         <size>0x42</size>
         <input_file_ref idref="fl-5"/>
      </object_component>
      <object_component id="oc-186">
         <name>.text</name>
         <load_address>0x70c2</load_address>
         <run_address>0x70c2</run_address>
         <size>0x3e</size>
         <input_file_ref idref="fl-e"/>
      </object_component>
      <object_component id="oc-3a7">
         <name>.text:__TI_writemsg</name>
         <load_address>0x7100</load_address>
         <run_address>0x7100</run_address>
         <size>0x38</size>
         <input_file_ref idref="fl-105"/>
      </object_component>
      <object_component id="oc-28e">
         <name>.text:strncpy</name>
         <load_address>0x7138</load_address>
         <run_address>0x7138</run_address>
         <size>0x36</size>
         <input_file_ref idref="fl-f8"/>
      </object_component>
      <object_component id="oc-2b9">
         <name>.text:__TI_cleanup</name>
         <load_address>0x7170</load_address>
         <run_address>0x7170</run_address>
         <size>0x34</size>
         <input_file_ref idref="fl-e1"/>
      </object_component>
      <object_component id="oc-3ad">
         <name>.text:__TI_readmsg</name>
         <load_address>0x71a4</load_address>
         <run_address>0x71a4</run_address>
         <size>0x34</size>
         <input_file_ref idref="fl-105"/>
      </object_component>
      <object_component id="oc-58">
         <name>.text:_c_int00_noargs:_c_int00_noargs</name>
         <load_address>0x71d8</load_address>
         <run_address>0x71d8</run_address>
         <size>0x34</size>
         <input_file_ref idref="fl-ec"/>
      </object_component>
      <object_component id="oc-200">
         <name>.text:freopen</name>
         <load_address>0x720c</load_address>
         <run_address>0x720c</run_address>
         <size>0x34</size>
         <input_file_ref idref="fl-e1"/>
      </object_component>
      <object_component id="oc-288">
         <name>.text:finddevice</name>
         <load_address>0x7240</load_address>
         <run_address>0x7240</run_address>
         <size>0x30</size>
         <input_file_ref idref="fl-f1"/>
      </object_component>
      <object_component id="oc-368">
         <name>.text:unlink</name>
         <load_address>0x7270</load_address>
         <run_address>0x7270</run_address>
         <size>0x2c</size>
         <input_file_ref idref="fl-fd"/>
      </object_component>
      <object_component id="oc-377">
         <name>.text:free_list_insert</name>
         <load_address>0x729c</load_address>
         <run_address>0x729c</run_address>
         <size>0x28</size>
         <input_file_ref idref="fl-eb"/>
      </object_component>
      <object_component id="oc-3dc">
         <name>.text:write</name>
         <load_address>0x72c4</load_address>
         <run_address>0x72c4</run_address>
         <size>0x28</size>
         <input_file_ref idref="fl-f9"/>
      </object_component>
      <object_component id="oc-46">
         <name>.text:decompress:ZI:__TI_zero_init_nomemset:__TI_zero_init_nomemset</name>
         <load_address>0x72ec</load_address>
         <run_address>0x72ec</run_address>
         <size>0x1c</size>
         <input_file_ref idref="fl-e5"/>
      </object_component>
      <object_component id="oc-371">
         <name>.text:free_list_remove</name>
         <load_address>0x7308</load_address>
         <run_address>0x7308</run_address>
         <size>0x1c</size>
         <input_file_ref idref="fl-eb"/>
      </object_component>
      <object_component id="oc-309">
         <name>.text:strcmp</name>
         <load_address>0x7324</load_address>
         <run_address>0x7324</run_address>
         <size>0x18</size>
         <input_file_ref idref="fl-f7"/>
      </object_component>
      <object_component id="oc-410">
         <name>.text:strchr</name>
         <load_address>0x733c</load_address>
         <run_address>0x733c</run_address>
         <size>0x16</size>
         <input_file_ref idref="fl-f6"/>
      </object_component>
      <object_component id="oc-3c1">
         <name>.text:strcpy</name>
         <load_address>0x7352</load_address>
         <run_address>0x7352</run_address>
         <size>0x14</size>
         <input_file_ref idref="fl-106"/>
      </object_component>
      <object_component id="oc-3a1">
         <name>.text:strlen</name>
         <load_address>0x7366</load_address>
         <run_address>0x7366</run_address>
         <size>0x14</size>
         <input_file_ref idref="fl-107"/>
      </object_component>
      <object_component id="oc-1d">
         <name>.text:decompress:none:__TI_decompress_none</name>
         <load_address>0x737a</load_address>
         <run_address>0x737a</run_address>
         <size>0xe</size>
         <input_file_ref idref="fl-e6"/>
      </object_component>
      <object_component id="oc-6a">
         <name>.text</name>
         <load_address>0x7388</load_address>
         <run_address>0x7388</run_address>
         <size>0xe</size>
         <input_file_ref idref="fl-20"/>
      </object_component>
      <object_component id="oc-2b3">
         <name>.text:malloc</name>
         <load_address>0x7396</load_address>
         <run_address>0x7396</run_address>
         <size>0x8</size>
         <input_file_ref idref="fl-eb"/>
      </object_component>
      <object_component id="oc-9a">
         <name>.text:_system_pre_init</name>
         <load_address>0x739e</load_address>
         <run_address>0x739e</run_address>
         <size>0x4</size>
         <input_file_ref idref="fl-f3"/>
      </object_component>
      <object_component id="oc-13d">
         <name>.text:abort:abort</name>
         <load_address>0x73a2</load_address>
         <run_address>0x73a2</run_address>
         <size>0x4</size>
         <input_file_ref idref="fl-e8"/>
      </object_component>
      <object_component id="oc-192">
         <name>.const:g_pulRegs</name>
         <load_address>0x73a8</load_address>
         <run_address>0x73a8</run_address>
         <size>0x50</size>
         <input_file_ref idref="fl-16"/>
      </object_component>
      <object_component id="oc-256">
         <name>.const:GPIO_PORT_TO_BASE</name>
         <load_address>0x73f8</load_address>
         <run_address>0x73f8</run_address>
         <size>0x30</size>
         <input_file_ref idref="fl-14"/>
      </object_component>
      <object_component id="oc-18f">
         <name>.const:g_pulPriority</name>
         <load_address>0x7428</load_address>
         <run_address>0x7428</run_address>
         <size>0x20</size>
         <input_file_ref idref="fl-16"/>
      </object_component>
      <object_component id="oc-259">
         <name>.const:GPIO_PORT_TO_INT</name>
         <load_address>0x7448</load_address>
         <run_address>0x7448</run_address>
         <size>0x1c</size>
         <input_file_ref idref="fl-14"/>
      </object_component>
      <object_component id="oc-c8">
         <name>.const:$P$T0$1</name>
         <load_address>0x7464</load_address>
         <run_address>0x7464</run_address>
         <size>0x18</size>
         <input_file_ref idref="fl-9"/>
      </object_component>
      <object_component id="oc-1bd">
         <name>.const:$P$T0$1</name>
         <load_address>0x747c</load_address>
         <run_address>0x747c</run_address>
         <size>0x10</size>
         <input_file_ref idref="fl-8"/>
      </object_component>
      <object_component id="oc-133">
         <name>.const:$P$T0$1</name>
         <load_address>0x748c</load_address>
         <run_address>0x748c</run_address>
         <size>0x10</size>
         <input_file_ref idref="fl-17"/>
      </object_component>
      <object_component id="oc-198">
         <name>.const:g_pulDisRegs</name>
         <load_address>0x749c</load_address>
         <run_address>0x749c</run_address>
         <size>0x8</size>
         <input_file_ref idref="fl-16"/>
      </object_component>
      <object_component id="oc-195">
         <name>.const:g_pulEnRegs</name>
         <load_address>0x74a4</load_address>
         <run_address>0x74a4</run_address>
         <size>0x8</size>
         <input_file_ref idref="fl-16"/>
      </object_component>
      <object_component id="oc-19b">
         <name>.const:g_pulPendRegs</name>
         <load_address>0x74ac</load_address>
         <run_address>0x74ac</run_address>
         <size>0x8</size>
         <input_file_ref idref="fl-16"/>
      </object_component>
      <object_component id="oc-19e">
         <name>.const:g_pulUnpendRegs</name>
         <load_address>0x74b4</load_address>
         <run_address>0x74b4</run_address>
         <size>0x8</size>
         <input_file_ref idref="fl-16"/>
      </object_component>
      <object_component id="oc-466">
         <name>.cinit..data.load</name>
         <load_address>0x74c0</load_address>
         <run_address>0x74c0</run_address>
         <size>0xb7</size>
      </object_component>
      <object_component id="oc-463">
         <name>__TI_handler_table</name>
         <load_address>0x7578</load_address>
         <run_address>0x7578</run_address>
         <size>0xc</size>
      </object_component>
      <object_component id="oc-467">
         <name>.cinit..bss.load</name>
         <load_address>0x7588</load_address>
         <run_address>0x7588</run_address>
         <size>0x8</size>
      </object_component>
      <object_component id="oc-465">
         <name>.cinit..vtable.load</name>
         <load_address>0x7590</load_address>
         <run_address>0x7590</run_address>
         <size>0x8</size>
      </object_component>
      <object_component id="oc-464">
         <name>__TI_cinit_table</name>
         <load_address>0x7598</load_address>
         <run_address>0x7598</run_address>
         <size>0x18</size>
      </object_component>
      <object_component id="oc-437">
         <name>.binit</name>
         <load_address>0x0</load_address>
         <run_address>0x0</run_address>
         <size>0x0</size>
      </object_component>
      <object_component id="oc-18c">
         <name>.vtable</name>
         <uninitialized>true</uninitialized>
         <run_address>0x20000000</run_address>
         <size>0xe8</size>
         <input_file_ref idref="fl-16"/>
      </object_component>
      <object_component id="oc-1de">
         <name>.data:upDownConfig</name>
         <load_address>0x200006e0</load_address>
         <run_address>0x200006e0</run_address>
         <size>0x18</size>
         <input_file_ref idref="fl-7"/>
      </object_component>
      <object_component id="oc-1e1">
         <name>.data:compareConfig_PWM3</name>
         <load_address>0x200006f8</load_address>
         <run_address>0x200006f8</run_address>
         <size>0x10</size>
         <input_file_ref idref="fl-7"/>
      </object_component>
      <object_component id="oc-1e4">
         <name>.data:compareConfig_PWM4</name>
         <load_address>0x20000708</load_address>
         <run_address>0x20000708</run_address>
         <size>0x10</size>
         <input_file_ref idref="fl-7"/>
      </object_component>
      <object_component id="oc-26e">
         <name>.data:__getBurstProgramRegs</name>
         <load_address>0x200006a0</load_address>
         <run_address>0x200006a0</run_address>
         <size>0x40</size>
         <input_file_ref idref="fl-12"/>
      </object_component>
      <object_component id="oc-17b">
         <name>.data</name>
         <load_address>0x20000750</load_address>
         <run_address>0x20000750</run_address>
         <size>0x4</size>
         <input_file_ref idref="fl-22"/>
      </object_component>
      <object_component id="oc-2a0">
         <name>.data</name>
         <load_address>0x20000748</load_address>
         <run_address>0x20000748</run_address>
         <size>0x4</size>
         <input_file_ref idref="fl-e1"/>
      </object_component>
      <object_component id="oc-21b">
         <name>.data:$O1$$</name>
         <load_address>0x20000728</load_address>
         <run_address>0x20000728</run_address>
         <size>0xc</size>
         <input_file_ref idref="fl-e8"/>
      </object_component>
      <object_component id="oc-21e">
         <name>.data:$O1$$</name>
         <load_address>0x20000734</load_address>
         <run_address>0x20000734</run_address>
         <size>0x8</size>
         <input_file_ref idref="fl-e9"/>
      </object_component>
      <object_component id="oc-20c">
         <name>.data:_ftable</name>
         <load_address>0x200004e8</load_address>
         <run_address>0x200004e8</run_address>
         <size>0xf0</size>
         <input_file_ref idref="fl-ea"/>
      </object_component>
      <object_component id="oc-2a1">
         <name>.data</name>
         <load_address>0x20000718</load_address>
         <run_address>0x20000718</run_address>
         <size>0x10</size>
         <input_file_ref idref="fl-ea"/>
      </object_component>
      <object_component id="oc-3ea">
         <name>.data:$O1$$</name>
         <load_address>0x2000073c</load_address>
         <run_address>0x2000073c</run_address>
         <size>0x8</size>
         <input_file_ref idref="fl-eb"/>
      </object_component>
      <object_component id="oc-3d6">
         <name>.data</name>
         <load_address>0x2000074c</load_address>
         <run_address>0x2000074c</run_address>
         <size>0x4</size>
         <input_file_ref idref="fl-ed"/>
      </object_component>
      <object_component id="oc-294">
         <name>.data</name>
         <load_address>0x20000744</load_address>
         <run_address>0x20000744</run_address>
         <size>0x4</size>
         <input_file_ref idref="fl-ee"/>
      </object_component>
      <object_component id="oc-295">
         <name>.data:_device</name>
         <load_address>0x200005d8</load_address>
         <run_address>0x200005d8</run_address>
         <size>0x78</size>
         <input_file_ref idref="fl-fa"/>
      </object_component>
      <object_component id="oc-3d7">
         <name>.data:_stream</name>
         <load_address>0x20000650</load_address>
         <run_address>0x20000650</run_address>
         <size>0x50</size>
         <input_file_ref idref="fl-fa"/>
      </object_component>
      <object_component id="oc-273">
         <name>.bss</name>
         <uninitialized>true</uninitialized>
         <run_address>0x20000914</run_address>
         <size>0x8</size>
         <input_file_ref idref="fl-10"/>
      </object_component>
      <object_component id="oc-3fa">
         <name>.bss:_CIOBUF_</name>
         <uninitialized>true</uninitialized>
         <run_address>0x20000754</run_address>
         <size>0x120</size>
         <input_file_ref idref="fl-105"/>
      </object_component>
      <object_component id="oc-c5">
         <name>.common:TimerA1Task</name>
         <uninitialized>true</uninitialized>
         <run_address>0x20000930</run_address>
         <size>0x4</size>
      </object_component>
      <object_component id="oc-1f3">
         <name>.common:Messageindexb</name>
         <uninitialized>true</uninitialized>
         <run_address>0x2000092c</run_address>
         <size>0x4</size>
      </object_component>
      <object_component id="oc-1f0">
         <name>.common:Messageb</name>
         <uninitialized>true</uninitialized>
         <run_address>0x2000091c</run_address>
         <size>0x8</size>
      </object_component>
      <object_component id="oc-12e">
         <name>.common:counter</name>
         <uninitialized>true</uninitialized>
         <run_address>0x20000935</run_address>
         <size>0x1</size>
      </object_component>
      <object_component id="oc-131">
         <name>.common:reflectance_input</name>
         <uninitialized>true</uninitialized>
         <run_address>0x20000937</run_address>
         <size>0x1</size>
      </object_component>
      <object_component id="oc-132">
         <name>.common:bump_input</name>
         <uninitialized>true</uninitialized>
         <run_address>0x20000934</run_address>
         <size>0x1</size>
      </object_component>
      <object_component id="oc-136">
         <name>.common:launchpad</name>
         <uninitialized>true</uninitialized>
         <run_address>0x20000936</run_address>
         <size>0x1</size>
      </object_component>
      <object_component id="oc-36e">
         <name>.common:__TI_tmpnams</name>
         <uninitialized>true</uninitialized>
         <run_address>0x20000874</run_address>
         <size>0xa0</size>
      </object_component>
      <object_component id="oc-3b3">
         <name>.common:parmbuf</name>
         <uninitialized>true</uninitialized>
         <run_address>0x20000924</run_address>
         <size>0x8</size>
      </object_component>
      <object_component id="oc-29">
         <name>.sysmem</name>
         <uninitialized>true</uninitialized>
         <run_address>0x200000e8</run_address>
         <size>0x10</size>
         <input_file_ref idref="fl-eb"/>
      </object_component>
      <object_component id="oc-46a">
         <name>.sysmem</name>
         <uninitialized>true</uninitialized>
         <run_address>0x200000e8</run_address>
         <size>0x0</size>
      </object_component>
      <object_component id="oc-2c">
         <name>.stack</name>
         <uninitialized>true</uninitialized>
         <run_address>0x2000fe00</run_address>
         <size>0x4</size>
         <input_file_ref idref="fl-ec"/>
      </object_component>
      <object_component id="oc-469">
         <name>.stack</name>
         <uninitialized>true</uninitialized>
         <run_address>0x2000fe00</run_address>
         <size>0x0</size>
      </object_component>
      <object_component id="oc-1b6">
         <name>.debug_info</name>
         <load_address>0x0</load_address>
         <run_address>0x0</run_address>
         <size>0x593</size>
         <input_file_ref idref="fl-2"/>
      </object_component>
      <object_component id="oc-106">
         <name>.debug_info</name>
         <load_address>0x593</load_address>
         <run_address>0x593</run_address>
         <size>0x191</size>
         <input_file_ref idref="fl-2"/>
      </object_component>
      <object_component id="oc-23e">
         <name>.debug_info</name>
         <load_address>0x724</load_address>
         <run_address>0x724</run_address>
         <size>0x37e2</size>
         <input_file_ref idref="fl-2"/>
      </object_component>
      <object_component id="oc-dd">
         <name>.debug_info</name>
         <load_address>0x3f06</load_address>
         <run_address>0x3f06</run_address>
         <size>0x26b</size>
         <input_file_ref idref="fl-2"/>
      </object_component>
      <object_component id="oc-1aa">
         <name>.debug_info</name>
         <load_address>0x4171</load_address>
         <run_address>0x4171</run_address>
         <size>0x1055</size>
         <input_file_ref idref="fl-2"/>
      </object_component>
      <object_component id="oc-300">
         <name>.debug_info</name>
         <load_address>0x51c6</load_address>
         <run_address>0x51c6</run_address>
         <size>0x1b5</size>
         <input_file_ref idref="fl-2"/>
      </object_component>
      <object_component id="oc-2f5">
         <name>.debug_info</name>
         <load_address>0x537b</load_address>
         <run_address>0x537b</run_address>
         <size>0xc6</size>
         <input_file_ref idref="fl-2"/>
      </object_component>
      <object_component id="oc-d1">
         <name>.debug_info</name>
         <load_address>0x5441</load_address>
         <run_address>0x5441</run_address>
         <size>0x341</size>
         <input_file_ref idref="fl-2"/>
      </object_component>
      <object_component id="oc-35">
         <name>.debug_info</name>
         <load_address>0x5782</load_address>
         <run_address>0x5782</run_address>
         <size>0x84</size>
         <input_file_ref idref="fl-2"/>
      </object_component>
      <object_component id="oc-1b1">
         <name>.debug_info</name>
         <load_address>0x5806</load_address>
         <run_address>0x5806</run_address>
         <size>0x2a4</size>
         <input_file_ref idref="fl-2"/>
      </object_component>
      <object_component id="oc-180">
         <name>.debug_info</name>
         <load_address>0x5aaa</load_address>
         <run_address>0x5aaa</run_address>
         <size>0xef</size>
         <input_file_ref idref="fl-2"/>
      </object_component>
      <object_component id="oc-d6">
         <name>.debug_info</name>
         <load_address>0x5b99</load_address>
         <run_address>0x5b99</run_address>
         <size>0xbb</size>
         <input_file_ref idref="fl-2"/>
      </object_component>
      <object_component id="oc-111">
         <name>.debug_info</name>
         <load_address>0x5c54</load_address>
         <run_address>0x5c54</run_address>
         <size>0x3ba</size>
         <input_file_ref idref="fl-3"/>
      </object_component>
      <object_component id="oc-cc">
         <name>.debug_info</name>
         <load_address>0x600e</load_address>
         <run_address>0x600e</run_address>
         <size>0x8b</size>
         <input_file_ref idref="fl-3"/>
      </object_component>
      <object_component id="oc-1ef">
         <name>.debug_info</name>
         <load_address>0x6099</load_address>
         <run_address>0x6099</run_address>
         <size>0x692</size>
         <input_file_ref idref="fl-4"/>
      </object_component>
      <object_component id="oc-11d">
         <name>.debug_info</name>
         <load_address>0x672b</load_address>
         <run_address>0x672b</run_address>
         <size>0x3ab</size>
         <input_file_ref idref="fl-4"/>
      </object_component>
      <object_component id="oc-138">
         <name>.debug_info</name>
         <load_address>0x6ad6</load_address>
         <run_address>0x6ad6</run_address>
         <size>0x14a</size>
         <input_file_ref idref="fl-4"/>
      </object_component>
      <object_component id="oc-129">
         <name>.debug_info</name>
         <load_address>0x6c20</load_address>
         <run_address>0x6c20</run_address>
         <size>0x1fc</size>
         <input_file_ref idref="fl-5"/>
      </object_component>
      <object_component id="oc-1ec">
         <name>.debug_info</name>
         <load_address>0x6e1c</load_address>
         <run_address>0x6e1c</run_address>
         <size>0x6d2</size>
         <input_file_ref idref="fl-6"/>
      </object_component>
      <object_component id="oc-1df">
         <name>.debug_info</name>
         <load_address>0x74ee</load_address>
         <run_address>0x74ee</run_address>
         <size>0xd8</size>
         <input_file_ref idref="fl-7"/>
      </object_component>
      <object_component id="oc-1e2">
         <name>.debug_info</name>
         <load_address>0x75c6</load_address>
         <run_address>0x75c6</run_address>
         <size>0xe4</size>
         <input_file_ref idref="fl-7"/>
      </object_component>
      <object_component id="oc-1e5">
         <name>.debug_info</name>
         <load_address>0x76aa</load_address>
         <run_address>0x76aa</run_address>
         <size>0xe4</size>
         <input_file_ref idref="fl-7"/>
      </object_component>
      <object_component id="oc-118">
         <name>.debug_info</name>
         <load_address>0x778e</load_address>
         <run_address>0x778e</run_address>
         <size>0x419</size>
         <input_file_ref idref="fl-7"/>
      </object_component>
      <object_component id="oc-1c1">
         <name>.debug_info</name>
         <load_address>0x7ba7</load_address>
         <run_address>0x7ba7</run_address>
         <size>0x6b9</size>
         <input_file_ref idref="fl-8"/>
      </object_component>
      <object_component id="oc-1be">
         <name>.debug_info</name>
         <load_address>0x8260</load_address>
         <run_address>0x8260</run_address>
         <size>0xd5</size>
         <input_file_ref idref="fl-8"/>
      </object_component>
      <object_component id="oc-ff">
         <name>.debug_info</name>
         <load_address>0x8335</load_address>
         <run_address>0x8335</run_address>
         <size>0x6fa</size>
         <input_file_ref idref="fl-8"/>
      </object_component>
      <object_component id="oc-1a5">
         <name>.debug_info</name>
         <load_address>0x8a2f</load_address>
         <run_address>0x8a2f</run_address>
         <size>0x37e2</size>
         <input_file_ref idref="fl-8"/>
      </object_component>
      <object_component id="oc-c6">
         <name>.debug_info</name>
         <load_address>0xc211</load_address>
         <run_address>0xc211</run_address>
         <size>0x70a</size>
         <input_file_ref idref="fl-9"/>
      </object_component>
      <object_component id="oc-c9">
         <name>.debug_info</name>
         <load_address>0xc91b</load_address>
         <run_address>0xc91b</run_address>
         <size>0xd1</size>
         <input_file_ref idref="fl-9"/>
      </object_component>
      <object_component id="oc-73">
         <name>.debug_info</name>
         <load_address>0xc9ec</load_address>
         <run_address>0xc9ec</run_address>
         <size>0x2db</size>
         <input_file_ref idref="fl-9"/>
      </object_component>
      <object_component id="oc-1f1">
         <name>.debug_info</name>
         <load_address>0xccc7</load_address>
         <run_address>0xccc7</run_address>
         <size>0x776</size>
         <input_file_ref idref="fl-a"/>
      </object_component>
      <object_component id="oc-123">
         <name>.debug_info</name>
         <load_address>0xd43d</load_address>
         <run_address>0xd43d</run_address>
         <size>0x12e1</size>
         <input_file_ref idref="fl-a"/>
      </object_component>
      <object_component id="oc-283">
         <name>.debug_info</name>
         <load_address>0xe71e</load_address>
         <run_address>0xe71e</run_address>
         <size>0xcc</size>
         <input_file_ref idref="fl-a"/>
      </object_component>
      <object_component id="oc-210">
         <name>.debug_info</name>
         <load_address>0xe7ea</load_address>
         <run_address>0xe7ea</run_address>
         <size>0x2c</size>
         <input_file_ref idref="fl-a"/>
      </object_component>
      <object_component id="oc-187">
         <name>.debug_info</name>
         <load_address>0xe816</load_address>
         <run_address>0xe816</run_address>
         <size>0x2b4</size>
         <input_file_ref idref="fl-e"/>
      </object_component>
      <object_component id="oc-277">
         <name>.debug_info</name>
         <load_address>0xeaca</load_address>
         <run_address>0xeaca</run_address>
         <size>0x76d</size>
         <input_file_ref idref="fl-10"/>
      </object_component>
      <object_component id="oc-274">
         <name>.debug_info</name>
         <load_address>0xf237</load_address>
         <run_address>0xf237</run_address>
         <size>0xee</size>
         <input_file_ref idref="fl-10"/>
      </object_component>
      <object_component id="oc-1da">
         <name>.debug_info</name>
         <load_address>0xf325</load_address>
         <run_address>0xf325</run_address>
         <size>0x1ce0</size>
         <input_file_ref idref="fl-10"/>
      </object_component>
      <object_component id="oc-272">
         <name>.debug_info</name>
         <load_address>0x11005</load_address>
         <run_address>0x11005</run_address>
         <size>0x78b</size>
         <input_file_ref idref="fl-12"/>
      </object_component>
      <object_component id="oc-26f">
         <name>.debug_info</name>
         <load_address>0x11790</load_address>
         <run_address>0x11790</run_address>
         <size>0xeb</size>
         <input_file_ref idref="fl-12"/>
      </object_component>
      <object_component id="oc-1d5">
         <name>.debug_info</name>
         <load_address>0x1187b</load_address>
         <run_address>0x1187b</run_address>
         <size>0x366f</size>
         <input_file_ref idref="fl-12"/>
      </object_component>
      <object_component id="oc-25d">
         <name>.debug_info</name>
         <load_address>0x14eea</load_address>
         <run_address>0x14eea</run_address>
         <size>0x676</size>
         <input_file_ref idref="fl-14"/>
      </object_component>
      <object_component id="oc-25a">
         <name>.debug_info</name>
         <load_address>0x15560</load_address>
         <run_address>0x15560</run_address>
         <size>0xe0</size>
         <input_file_ref idref="fl-14"/>
      </object_component>
      <object_component id="oc-257">
         <name>.debug_info</name>
         <load_address>0x15640</load_address>
         <run_address>0x15640</run_address>
         <size>0xe2</size>
         <input_file_ref idref="fl-14"/>
      </object_component>
      <object_component id="oc-1ba">
         <name>.debug_info</name>
         <load_address>0x15722</load_address>
         <run_address>0x15722</run_address>
         <size>0x1696</size>
         <input_file_ref idref="fl-14"/>
      </object_component>
      <object_component id="oc-1a2">
         <name>.debug_info</name>
         <load_address>0x16db8</load_address>
         <run_address>0x16db8</run_address>
         <size>0x604</size>
         <input_file_ref idref="fl-16"/>
      </object_component>
      <object_component id="oc-190">
         <name>.debug_info</name>
         <load_address>0x173bc</load_address>
         <run_address>0x173bc</run_address>
         <size>0xdf</size>
         <input_file_ref idref="fl-16"/>
      </object_component>
      <object_component id="oc-193">
         <name>.debug_info</name>
         <load_address>0x1749b</load_address>
         <run_address>0x1749b</run_address>
         <size>0xd7</size>
         <input_file_ref idref="fl-16"/>
      </object_component>
      <object_component id="oc-196">
         <name>.debug_info</name>
         <load_address>0x17572</load_address>
         <run_address>0x17572</run_address>
         <size>0xdb</size>
         <input_file_ref idref="fl-16"/>
      </object_component>
      <object_component id="oc-199">
         <name>.debug_info</name>
         <load_address>0x1764d</load_address>
         <run_address>0x1764d</run_address>
         <size>0xdd</size>
         <input_file_ref idref="fl-16"/>
      </object_component>
      <object_component id="oc-19c">
         <name>.debug_info</name>
         <load_address>0x1772a</load_address>
         <run_address>0x1772a</run_address>
         <size>0xdf</size>
         <input_file_ref idref="fl-16"/>
      </object_component>
      <object_component id="oc-19f">
         <name>.debug_info</name>
         <load_address>0x17809</load_address>
         <run_address>0x17809</run_address>
         <size>0xe3</size>
         <input_file_ref idref="fl-16"/>
      </object_component>
      <object_component id="oc-18d">
         <name>.debug_info</name>
         <load_address>0x178ec</load_address>
         <run_address>0x178ec</run_address>
         <size>0xe4</size>
         <input_file_ref idref="fl-16"/>
      </object_component>
      <object_component id="oc-c0">
         <name>.debug_info</name>
         <load_address>0x179d0</load_address>
         <run_address>0x179d0</run_address>
         <size>0xe85</size>
         <input_file_ref idref="fl-16"/>
      </object_component>
      <object_component id="oc-12f">
         <name>.debug_info</name>
         <load_address>0x18855</load_address>
         <run_address>0x18855</run_address>
         <size>0x819</size>
         <input_file_ref idref="fl-17"/>
      </object_component>
      <object_component id="oc-134">
         <name>.debug_info</name>
         <load_address>0x1906e</load_address>
         <run_address>0x1906e</run_address>
         <size>0xce</size>
         <input_file_ref idref="fl-17"/>
      </object_component>
      <object_component id="oc-a1">
         <name>.debug_info</name>
         <load_address>0x1913c</load_address>
         <run_address>0x1913c</run_address>
         <size>0x3ad</size>
         <input_file_ref idref="fl-17"/>
      </object_component>
      <object_component id="oc-26d">
         <name>.debug_info</name>
         <load_address>0x194e9</load_address>
         <run_address>0x194e9</run_address>
         <size>0x728</size>
         <input_file_ref idref="fl-19"/>
      </object_component>
      <object_component id="oc-1cc">
         <name>.debug_info</name>
         <load_address>0x19c11</load_address>
         <run_address>0x19c11</run_address>
         <size>0x1e60</size>
         <input_file_ref idref="fl-19"/>
      </object_component>
      <object_component id="oc-2f4">
         <name>.debug_info</name>
         <load_address>0x1ba71</load_address>
         <run_address>0x1ba71</run_address>
         <size>0x661</size>
         <input_file_ref idref="fl-1e"/>
      </object_component>
      <object_component id="oc-267">
         <name>.debug_info</name>
         <load_address>0x1c0d2</load_address>
         <run_address>0x1c0d2</run_address>
         <size>0x1104</size>
         <input_file_ref idref="fl-1e"/>
      </object_component>
      <object_component id="oc-78">
         <name>.debug_info</name>
         <load_address>0x1d1d6</load_address>
         <run_address>0x1d1d6</run_address>
         <size>0x2c8</size>
         <input_file_ref idref="fl-20"/>
      </object_component>
      <object_component id="oc-27">
         <name>.debug_info</name>
         <load_address>0x1d49e</load_address>
         <run_address>0x1d49e</run_address>
         <size>0xf4</size>
         <input_file_ref idref="fl-20"/>
      </object_component>
      <object_component id="oc-6c">
         <name>.debug_info</name>
         <load_address>0x1d592</load_address>
         <run_address>0x1d592</run_address>
         <size>0x1bb</size>
         <input_file_ref idref="fl-20"/>
      </object_component>
      <object_component id="oc-263">
         <name>.debug_info</name>
         <load_address>0x1d74d</load_address>
         <run_address>0x1d74d</run_address>
         <size>0x53c</size>
         <input_file_ref idref="fl-21"/>
      </object_component>
      <object_component id="oc-1c5">
         <name>.debug_info</name>
         <load_address>0x1dc89</load_address>
         <run_address>0x1dc89</run_address>
         <size>0xb94</size>
         <input_file_ref idref="fl-21"/>
      </object_component>
      <object_component id="oc-17c">
         <name>.debug_info</name>
         <load_address>0x1e81d</load_address>
         <run_address>0x1e81d</run_address>
         <size>0xed</size>
         <input_file_ref idref="fl-22"/>
      </object_component>
      <object_component id="oc-b5">
         <name>.debug_info</name>
         <load_address>0x1e90a</load_address>
         <run_address>0x1e90a</run_address>
         <size>0x25f</size>
         <input_file_ref idref="fl-22"/>
      </object_component>
      <object_component id="oc-185">
         <name>.debug_info</name>
         <load_address>0x1eb69</load_address>
         <run_address>0x1eb69</run_address>
         <size>0x69a</size>
         <input_file_ref idref="fl-25"/>
      </object_component>
      <object_component id="oc-bc">
         <name>.debug_info</name>
         <load_address>0x1f203</load_address>
         <run_address>0x1f203</run_address>
         <size>0x1ff4</size>
         <input_file_ref idref="fl-25"/>
      </object_component>
      <object_component id="oc-1ca">
         <name>.debug_info</name>
         <load_address>0x211f7</load_address>
         <run_address>0x211f7</run_address>
         <size>0x704</size>
         <input_file_ref idref="fl-27"/>
      </object_component>
      <object_component id="oc-10e">
         <name>.debug_info</name>
         <load_address>0x218fb</load_address>
         <run_address>0x218fb</run_address>
         <size>0x71c</size>
         <input_file_ref idref="fl-27"/>
      </object_component>
      <object_component id="oc-2a5">
         <name>.debug_info</name>
         <load_address>0x22017</load_address>
         <run_address>0x22017</run_address>
         <size>0x3f5</size>
         <input_file_ref idref="fl-e1"/>
      </object_component>
      <object_component id="oc-29d">
         <name>.debug_info</name>
         <load_address>0x2240c</load_address>
         <run_address>0x2240c</run_address>
         <size>0x20e</size>
         <input_file_ref idref="fl-e1"/>
      </object_component>
      <object_component id="oc-2bc">
         <name>.debug_info</name>
         <load_address>0x2261a</load_address>
         <run_address>0x2261a</run_address>
         <size>0x176</size>
         <input_file_ref idref="fl-e1"/>
      </object_component>
      <object_component id="oc-204">
         <name>.debug_info</name>
         <load_address>0x22790</load_address>
         <run_address>0x22790</run_address>
         <size>0x1e4</size>
         <input_file_ref idref="fl-e1"/>
      </object_component>
      <object_component id="oc-1fb">
         <name>.debug_info</name>
         <load_address>0x22974</load_address>
         <run_address>0x22974</run_address>
         <size>0x1cd</size>
         <input_file_ref idref="fl-e1"/>
      </object_component>
      <object_component id="oc-e4">
         <name>.debug_info</name>
         <load_address>0x22b41</load_address>
         <run_address>0x22b41</run_address>
         <size>0x2c</size>
         <input_file_ref idref="fl-e1"/>
      </object_component>
      <object_component id="oc-357">
         <name>.debug_info</name>
         <load_address>0x22b6d</load_address>
         <run_address>0x22b6d</run_address>
         <size>0xb2</size>
         <input_file_ref idref="fl-e1"/>
      </object_component>
      <object_component id="oc-2c0">
         <name>.debug_info</name>
         <load_address>0x22c1f</load_address>
         <run_address>0x22c1f</run_address>
         <size>0x374</size>
         <input_file_ref idref="fl-e2"/>
      </object_component>
      <object_component id="oc-207">
         <name>.debug_info</name>
         <load_address>0x22f93</load_address>
         <run_address>0x22f93</run_address>
         <size>0x20b</size>
         <input_file_ref idref="fl-e2"/>
      </object_component>
      <object_component id="oc-2c1">
         <name>.debug_info</name>
         <load_address>0x2319e</load_address>
         <run_address>0x2319e</run_address>
         <size>0xbf</size>
         <input_file_ref idref="fl-e2"/>
      </object_component>
      <object_component id="oc-3c">
         <name>.debug_info</name>
         <load_address>0x2325d</load_address>
         <run_address>0x2325d</run_address>
         <size>0x119</size>
         <input_file_ref idref="fl-e3"/>
      </object_component>
      <object_component id="oc-95">
         <name>.debug_info</name>
         <load_address>0x23376</load_address>
         <run_address>0x23376</run_address>
         <size>0x147</size>
         <input_file_ref idref="fl-e4"/>
      </object_component>
      <object_component id="oc-93">
         <name>.debug_info</name>
         <load_address>0x234bd</load_address>
         <run_address>0x234bd</run_address>
         <size>0x2d4</size>
         <input_file_ref idref="fl-e5"/>
      </object_component>
      <object_component id="oc-49">
         <name>.debug_info</name>
         <load_address>0x23791</load_address>
         <run_address>0x23791</run_address>
         <size>0x1d2</size>
         <input_file_ref idref="fl-e5"/>
      </object_component>
      <object_component id="oc-8e">
         <name>.debug_info</name>
         <load_address>0x23963</load_address>
         <run_address>0x23963</run_address>
         <size>0x46</size>
         <input_file_ref idref="fl-e5"/>
      </object_component>
      <object_component id="oc-f5">
         <name>.debug_info</name>
         <load_address>0x239a9</load_address>
         <run_address>0x239a9</run_address>
         <size>0x2c</size>
         <input_file_ref idref="fl-e5"/>
      </object_component>
      <object_component id="oc-45">
         <name>.debug_info</name>
         <load_address>0x239d5</load_address>
         <run_address>0x239d5</run_address>
         <size>0x2a8</size>
         <input_file_ref idref="fl-e6"/>
      </object_component>
      <object_component id="oc-1e">
         <name>.debug_info</name>
         <load_address>0x23c7d</load_address>
         <run_address>0x23c7d</run_address>
         <size>0x1ea</size>
         <input_file_ref idref="fl-e6"/>
      </object_component>
      <object_component id="oc-40">
         <name>.debug_info</name>
         <load_address>0x23e67</load_address>
         <run_address>0x23e67</run_address>
         <size>0x46</size>
         <input_file_ref idref="fl-e6"/>
      </object_component>
      <object_component id="oc-86">
         <name>.debug_info</name>
         <load_address>0x23ead</load_address>
         <run_address>0x23ead</run_address>
         <size>0x2c</size>
         <input_file_ref idref="fl-e6"/>
      </object_component>
      <object_component id="oc-84">
         <name>.debug_info</name>
         <load_address>0x23ed9</load_address>
         <run_address>0x23ed9</run_address>
         <size>0x29e</size>
         <input_file_ref idref="fl-e7"/>
      </object_component>
      <object_component id="oc-18">
         <name>.debug_info</name>
         <load_address>0x24177</load_address>
         <run_address>0x24177</run_address>
         <size>0x250</size>
         <input_file_ref idref="fl-e7"/>
      </object_component>
      <object_component id="oc-30">
         <name>.debug_info</name>
         <load_address>0x243c7</load_address>
         <run_address>0x243c7</run_address>
         <size>0x60</size>
         <input_file_ref idref="fl-e7"/>
      </object_component>
      <object_component id="oc-ee">
         <name>.debug_info</name>
         <load_address>0x24427</load_address>
         <run_address>0x24427</run_address>
         <size>0x46</size>
         <input_file_ref idref="fl-e7"/>
      </object_component>
      <object_component id="oc-7f">
         <name>.debug_info</name>
         <load_address>0x2446d</load_address>
         <run_address>0x2446d</run_address>
         <size>0x39</size>
         <input_file_ref idref="fl-e7"/>
      </object_component>
      <object_component id="oc-222">
         <name>.debug_info</name>
         <load_address>0x244a6</load_address>
         <run_address>0x244a6</run_address>
         <size>0x3ad</size>
         <input_file_ref idref="fl-e8"/>
      </object_component>
      <object_component id="oc-21c">
         <name>.debug_info</name>
         <load_address>0x24853</load_address>
         <run_address>0x24853</run_address>
         <size>0x190</size>
         <input_file_ref idref="fl-e8"/>
      </object_component>
      <object_component id="oc-13e">
         <name>.debug_info</name>
         <load_address>0x249e3</load_address>
         <run_address>0x249e3</run_address>
         <size>0x122</size>
         <input_file_ref idref="fl-e8"/>
      </object_component>
      <object_component id="oc-145">
         <name>.debug_info</name>
         <load_address>0x24b05</load_address>
         <run_address>0x24b05</run_address>
         <size>0x184</size>
         <input_file_ref idref="fl-e8"/>
      </object_component>
      <object_component id="oc-2d4">
         <name>.debug_info</name>
         <load_address>0x24c89</load_address>
         <run_address>0x24c89</run_address>
         <size>0x2c9</size>
         <input_file_ref idref="fl-e9"/>
      </object_component>
      <object_component id="oc-21f">
         <name>.debug_info</name>
         <load_address>0x24f52</load_address>
         <run_address>0x24f52</run_address>
         <size>0x11e</size>
         <input_file_ref idref="fl-e9"/>
      </object_component>
      <object_component id="oc-2d0">
         <name>.debug_info</name>
         <load_address>0x25070</load_address>
         <run_address>0x25070</run_address>
         <size>0x12e</size>
         <input_file_ref idref="fl-e9"/>
      </object_component>
      <object_component id="oc-2c8">
         <name>.debug_info</name>
         <load_address>0x2519e</load_address>
         <run_address>0x2519e</run_address>
         <size>0x144</size>
         <input_file_ref idref="fl-ea"/>
      </object_component>
      <object_component id="oc-20d">
         <name>.debug_info</name>
         <load_address>0x252e2</load_address>
         <run_address>0x252e2</run_address>
         <size>0x102</size>
         <input_file_ref idref="fl-ea"/>
      </object_component>
      <object_component id="oc-2a2">
         <name>.debug_info</name>
         <load_address>0x253e4</load_address>
         <run_address>0x253e4</run_address>
         <size>0x18f</size>
         <input_file_ref idref="fl-ea"/>
      </object_component>
      <object_component id="oc-7b">
         <name>.debug_info</name>
         <load_address>0x25573</load_address>
         <run_address>0x25573</run_address>
         <size>0x3b2</size>
         <input_file_ref idref="fl-eb"/>
      </object_component>
      <object_component id="oc-2a">
         <name>.debug_info</name>
         <load_address>0x25925</load_address>
         <run_address>0x25925</run_address>
         <size>0x10c</size>
         <input_file_ref idref="fl-eb"/>
      </object_component>
      <object_component id="oc-3eb">
         <name>.debug_info</name>
         <load_address>0x25a31</load_address>
         <run_address>0x25a31</run_address>
         <size>0x13f</size>
         <input_file_ref idref="fl-eb"/>
      </object_component>
      <object_component id="oc-2b5">
         <name>.debug_info</name>
         <load_address>0x25b70</load_address>
         <run_address>0x25b70</run_address>
         <size>0x168</size>
         <input_file_ref idref="fl-eb"/>
      </object_component>
      <object_component id="oc-372">
         <name>.debug_info</name>
         <load_address>0x25cd8</load_address>
         <run_address>0x25cd8</run_address>
         <size>0x18e</size>
         <input_file_ref idref="fl-eb"/>
      </object_component>
      <object_component id="oc-378">
         <name>.debug_info</name>
         <load_address>0x25e66</load_address>
         <run_address>0x25e66</run_address>
         <size>0x19f</size>
         <input_file_ref idref="fl-eb"/>
      </object_component>
      <object_component id="oc-2ae">
         <name>.debug_info</name>
         <load_address>0x26005</load_address>
         <run_address>0x26005</run_address>
         <size>0x203</size>
         <input_file_ref idref="fl-eb"/>
      </object_component>
      <object_component id="oc-3f0">
         <name>.debug_info</name>
         <load_address>0x26208</load_address>
         <run_address>0x26208</run_address>
         <size>0x1db</size>
         <input_file_ref idref="fl-eb"/>
      </object_component>
      <object_component id="oc-37f">
         <name>.debug_info</name>
         <load_address>0x263e3</load_address>
         <run_address>0x263e3</run_address>
         <size>0x299</size>
         <input_file_ref idref="fl-eb"/>
      </object_component>
      <object_component id="oc-e9">
         <name>.debug_info</name>
         <load_address>0x2667c</load_address>
         <run_address>0x2667c</run_address>
         <size>0xb2</size>
         <input_file_ref idref="fl-eb"/>
      </object_component>
      <object_component id="oc-2d">
         <name>.debug_info</name>
         <load_address>0x2672e</load_address>
         <run_address>0x2672e</run_address>
         <size>0x10b</size>
         <input_file_ref idref="fl-ec"/>
      </object_component>
      <object_component id="oc-5c">
         <name>.debug_info</name>
         <load_address>0x26839</load_address>
         <run_address>0x26839</run_address>
         <size>0x1a9</size>
         <input_file_ref idref="fl-ec"/>
      </object_component>
      <object_component id="oc-3db">
         <name>.debug_info</name>
         <load_address>0x269e2</load_address>
         <run_address>0x269e2</run_address>
         <size>0x402</size>
         <input_file_ref idref="fl-ed"/>
      </object_component>
      <object_component id="oc-34f">
         <name>.debug_info</name>
         <load_address>0x26de4</load_address>
         <run_address>0x26de4</run_address>
         <size>0x245</size>
         <input_file_ref idref="fl-ed"/>
      </object_component>
      <object_component id="oc-3cb">
         <name>.debug_info</name>
         <load_address>0x27029</load_address>
         <run_address>0x27029</run_address>
         <size>0x120</size>
         <input_file_ref idref="fl-ed"/>
      </object_component>
      <object_component id="oc-299">
         <name>.debug_info</name>
         <load_address>0x27149</load_address>
         <run_address>0x27149</run_address>
         <size>0x445</size>
         <input_file_ref idref="fl-ee"/>
      </object_component>
      <object_component id="oc-1f5">
         <name>.debug_info</name>
         <load_address>0x2758e</load_address>
         <run_address>0x2758e</run_address>
         <size>0x2db</size>
         <input_file_ref idref="fl-ee"/>
      </object_component>
      <object_component id="oc-347">
         <name>.debug_info</name>
         <load_address>0x27869</load_address>
         <run_address>0x27869</run_address>
         <size>0xea</size>
         <input_file_ref idref="fl-ee"/>
      </object_component>
      <object_component id="oc-342">
         <name>.debug_info</name>
         <load_address>0x27953</load_address>
         <run_address>0x27953</run_address>
         <size>0x2c</size>
         <input_file_ref idref="fl-ee"/>
      </object_component>
      <object_component id="oc-370">
         <name>.debug_info</name>
         <load_address>0x2797f</load_address>
         <run_address>0x2797f</run_address>
         <size>0x3a5</size>
         <input_file_ref idref="fl-ef"/>
      </object_component>
      <object_component id="oc-2a7">
         <name>.debug_info</name>
         <load_address>0x27d24</load_address>
         <run_address>0x27d24</run_address>
         <size>0x1f3</size>
         <input_file_ref idref="fl-ef"/>
      </object_component>
      <object_component id="oc-3e3">
         <name>.debug_info</name>
         <load_address>0x27f17</load_address>
         <run_address>0x27f17</run_address>
         <size>0x347</size>
         <input_file_ref idref="fl-f0"/>
      </object_component>
      <object_component id="oc-35e">
         <name>.debug_info</name>
         <load_address>0x2825e</load_address>
         <run_address>0x2825e</run_address>
         <size>0x18a</size>
         <input_file_ref idref="fl-f0"/>
      </object_component>
      <object_component id="oc-310">
         <name>.debug_info</name>
         <load_address>0x283e8</load_address>
         <run_address>0x283e8</run_address>
         <size>0x42c</size>
         <input_file_ref idref="fl-f1"/>
      </object_component>
      <object_component id="oc-289">
         <name>.debug_info</name>
         <load_address>0x28814</load_address>
         <run_address>0x28814</run_address>
         <size>0x192</size>
         <input_file_ref idref="fl-f1"/>
      </object_component>
      <object_component id="oc-3d1">
         <name>.debug_info</name>
         <load_address>0x289a6</load_address>
         <run_address>0x289a6</run_address>
         <size>0x1eb</size>
         <input_file_ref idref="fl-f1"/>
      </object_component>
      <object_component id="oc-225">
         <name>.debug_info</name>
[...]
         <value>0x3de7</value>
         <object_component_ref idref="oc-b9"/>
      </symbol>
      <symbol id="sm-92a">
         <name>Timer_A_configureUpMode</name>
         <value>0x3c2b</value>
         <object_component_ref idref="oc-b9"/>
      </symbol>
      <symbol id="sm-92b">
         <name>Timer_A_getEnabledInterruptStatus</name>
         <value>0x4049</value>
         <object_component_ref idref="oc-b9"/>
      </symbol>
      <symbol id="sm-92c">
         <name>Timer_A_disableInterrupt</name>
         <value>0x3fa7</value>
         <object_component_ref idref="oc-b9"/>
      </symbol>
      <symbol id="sm-92d">
         <name>Timer_A_configureContinuousMode</name>
         <value>0x3bfb</value>
         <object_component_ref idref="oc-b9"/>
      </symbol>
      <symbol id="sm-92e">
         <name>Timer_A_getCaptureCompareEnabledInterruptStatus</name>
         <value>0x4061</value>
         <object_component_ref idref="oc-b9"/>
      </symbol>
      <symbol id="sm-92f">
         <name>Timer_A_getInterruptStatus</name>
         <value>0x3fbb</value>
         <object_component_ref idref="oc-b9"/>
      </symbol>
      <symbol id="sm-930">
         <name>Timer_A_enableInterrupt</name>
         <value>0x3f93</value>
         <object_component_ref idref="oc-b9"/>
      </symbol>
      <symbol id="sm-931">
         <name>Timer_A_unregisterInterrupt</name>
         <value>0x416f</value>
         <object_component_ref idref="oc-b9"/>
      </symbol>
      <symbol id="sm-949">
         <name>WDT_A_setTimeoutReset</name>
         <value>0x6685</value>
         <object_component_ref idref="oc-10a"/>
      </symbol>
      <symbol id="sm-94a">
         <name>WDT_A_registerInterrupt</name>
         <value>0x6691</value>
         <object_component_ref idref="oc-10a"/>
      </symbol>
      <symbol id="sm-94b">
         <name>WDT_A_setPasswordViolationReset</name>
         <value>0x6679</value>
         <object_component_ref idref="oc-10a"/>
      </symbol>
      <symbol id="sm-94c">
         <name>WDT_A_initIntervalTimer</name>
         <value>0x665d</value>
         <object_component_ref idref="oc-10a"/>
      </symbol>
      <symbol id="sm-94d">
         <name>WDT_A_clearTimer</name>
         <value>0x6621</value>
         <object_component_ref idref="oc-10a"/>
      </symbol>
      <symbol id="sm-94e">
         <name>WDT_A_holdTimer</name>
         <value>0x65e1</value>
         <object_component_ref idref="oc-10a"/>
      </symbol>
      <symbol id="sm-94f">
         <name>WDT_A_initWatchdogTimer</name>
         <value>0x6641</value>
         <object_component_ref idref="oc-10a"/>
      </symbol>
      <symbol id="sm-950">
         <name>WDT_A_startTimer</name>
         <value>0x6601</value>
         <object_component_ref idref="oc-10a"/>
      </symbol>
      <symbol id="sm-951">
         <name>WDT_A_unregisterInterrupt</name>
         <value>0x66a5</value>
         <object_component_ref idref="oc-10a"/>
      </symbol>
      <symbol id="sm-9ad">
         <name>__TI_cleanup</name>
         <value>0x7171</value>
         <object_component_ref idref="oc-2b9"/>
      </symbol>
      <symbol id="sm-9ae">
         <name>freopen</name>
         <value>0x720d</value>
         <object_component_ref idref="oc-200"/>
      </symbol>
      <symbol id="sm-9af">
         <name>fopen</name>
         <value>0x68d9</value>
         <object_component_ref idref="oc-1fa"/>
      </symbol>
      <symbol id="sm-9d0">
         <name>setvbuf</name>
         <value>0x6505</value>
         <object_component_ref idref="oc-206"/>
      </symbol>
      <symbol id="sm-9eb">
         <name>memcpy</name>
         <value>0x6975</value>
         <object_component_ref idref="oc-3a"/>
      </symbol>
      <symbol id="sm-9ec">
         <name>__aeabi_memcpy</name>
         <value>0x6975</value>
         <object_component_ref idref="oc-3a"/>
      </symbol>
      <symbol id="sm-9ed">
         <name>__aeabi_memcpy8</name>
         <value>0x6975</value>
         <object_component_ref idref="oc-3a"/>
      </symbol>
      <symbol id="sm-9ee">
         <name>__aeabi_memcpy4</name>
         <value>0x6975</value>
         <object_component_ref idref="oc-3a"/>
      </symbol>
      <symbol id="sm-9fd">
         <name>__aeabi_memset</name>
         <value>0x6a13</value>
         <object_component_ref idref="oc-94"/>
      </symbol>
      <symbol id="sm-9fe">
         <name>memset</name>
         <value>0x6a19</value>
         <object_component_ref idref="oc-94"/>
      </symbol>
      <symbol id="sm-9ff">
         <name>__aeabi_memset8</name>
         <value>0x6a13</value>
         <object_component_ref idref="oc-94"/>
      </symbol>
      <symbol id="sm-a00">
         <name>__aeabi_memset4</name>
         <value>0x6a13</value>
         <object_component_ref idref="oc-94"/>
      </symbol>
      <symbol id="sm-a01">
         <name>__aeabi_memclr8</name>
         <value>0x6a11</value>
         <object_component_ref idref="oc-94"/>
      </symbol>
      <symbol id="sm-a02">
         <name>__aeabi_memclr4</name>
         <value>0x6a11</value>
         <object_component_ref idref="oc-94"/>
      </symbol>
      <symbol id="sm-a03">
         <name>__aeabi_memclr</name>
         <value>0x6a11</value>
         <object_component_ref idref="oc-94"/>
      </symbol>
      <symbol id="sm-a1c">
         <name>__TI_zero_init_nomemset</name>
         <value>0x72ed</value>
         <object_component_ref idref="oc-46"/>
      </symbol>
      <symbol id="sm-a33">
         <name>__TI_decompress_none</name>
         <value>0x737b</value>
         <object_component_ref idref="oc-1d"/>
      </symbol>
      <symbol id="sm-a56">
         <name>__TI_decompress_lzss</name>
         <value>0x6cbd</value>
         <object_component_ref idref="oc-17"/>
      </symbol>
      <symbol id="sm-a7c">
         <name>C$$EXIT</name>
         <value>0x73a3</value>
         <object_component_ref idref="oc-13d"/>
      </symbol>
      <symbol id="sm-a7d">
         <name>abort</name>
         <value>0x73a3</value>
         <object_component_ref idref="oc-13d"/>
      </symbol>
      <symbol id="sm-a7e">
         <name>__TI_dtors_ptr</name>
         <value>0x2000072c</value>
         <object_component_ref idref="oc-21b"/>
      </symbol>
      <symbol id="sm-a7f">
         <name>__TI_cleanup_ptr</name>
         <value>0x20000728</value>
         <object_component_ref idref="oc-21b"/>
      </symbol>
      <symbol id="sm-a80">
         <name>__TI_enable_exit_profile_output</name>
         <value>0x20000730</value>
         <object_component_ref idref="oc-21b"/>
      </symbol>
      <symbol id="sm-a81">
         <name>exit</name>
         <value>0x6f29</value>
         <object_component_ref idref="oc-143"/>
      </symbol>
      <symbol id="sm-a96">
         <name>_nop</name>
         <value>0x260f</value>
         <object_component_ref idref="oc-2cc"/>
      </symbol>
      <symbol id="sm-a97">
         <name>_lock</name>
         <value>0x20000734</value>
         <object_component_ref idref="oc-21e"/>
      </symbol>
      <symbol id="sm-a98">
         <name>_unlock</name>
         <value>0x20000738</value>
         <object_component_ref idref="oc-21e"/>
      </symbol>
      <symbol id="sm-aad">
         <name>__TI_tmpnams</name>
         <value>0x20000874</value>
      </symbol>
      <symbol id="sm-aae">
         <name>__aeabi_stdout</name>
         <value>0x20000720</value>
         <object_component_ref idref="oc-2a1"/>
      </symbol>
      <symbol id="sm-aaf">
         <name>__aeabi_stderr</name>
         <value>0x20000724</value>
         <object_component_ref idref="oc-2a1"/>
      </symbol>
      <symbol id="sm-ab0">
         <name>__aeabi_stdin</name>
         <value>0x2000071c</value>
         <object_component_ref idref="oc-2a1"/>
      </symbol>
      <symbol id="sm-ab1">
         <name>_ftable</name>
         <value>0x200004e8</value>
         <object_component_ref idref="oc-20c"/>
      </symbol>
      <symbol id="sm-ab2">
         <name>__TI_ft_end</name>
         <value>0x20000718</value>
         <object_component_ref idref="oc-2a1"/>
      </symbol>
      <symbol id="sm-b36">
         <name>_sys_memory</name>
         <value>0x200000e8</value>
         <object_component_ref idref="oc-29"/>
      </symbol>
      <symbol id="sm-b37">
         <name>free</name>
         <value>0x6421</value>
         <object_component_ref idref="oc-2ad"/>
      </symbol>
      <symbol id="sm-b38">
         <name>memalign</name>
         <value>0x6239</value>
         <object_component_ref idref="oc-37e"/>
      </symbol>
      <symbol id="sm-b39">
         <name>malloc</name>
         <value>0x7397</value>
         <object_component_ref idref="oc-2b3"/>
      </symbol>
      <symbol id="sm-b3a">
         <name>aligned_alloc</name>
         <value>0x6239</value>
         <object_component_ref idref="oc-37e"/>
      </symbol>
      <symbol id="sm-b4d">
         <name>__stack</name>
         <value>0x2000fe00</value>
         <object_component_ref idref="oc-2c"/>
      </symbol>
      <symbol id="sm-b4e">
         <name>_c_int00_noargs</name>
         <value>0x71d9</value>
         <object_component_ref idref="oc-58"/>
      </symbol>
      <symbol id="sm-b70">
         <name>open</name>
         <value>0x66b9</value>
         <object_component_ref idref="oc-34c"/>
      </symbol>
      <symbol id="sm-b95">
         <name>add_device</name>
         <value>0x6775</value>
         <object_component_ref idref="oc-1f4"/>
      </symbol>
      <symbol id="sm-baa">
         <name>__TI_closefile</name>
         <value>0x6b05</value>
         <object_component_ref idref="oc-2a6"/>
      </symbol>
      <symbol id="sm-bba">
         <name>__TI_doflush</name>
         <value>0x6edd</value>
         <object_component_ref idref="oc-35c"/>
      </symbol>
      <symbol id="sm-bd8">
         <name>finddevice</name>
         <value>0x7241</value>
         <object_component_ref idref="oc-288"/>
      </symbol>
      <symbol id="sm-bd9">
         <name>getdevice</name>
         <value>0x703d</value>
         <object_component_ref idref="oc-3d0"/>
      </symbol>
      <symbol id="sm-c01">
         <name>__TI_auto_init_nobinit_nopinit</name>
         <value>0x6ff9</value>
         <object_component_ref idref="oc-149"/>
      </symbol>
      <symbol id="sm-c0b">
         <name>_system_pre_init</name>
         <value>0x739f</value>
         <object_component_ref idref="oc-9a"/>
      </symbol>
      <symbol id="sm-c1d">
         <name>strchr</name>
         <value>0x733d</value>
         <object_component_ref idref="oc-410"/>
      </symbol>
      <symbol id="sm-c2c">
         <name>strcmp</name>
         <value>0x7325</value>
         <object_component_ref idref="oc-309"/>
      </symbol>
      <symbol id="sm-c3c">
         <name>strncpy</name>
         <value>0x7139</value>
         <object_component_ref idref="oc-28e"/>
      </symbol>
      <symbol id="sm-c4c">
         <name>write</name>
         <value>0x72c5</value>
         <object_component_ref idref="oc-3dc"/>
      </symbol>
      <symbol id="sm-c5d">
         <name>_stream</name>
         <value>0x20000650</value>
         <object_component_ref idref="oc-3d7"/>
      </symbol>
      <symbol id="sm-c5e">
         <name>_device</name>
         <value>0x200005d8</value>
         <object_component_ref idref="oc-295"/>
      </symbol>
      <symbol id="sm-c73">
         <name>close</name>
         <value>0x6d85</value>
         <object_component_ref idref="oc-362"/>
      </symbol>
      <symbol id="sm-c83">
         <name>unlink</name>
         <value>0x7271</value>
         <object_component_ref idref="oc-368"/>
      </symbol>
      <symbol id="sm-c94">
         <name>HOSTclose</name>
         <value>0x6f71</value>
         <object_component_ref idref="oc-319"/>
      </symbol>
      <symbol id="sm-ca5">
         <name>HOSTlseek</name>
         <value>0x6c55</value>
         <object_component_ref idref="oc-32b"/>
      </symbol>
      <symbol id="sm-cb7">
         <name>parmbuf</name>
         <value>0x20000924</value>
      </symbol>
      <symbol id="sm-cb8">
         <name>HOSTopen</name>
         <value>0x6d25</value>
         <object_component_ref idref="oc-313"/>
      </symbol>
      <symbol id="sm-cc9">
         <name>HOSTread</name>
         <value>0x6de1</value>
         <object_component_ref idref="oc-31f"/>
      </symbol>
      <symbol id="sm-cda">
         <name>HOSTrename</name>
         <value>0x6be9</value>
         <object_component_ref idref="oc-337"/>
      </symbol>
      <symbol id="sm-ceb">
         <name>HOSTunlink</name>
         <value>0x6fb5</value>
         <object_component_ref idref="oc-331"/>
      </symbol>
      <symbol id="sm-cfc">
         <name>HOSTwrite</name>
         <value>0x6e39</value>
         <object_component_ref idref="oc-325"/>
      </symbol>
      <symbol id="sm-d20">
         <name>__TI_readmsg</name>
         <value>0x71a5</value>
         <object_component_ref idref="oc-3ad"/>
      </symbol>
      <symbol id="sm-d21">
         <name>C$$IO$$</name>
         <value>0x712f</value>
         <object_component_ref idref="oc-3a7"/>
      </symbol>
      <symbol id="sm-d22">
         <name>__CIOBUF_</name>
         <value>0x20000754</value>
         <object_component_ref idref="oc-3fa"/>
      </symbol>
      <symbol id="sm-d23">
         <name>__TI_writemsg</name>
         <value>0x7101</value>
         <object_component_ref idref="oc-3a7"/>
      </symbol>
      <symbol id="sm-d31">
         <name>strcpy</name>
         <value>0x7353</value>
         <object_component_ref idref="oc-3c1"/>
      </symbol>
      <symbol id="sm-d3f">
         <name>strlen</name>
         <value>0x7367</value>
         <object_component_ref idref="oc-3a1"/>
      </symbol>
      <symbol id="sm-d40">
         <name>__TI_static_base__</name>
         <value>0x0</value>
      </symbol>
      <symbol id="sm-d43">
         <name>__mpu_init</name>
         <value>0x0</value>
      </symbol>
      <symbol id="sm-d44">
         <name>_system_post_cinit</name>
         <value>0x0</value>
      </symbol>
      <symbol id="sm-d45">
         <name>NMI_Handler</name>
         <value>0x7395</value>
      </symbol>
      <symbol id="sm-d46">
         <name>HardFault_Handler</name>
         <value>0x7395</value>
      </symbol>
      <symbol id="sm-d47">
         <name>MemManage_Handler</name>
         <value>0x7395</value>
      </symbol>
      <symbol id="sm-d48">
         <name>BusFault_Handler</name>
         <value>0x7395</value>
      </symbol>
      <symbol id="sm-d49">
         <name>UsageFault_Handler</name>
         <value>0x7395</value>
      </symbol>
      <symbol id="sm-d4a">
         <name>SVC_Handler</name>
         <value>0x7395</value>
      </symbol>
      <symbol id="sm-d4b">
         <name>DebugMon_Handler</name>
         <value>0x7395</value>
      </symbol>
      <symbol id="sm-d4c">
         <name>PendSV_Handler</name>
         <value>0x7395</value>
      </symbol>
      <symbol id="sm-d4d">
         <name>SysTick_Handler</name>
         <value>0x7395</value>
      </symbol>
      <symbol id="sm-d4e">
         <name>PSS_IRQHandler</name>
         <value>0x7395</value>
      </symbol>
      <symbol id="sm-d4f">
         <name>CS_IRQHandler</name>
         <value>0x7395</value>
      </symbol>
      <symbol id="sm-d50">
         <name>PCM_IRQHandler</name>
         <value>0x7395</value>
      </symbol>
      <symbol id="sm-d51">
         <name>WDT_A_IRQHandler</name>
         <value>0x7395</value>
      </symbol>
      <symbol id="sm-d52">
         <name>FPU_IRQHandler</name>
         <value>0x7395</value>
      </symbol>
      <symbol id="sm-d53">
         <name>FLCTL_IRQHandler</name>
         <value>0x7395</value>
      </symbol>
      <symbol id="sm-d54">
         <name>COMP_E0_IRQHandler</name>
         <value>0x7395</value>
      </symbol>
      <symbol id="sm-d55">
         <name>COMP_E1_IRQHandler</name>
         <value>0x7395</value>
      </symbol>
      <symbol id="sm-d56">
         <name>TA0_0_IRQHandler</name>
         <value>0x7395</value>
      </symbol>
      <symbol id="sm-d57">
         <name>TA0_N_IRQHandler</name>
         <value>0x7395</value>
      </symbol>
      <symbol id="sm-d58">
         <name>TA1_0_IRQHandler</name>
         <value>0x6ae7</value>
      </symbol>
      <symbol id="sm-d59">
         <name>TA1_N_IRQHandler</name>
         <value>0x7395</value>
      </symbol>
      <symbol id="sm-d5a">
         <name>TA2_0_IRQHandler</name>
         <value>0x7395</value>
      </symbol>
      <symbol id="sm-d5b">
         <name>TA2_N_IRQHandler</name>
         <value>0x7395</value>
      </symbol>
      <symbol id="sm-d5c">
         <name>TA3_0_IRQHandler</name>
         <value>0x7395</value>
      </symbol>
      <symbol id="sm-d5d">
         <name>TA3_N_IRQHandler</name>
         <value>0x7395</value>
      </symbol>
      <symbol id="sm-d5e">
         <name>EUSCIA0_IRQHandler</name>
         <value>0x7395</value>
      </symbol>
      <symbol id="sm-d5f">
         <name>EUSCIA1_IRQHandler</name>
         <value>0x7395</value>
      </symbol>
      <symbol id="sm-d60">
         <name>EUSCIA2_IRQHandler</name>
         <value>0x7395</value>
      </symbol>
      <symbol id="sm-d61">
         <name>EUSCIA3_IRQHandler</name>
         <value>0x7395</value>
      </symbol>
      <symbol id="sm-d62">
         <name>EUSCIB0_IRQHandler</name>
         <value>0x7395</value>
      </symbol>
      <symbol id="sm-d63">
         <name>EUSCIB1_IRQHandler</name>
         <value>0x7395</value>
      </symbol>
      <symbol id="sm-d64">
         <name>EUSCIB2_IRQHandler</name>
         <value>0x7395</value>
      </symbol>
      <symbol id="sm-d65">
         <name>EUSCIB3_IRQHandler</name>
         <value>0x7395</value>
      </symbol>
      <symbol id="sm-d66">
         <name>ADC14_IRQHandler</name>
         <value>0x7395</value>
      </symbol>
      <symbol id="sm-d67">
         <name>T32_INT1_IRQHandler</name>
         <value>0x7395</value>
      </symbol>
      <symbol id="sm-d68">
         <name>T32_INT2_IRQHandler</name>
         <value>0x7395</value>
      </symbol>
      <symbol id="sm-d69">
         <name>T32_INTC_IRQHandler</name>
         <value>0x7395</value>
      </symbol>
      <symbol id="sm-d6a">
         <name>AES256_IRQHandler</name>
         <value>0x7395</value>
      </symbol>
      <symbol id="sm-d6b">
         <name>RTC_C_IRQHandler</name>
         <value>0x7395</value>
      </symbol>
      <symbol id="sm-d6c">
         <name>DMA_ERR_IRQHandler</name>
         <value>0x7395</value>
      </symbol>
      <symbol id="sm-d6d">
         <name>DMA_INT3_IRQHandler</name>
         <value>0x7395</value>
      </symbol>
      <symbol id="sm-d6e">
         <name>DMA_INT2_IRQHandler</name>
         <value>0x7395</value>
      </symbol>
      <symbol id="sm-d6f">
         <name>DMA_INT1_IRQHandler</name>
         <value>0x7395</value>
      </symbol>
      <symbol id="sm-d70">
         <name>DMA_INT0_IRQHandler</name>
         <value>0x7395</value>
      </symbol>
      <symbol id="sm-d71">
         <name>PORT1_IRQHandler</name>
         <value>0x7395</value>
      </symbol>
      <symbol id="sm-d72">
         <name>PORT2_IRQHandler</name>
         <value>0x7395</value>
      </symbol>
      <symbol id="sm-d73">
         <name>PORT3_IRQHandler</name>
         <value>0x7395</value>
      </symbol>
      <symbol id="sm-d74">
         <name>PORT4_IRQHandler</name>
         <value>0x7395</value>
      </symbol>
      <symbol id="sm-d75">
         <name>PORT5_IRQHandler</name>
         <value>0x7395</value>
      </symbol>
      <symbol id="sm-d76">
         <name>PORT6_IRQHandler</name>
         <value>0x7395</value>
      </symbol>
      <symbol id="sm-d77">
         <name>remove</name>
         <value>0x7271</value>
      </symbol>
   </symbol_table>
   <title>Link successful</title>
</link_info>
