******************************************************************************
                  TI ARM Linker PC v20.2.5                     
******************************************************************************
>> Linked Sat Apr  2 17:15:51 2022

OUTPUT FILE NAME:   <LineFollower.out>
ENTRY POINT SYMBOL: "_c_int00_noargs"  address: 000071d9


MEMORY CONFIGURATION

         name            origin    length      used     unused   attr    fill
----------------------  --------  ---------  --------  --------  ----  --------
  MAIN                  00000000   00040000  000075aa  00038a56  R  X
  INFO                  00200000   00004000  00000000  00004000  R  X
  SRAM_CODE             01000000   00010000  00000b38  0000f4c8  RW X
  SRAM_DATA             20000000   00010000  00000b38  0000f4c8  RW  


SEGMENT ALLOCATION MAP

run origin  load origin   length   init length attrs members
----------  ----------- ---------- ----------- ----- -------
00000000    00000000    000075b0   000075b0    r-x
  00000000    00000000    000000e4   000000e4    r-- .intvecs
  000000e4    000000e4    000072c2   000072c2    r-x .text
  000073a8    000073a8    00000114   00000114    r-- .const
  000074c0    000074c0    000000f0   000000f0    r-- .cinit
20000000    20000000    00000938   00000000    rw-
  20000000    20000000    000000e8   00000000    rw- .vtable
  200000e8    200000e8    00000400   00000000    rw- .sysmem
  200004e8    200004e8    0000026c   00000000    rw- .data
  20000754    20000754    000001e4   00000000    rw- .bss
2000fe00    2000fe00    00000200   00000000    rw-
  2000fe00    2000fe00    00000200   00000000    rw- .stack


SECTION ALLOCATION MAP

 output                                  attributes/
section   page    origin      length       input sections
--------  ----  ----------  ----------   ----------------
.intvecs   0    00000000    000000e4     
                  00000000    000000e4     startup_msp432p401r_ccs.obj (.intvecs:retain)

.text      0    000000e4    000072c2     
                  000000e4    000015a8     flash.obj (.text)
                  0000168c    00000f82     FSM.obj (.text)
                  0000260e    00000002     rtsv7M4_T_le_v4SPD16_eabi.lib : _lock.c.obj (.text:_nop)
                  00002610    00000c5c     cs.obj (.text)
                  0000326c    00000834     pcm.obj (.text)
                  00003aa0    00000798     timer_a.obj (.text)
                  00004238    000006bc     UART0.obj (.text)
                  000048f4    00000554     rtc_c.obj (.text)
                  00004e48    00000480     gpio.obj (.text)
                  000052c8    0000040c     interrupt.obj (.text)
                  000056d4    00000334     system_msp432p401r.obj (.text)
                  00005a08    00000248     sysctl.obj (.text)
                  00005c50    00000210     main.obj (.text)
                  00005e60    000001c0     Reflectance.obj (.text)
                  00006020    00000110     rtsv7M4_T_le_v4SPD16_eabi.lib : fopen.c.obj (.text:_openfile)
                  00006130    00000108     Motor.obj (.text)
                  00006238    00000100     rtsv7M4_T_le_v4SPD16_eabi.lib : memory.c.obj (.text:aligned_alloc)
                  00006338    000000e8     PWM.obj (.text)
                  00006420    000000e4     rtsv7M4_T_le_v4SPD16_eabi.lib : memory.c.obj (.text:free)
                  00006504    000000dc                                   : setvbuf.c.obj (.text:setvbuf)
                  000065e0    000000d8     wdt_a.obj (.text)
                  000066b8    000000bc     rtsv7M4_T_le_v4SPD16_eabi.lib : open.c.obj (.text:open)
                  00006774    000000b8                                   : add_device.c.obj (.text:add_device)
                  0000682c    000000ac     Clock_DL.obj (.text)
                  000068d8    0000009c     rtsv7M4_T_le_v4SPD16_eabi.lib : fopen.c.obj (.text:fopen)
                  00006974    0000009c                                   : memcpy_t2.asm.obj (.text)
                  00006a10    0000007a                                   : memset_t2.asm.obj (.text)
                  00006a8a    00000002     --HOLE-- [fill = 0]
                  00006a8c    00000078     TimerA1.obj (.text)
                  00006b04    00000074     rtsv7M4_T_le_v4SPD16_eabi.lib : fclose.c.obj (.text:__TI_closefile)
                  00006b78    00000070                                   : memory.c.obj (.text:split)
                  00006be8    0000006c                                   : hostrename.c.obj (.text:HOSTrename)
                  00006c54    00000068                                   : hostlseek.c.obj (.text:HOSTlseek)
                  00006cbc    00000068                                   : copy_decompress_lzss.c.obj (.text:decompress:lzss:__TI_decompress_lzss)
                  00006d24    00000060                                   : hostopen.c.obj (.text:HOSTopen)
                  00006d84    0000005c                                   : close.c.obj (.text:close)
                  00006de0    00000058                                   : hostread.c.obj (.text:HOSTread)
                  00006e38    00000058                                   : hostwrite.c.obj (.text:HOSTwrite)
                  00006e90    0000004c     Bump.obj (.text)
                  00006edc    0000004c     rtsv7M4_T_le_v4SPD16_eabi.lib : fflush.c.obj (.text:__TI_doflush)
                  00006f28    00000048                                   : exit.c.obj (.text:exit)
                  00006f70    00000044                                   : hostclose.c.obj (.text:HOSTclose)
                  00006fb4    00000044                                   : hostunlink.c.obj (.text:HOSTunlink)
                  00006ff8    00000044                                   : autoinit.c.obj (.text:__TI_auto_init_nobinit_nopinit:__TI_auto_init_nobinit_nopinit)
                  0000703c    00000044                                   : getdevice.c.obj (.text:getdevice)
                  00007080    00000042     LaunchPad.obj (.text)
                  000070c2    0000003e     cpu.obj (.text)
                  00007100    00000038     rtsv7M4_T_le_v4SPD16_eabi.lib : trgmsg.c.obj (.text:__TI_writemsg)
                  00007138    00000036                                   : strncpy.c.obj (.text:strncpy)
                  0000716e    00000002     --HOLE-- [fill = 0]
                  00007170    00000034                                   : fopen.c.obj (.text:__TI_cleanup)
                  000071a4    00000034                                   : trgmsg.c.obj (.text:__TI_readmsg)
                  000071d8    00000034                                   : boot_cortex_m.c.obj (.text:_c_int00_noargs:_c_int00_noargs)
                  0000720c    00000034                                   : fopen.c.obj (.text:freopen)
                  00007240    00000030                                   : getdevice.c.obj (.text:finddevice)
                  00007270    0000002c                                   : unlink.c.obj (.text:unlink)
                  0000729c    00000028                                   : memory.c.obj (.text:free_list_insert)
                  000072c4    00000028                                   : write.c.obj (.text:write)
                  000072ec    0000001c                                   : copy_zero_init.c.obj (.text:decompress:ZI:__TI_zero_init_nomemset:__TI_zero_init_nomemset)
                  00007308    0000001c                                   : memory.c.obj (.text:free_list_remove)
                  00007324    00000018                                   : strcmp.c.obj (.text:strcmp)
                  0000733c    00000016                                   : strchr.c.obj (.text:strchr)
                  00007352    00000014                                   : strcpy.c.obj (.text:strcpy)
                  00007366    00000014                                   : strlen.c.obj (.text:strlen)
                  0000737a    0000000e                                   : copy_decompress_none.c.obj (.text:decompress:none:__TI_decompress_none)
                  00007388    0000000e     startup_msp432p401r_ccs.obj (.text)
                  00007396    00000008     rtsv7M4_T_le_v4SPD16_eabi.lib : memory.c.obj (.text:malloc)
                  0000739e    00000004                                   : pre_init.c.obj (.text:_system_pre_init)
                  000073a2    00000004                                   : exit.c.obj (.text:abort:abort)

.const     0    000073a8    00000114     
                  000073a8    00000050     interrupt.obj (.const:g_pulRegs)
                  000073f8    00000030     gpio.obj (.const:GPIO_PORT_TO_BASE)
                  00007428    00000020     interrupt.obj (.const:g_pulPriority)
                  00007448    0000001c     gpio.obj (.const:GPIO_PORT_TO_INT)
                  00007464    00000018     TimerA1.obj (.const:$P$T0$1)
                  0000747c    00000010     Reflectance.obj (.const:$P$T0$1)
                  0000748c    00000010     main.obj (.const:$P$T0$1)
                  0000749c    00000008     interrupt.obj (.const:g_pulDisRegs)
                  000074a4    00000008     interrupt.obj (.const:g_pulEnRegs)
                  000074ac    00000008     interrupt.obj (.const:g_pulPendRegs)
                  000074b4    00000008     interrupt.obj (.const:g_pulUnpendRegs)

.cinit     0    000074c0    000000f0     
                  000074c0    000000b7     (.cinit..data.load) [load image, compression = lzss]
                  00007577    00000001     --HOLE-- [fill = 0]
                  00007578    0000000c     (__TI_handler_table)
                  00007584    00000004     --HOLE-- [fill = 0]
                  00007588    00000008     (.cinit..bss.load) [load image, compression = zero_init]
                  00007590    00000008     (.cinit..vtable.load) [load image, compression = zero_init]
                  00007598    00000018     (__TI_cinit_table)

.init_array 
*          0    00000000    00000000     UNINITIALIZED

.binit     0    00000000    00000000     

.vtable    0    20000000    000000e8     UNINITIALIZED
                  20000000    000000e8     interrupt.obj (.vtable)

.sysmem    0    200000e8    00000400     UNINITIALIZED
                  200000e8    00000010     rtsv7M4_T_le_v4SPD16_eabi.lib : memory.c.obj (.sysmem)
                  200000f8    000003f0     --HOLE--

.data      0    200004e8    0000026c     UNINITIALIZED
                  200004e8    000000f0     rtsv7M4_T_le_v4SPD16_eabi.lib : defs.c.obj (.data:_ftable)
                  200005d8    00000078                                   : host_device.c.obj (.data:_device)
                  20000650    00000050                                   : host_device.c.obj (.data:_stream)
                  200006a0    00000040     flash.obj (.data:__getBurstProgramRegs)
                  200006e0    00000018     PWM.obj (.data:upDownConfig)
                  200006f8    00000010     PWM.obj (.data:compareConfig_PWM3)
                  20000708    00000010     PWM.obj (.data:compareConfig_PWM4)
                  20000718    00000010     rtsv7M4_T_le_v4SPD16_eabi.lib : defs.c.obj (.data)
                  20000728    0000000c                                   : exit.c.obj (.data:$O1$$)
                  20000734    00000008                                   : _lock.c.obj (.data:$O1$$)
                  2000073c    00000008                                   : memory.c.obj (.data:$O1$$)
                  20000744    00000004                                   : add_device.c.obj (.data)
                  20000748    00000004                                   : fopen.c.obj (.data)
                  2000074c    00000004                                   : open.c.obj (.data)
                  20000750    00000004     system_msp432p401r.obj (.data)

.bss       0    20000754    000001e4     UNINITIALIZED
                  20000754    00000120     rtsv7M4_T_le_v4SPD16_eabi.lib : trgmsg.c.obj (.bss:_CIOBUF_)
                  20000874    000000a0     (.common:__TI_tmpnams)
                  20000914    00000008     cs.obj (.bss)
                  2000091c    00000008     (.common:Messageb)
                  20000924    00000008     (.common:parmbuf)
                  2000092c    00000004     (.common:Messageindexb)
                  20000930    00000004     (.common:TimerA1Task)
                  20000934    00000001     (.common:bump_input)
                  20000935    00000001     (.common:counter)
                  20000936    00000001     (.common:launchpad)
                  20000937    00000001     (.common:reflectance_input)

.stack     0    2000fe00    00000200     UNINITIALIZED
                  2000fe00    00000004     rtsv7M4_T_le_v4SPD16_eabi.lib : boot_cortex_m.c.obj (.stack)
                  2000fe04    000001fc     --HOLE--

__llvm_prf_cnts 
*          0    20000000    00000000     UNINITIALIZED

MODULE SUMMARY

       Module                        code    ro data   rw data
       ------                        ----    -------   -------
    .\
       flash.obj                     5544    0         128    
       FSM.obj                       3970    0         0      
       cs.obj                        3164    0         16     
       pcm.obj                       2100    0         0      
       timer_a.obj                   1944    0         0      
       UART0.obj                     1724    0         24     
       interrupt.obj                 1036    144       464    
       rtc_c.obj                     1364    0         0      
       gpio.obj                      1152    76        0      
       system_msp432p401r.obj        820     0         8      
       sysctl.obj                    584     0         0      
       main.obj                      528     16        8      
       Reflectance.obj               448     16        0      
       PWM.obj                       232     0         112    
       Motor.obj                     264     0         0      
       startup_msp432p401r_ccs.obj   14      228       0      
       wdt_a.obj                     216     0         0      
       Clock_DL.obj                  172     0         0      
       TimerA1.obj                   120     24        8      
       Bump.obj                      76      0         0      
       LaunchPad.obj                 66      0         0      
       cpu.obj                       62      0         0      
    +--+-----------------------------+-------+---------+---------+
       Total:                        25600   504       768    
                                                              
    C:\ti\ccs1110\ccs\tools\compiler\ti-cgt-arm_20.2.5.LTS\lib\rtsv7M4_T_le_v4SPD16_eabi.lib
       defs.c.obj                    0       0         832    
       memory.c.obj                  672     0         16     
       trgmsg.c.obj                  108     0         576    
       fopen.c.obj                   532     0         8      
       host_device.c.obj             0       0         400    
       setvbuf.c.obj                 220     0         0      
       open.c.obj                    188     0         8      
       add_device.c.obj              184     0         8      
       memcpy_t2.asm.obj             156     0         0      
       memset_t2.asm.obj             122     0         0      
       fclose.c.obj                  116     0         0      
       getdevice.c.obj               116     0         0      
       hostopen.c.obj                96      0         16     
       hostrename.c.obj              108     0         0      
       copy_decompress_lzss.c.obj    104     0         0      
       hostlseek.c.obj               104     0         0      
       exit.c.obj                    76      0         24     
       close.c.obj                   92      0         0      
       hostread.c.obj                88      0         0      
       hostwrite.c.obj               88      0         0      
       fflush.c.obj                  76      0         0      
       autoinit.c.obj                68      0         0      
       hostclose.c.obj               68      0         0      
       hostunlink.c.obj              68      0         0      
       strncpy.c.obj                 54      0         0      
       boot_cortex_m.c.obj           52      0         0      
       unlink.c.obj                  44      0         0      
       write.c.obj                   40      0         0      
       copy_zero_init.c.obj          28      0         0      
       strcmp.c.obj                  24      0         0      
       strchr.c.obj                  22      0         0      
       strcpy.c.obj                  20      0         0      
       strlen.c.obj                  20      0         0      
       _lock.c.obj                   2       0         16     
       copy_decompress_none.c.obj    14      0         0      
       pre_init.c.obj                4       0         0      
    +--+-----------------------------+-------+---------+---------+
       Total:                        3774    0         1904   
                                                              
       Heap:                         0       0         2048   
       Stack:                        0       0         1024   
       Linker Generated:             0       235       0      
    +--+-----------------------------+-------+---------+---------+
       Grand Total:                  29374   739       5744   


LINKER GENERATED COPY TABLES

__TI_cinit_table @ 00007598 records: 3, size/record: 8, table size: 24
	.data: load addr=000074c0, load size=000000b7 bytes, run addr=200004e8, run size=0000026c bytes, compression=lzss
	.bss: load addr=00007588, load size=00000008 bytes, run addr=20000754, run size=000001e4 bytes, compression=zero_init
	.vtable: load addr=00007590, load size=00000008 bytes, run addr=20000000, run size=000000e8 bytes, compression=zero_init


LINKER GENERATED HANDLER TABLE

__TI_handler_table @ 00007578 records: 3, size/record: 4, table size: 12
	index: 0, handler: __TI_zero_init
	index: 1, handler: __TI_decompress_lzss
	index: 2, handler: __TI_decompress_none


GLOBAL SYMBOLS: SORTED ALPHABETICALLY BY Name 

address   name                                           
-------   ----                                           
00007395  ADC14_IRQHandler                               
00007395  AES256_IRQHandler                              
00006e91  Bump_Init                                      
00006e9d  Bump_Read                                      
00007395  BusFault_Handler                               
000073a3  C$$EXIT                                        
0000712f  C$$IO$$                                        
00007395  COMP_E0_IRQHandler                             
00007395  COMP_E1_IRQHandler                             
000070f7  CPU_basepriGet                                 
000070e9  CPU_basepriSet                                 
000070c3  CPU_cpsid                                      
000070d9  CPU_cpsie                                      
000070cf  CPU_primask                                    
000070e5  CPU_wfi                                        
00007395  CS_IRQHandler                                  
000031e1  CS_clearInterruptFlag                          
00002bb9  CS_disableClockRequest                         
00002c97  CS_disableDCOExternalResistor                  
000030c9  CS_disableFaultCounter                         
00003191  CS_disableInterrupt                            
00002b91  CS_enableClockRequest                          
00002c01  CS_enableDCOExternalResistor                   
0000309d  CS_enableFaultCounter                          
00003165  CS_enableInterrupt                             
0000302f  CS_getACLK                                     
00002fef  CS_getBCLK                                     
00002d75  CS_getDCOFrequency                             
000031c1  CS_getEnabledInterruptStatus                   
0000300b  CS_getHSMCLK                                   
000031b3  CS_getInterruptStatus                          
00003075  CS_getMCLK                                     
00003053  CS_getSMCLK                                    
000028b1  CS_initClockSignal                             
0000320d  CS_registerInterrupt                           
000030f5  CS_resetFaultCounter                           
00002cb5  CS_setDCOCenteredFrequency                     
00002c29  CS_setDCOExternalResistorCalibration           
00002e8d  CS_setDCOFrequency                             
00002875  CS_setExternalClockSourceFrequency             
00002bdb  CS_setReferenceOscillatorFrequency             
00003121  CS_startFaultCounter                           
000029b5  CS_startHFXT                                   
000029d9  CS_startHFXTWithTimeout                        
00002a9d  CS_startLFXT                                   
00002ac1  CS_startLFXTWithTimeout                        
00002ce5  CS_tuneDCOFrequency                            
00003225  CS_unregisterInterrupt                         
000068b5  Clock_Delay1ms                                 
0000687d  Clock_Delay1us                                 
00006857  Clock_Init                                     
00007395  DMA_ERR_IRQHandler                             
00007395  DMA_INT0_IRQHandler                            
00007395  DMA_INT1_IRQHandler                            
00007395  DMA_INT2_IRQHandler                            
00007395  DMA_INT3_IRQHandler                            
00007395  DebugMon_Handler                               
00007395  Default_Handler                                
00006399  Duty_To_CCR                                    
00007395  EUSCIA0_IRQHandler                             
00007395  EUSCIA1_IRQHandler                             
00007395  EUSCIA2_IRQHandler                             
00007395  EUSCIA3_IRQHandler                             
00007395  EUSCIB0_IRQHandler                             
00007395  EUSCIB1_IRQHandler                             
00007395  EUSCIB2_IRQHandler                             
00007395  EUSCIB3_IRQHandler                             
00007395  FLCTL_IRQHandler                               
00007395  FPU_IRQHandler                                 
0000112b  FlashCtl_clearInterruptFlag                    
00000fef  FlashCtl_clearProgramVerification              
00001101  FlashCtl_disableInterrupt                      
00000661  FlashCtl_disableReadBuffering                  
00001059  FlashCtl_disableWordProgramming                
000010ed  FlashCtl_enableInterrupt                       
0000060d  FlashCtl_enableReadBuffering                   
00001029  FlashCtl_enableWordProgramming                 
00000c91  FlashCtl_eraseSector                           
0000111b  FlashCtl_getEnabledInterruptStatus             
00001115  FlashCtl_getInterruptStatus                    
0000028f  FlashCtl_getMemoryInfo                         
00000af1  FlashCtl_getReadMode                           
000010bf  FlashCtl_getWaitState                          
00000b1f  FlashCtl_initiateMassErase                     
00000db9  FlashCtl_initiateSectorErase                   
0000078d  FlashCtl_isSectorProtected                     
00001061  FlashCtl_isWordProgrammingEnabled              
00000b45  FlashCtl_performMassErase                      
00000e49  FlashCtl_programMemory                         
0000072d  FlashCtl_protectSector                         
0000113f  FlashCtl_registerInterrupt                     
00000fb5  FlashCtl_setProgramVerification                
00000a81  FlashCtl_setReadMode                           
00001081  FlashCtl_setWaitState                          
000006bd  FlashCtl_unprotectSector                       
00001153  FlashCtl_unregisterInterrupt                   
00000819  FlashCtl_verifyMemory                          
0000516b  GPIO_clearInterruptFlag                        
0000512b  GPIO_disableInterrupt                          
00005109  GPIO_enableInterrupt                           
000051c3  GPIO_getEnabledInterruptStatus                 
000050db  GPIO_getInputPinValue                          
0000514d  GPIO_getInterruptStatus                        
0000518d  GPIO_interruptEdgeSelect                       
00005283  GPIO_registerInterrupt                         
00004e83  GPIO_setAsInputPin                             
00005037  GPIO_setAsInputPinWithPullDownResistor         
00005089  GPIO_setAsInputPinWithPullUpResistor           
00004e49  GPIO_setAsOutputPin                            
00004f4d  GPIO_setAsPeripheralModuleFunctionInputPin     
00004ec9  GPIO_setAsPeripheralModuleFunctionOutputPin    
0000523f  GPIO_setDriveStrengthHigh                      
00005261  GPIO_setDriveStrengthLow                       
00004fd1  GPIO_setOutputHighOnPin                        
00004ff3  GPIO_setOutputLowOnPin                         
00005015  GPIO_toggleOutputOnPin                         
000052a3  GPIO_unregisterInterrupt                       
0000682d  HFXT_Init                                      
00006f71  HOSTclose                                      
00006c55  HOSTlseek                                      
00006d25  HOSTopen                                       
00006de1  HOSTread                                       
00006be9  HOSTrename                                     
00006fb5  HOSTunlink                                     
00006e39  HOSTwrite                                      
00007395  HardFault_Handler                              
0000168d  InitializeFSM                                  
000054a9  Interrupt_disableInterrupt                     
000052db  Interrupt_disableMaster                        
000056a5  Interrupt_disableSleepOnIsrExit                
00005437  Interrupt_enableInterrupt                      
000052cb  Interrupt_enableMaster                         
00005693  Interrupt_enableSleepOnIsrExit                 
00005411  Interrupt_getPriority                          
00005389  Interrupt_getPriorityGrouping                  
00005673  Interrupt_getPriorityMask                      
0000568d  Interrupt_getVectorTableAddress                
0000551b  Interrupt_isEnabled                            
000055a5  Interrupt_pendInterrupt                        
000052eb  Interrupt_registerInterrupt                    
000053c1  Interrupt_setPriority                          
00005351  Interrupt_setPriorityGrouping                  
00005663  Interrupt_setPriorityMask                      
0000567d  Interrupt_setVectorTableAddress                
00005615  Interrupt_unpendInterrupt                      
0000533d  Interrupt_unregisterInterrupt                  
00007081  LaunchPad_Init                                 
0000708d  LaunchPad_Input                                
00007395  MemManage_Handler                              
2000091c  Messageb                                       
2000092c  Messageindexb                                  
0000618d  Motor_Backward                                 
00006161  Motor_Forward                                  
00006131  Motor_Init                                     
000061b9  Motor_Left                                     
000061ed  Motor_Right                                    
00006221  Motor_Stop                                     
00007395  NMI_Handler                                    
000016a9  NextStateFunction                              
00002511  OutputFunction                                 
00007395  PCM_IRQHandler                                 
00003a43  PCM_clearInterruptFlag                         
00003a19  PCM_disableInterrupt                           
000039f1  PCM_disableRudeMode                            
00003a05  PCM_enableInterrupt                            
000039df  PCM_enableRudeMode                             
000033ef  PCM_getCoreVoltageLevel                        
00003a33  PCM_getEnabledInterruptStatus                  
00003a2d  PCM_getInterruptStatus                         
00003395  PCM_getPowerMode                               
000039d1  PCM_getPowerState                              
00003909  PCM_gotoLPM0                                   
00003927  PCM_gotoLPM0InterruptSafe                      
00003943  PCM_gotoLPM3                                   
000039b5  PCM_gotoLPM3InterruptSafe                      
000038dd  PCM_gotoLPM4                                   
000038ed  PCM_gotoLPM4InterruptSafe                      
00003a57  PCM_registerInterrupt                          
00003363  PCM_setCoreVoltageLevel                        
00003385  PCM_setCoreVoltageLevelNonBlocking             
00003373  PCM_setCoreVoltageLevelWithTimeout             
00003595  PCM_setPowerMode                               
000035a5  PCM_setPowerModeNonBlocking                    
000035b5  PCM_setPowerModeWithTimeout                    
00003867  PCM_setPowerState                              
00003889  PCM_setPowerStateNonBlocking                   
00003877  PCM_setPowerStateWithTimeout                   
00003899  PCM_shutdownDevice                             
00003a6b  PCM_unregisterInterrupt                        
00007395  PORT1_IRQHandler                               
00007395  PORT2_IRQHandler                               
00007395  PORT3_IRQHandler                               
00007395  PORT4_IRQHandler                               
00007395  PORT5_IRQHandler                               
00007395  PORT6_IRQHandler                               
00007395  PSS_IRQHandler                                 
000063e1  PWM_Duty_Left                                  
000063bb  PWM_Duty_Right                                 
00006339  PWM_Init                                       
00007395  PendSV_Handler                                 
00007395  RTC_C_IRQHandler                               
00004da1  RTC_C_clearInterruptFlag                       
00004bb3  RTC_C_convertBCDToBinary                       
00004bcb  RTC_C_convertBinaryToBCD                       
00004af7  RTC_C_definePrescaleEvent                      
00004c4d  RTC_C_disableInterrupt                         
00004be9  RTC_C_enableInterrupt                          
00004a29  RTC_C_getCalendarTime                          
00004d1d  RTC_C_getEnabledInterruptStatus                
00004cb9  RTC_C_getInterruptStatus                       
00004b37  RTC_C_getPrescaleValue                         
00004913  RTC_C_holdClock                                
000049b7  RTC_C_initCalendar                             
00004de7  RTC_C_registerInterrupt                        
00004a8f  RTC_C_setCalendarAlarm                         
00004ac7  RTC_C_setCalendarEvent                         
00004961  RTC_C_setCalibrationData                       
00004931  RTC_C_setCalibrationFrequency                  
00004b63  RTC_C_setPrescaleValue                         
0000498d  RTC_C_setTemperatureCompensation               
000048f5  RTC_C_startClock                               
00004dfb  RTC_C_unregisterInterrupt                      
00005f3b  Reflectance_Center                             
00005f1b  Reflectance_End                                
00005e61  Reflectance_Init                               
00005f99  Reflectance_Position                           
00005e8d  Reflectance_Read                               
00005ee9  Reflectance_Start                              
00007389  Reset_Handler                                  
00007395  SVC_Handler                                    
00005bff  SysCtl_disableGlitchFilter                     
00005a8b  SysCtl_disableNMISource                        
00005b97  SysCtl_disablePeripheralAtCPUHalt              
00005ad9  SysCtl_disableSRAMBank                         
00005b5d  SysCtl_disableSRAMBankRetention                
00005bf3  SysCtl_enableGlitchFilter                      
00005a9f  SysCtl_enableNMISource                         
00005b83  SysCtl_enablePeripheralAtCPUHalt               
00005abd  SysCtl_enableSRAMBank                          
00005b41  SysCtl_enableSRAMBankRetention                 
00005a85  SysCtl_getFlashSize                            
00005ab3  SysCtl_getNMISourceStatus                      
00005a7f  SysCtl_getSRAMSize                             
00005a09  SysCtl_getTLVInfo                              
00005c0b  SysCtl_getTempCalibrationConstant              
00005b79  SysCtl_rebootDevice                            
00005bcf  SysCtl_setWDTPasswordViolationResetType        
00005bab  SysCtl_setWDTTimeoutResetType                  
00007395  SysTick_Handler                                
20000750  SystemCoreClock                                
000056d5  SystemCoreClockUpdate                          
0000594d  SystemInit                                     
00007395  T32_INT1_IRQHandler                            
00007395  T32_INT2_IRQHandler                            
00007395  T32_INTC_IRQHandler                            
00007395  TA0_0_IRQHandler                               
00007395  TA0_N_IRQHandler                               
00006ae7  TA1_0_IRQHandler                               
00006ae7  TA1_0_IRQHandler                               
00007395  TA1_N_IRQHandler                               
00007395  TA2_0_IRQHandler                               
00007395  TA2_N_IRQHandler                               
00007395  TA3_0_IRQHandler                               
00007395  TA3_N_IRQHandler                               
00005c51  Task                                           
20000930  TimerA1Task                                    
00006a8d  TimerA1_Init                                   
00006ad7  TimerA1_Stop                                   
00003f6b  Timer_A_clearCaptureCompareInterrupt           
00003f55  Timer_A_clearInterruptFlag                     
00003dd3  Timer_A_clearTimer                             
00003bfb  Timer_A_configureContinuousMode                
00003c89  Timer_A_configureUpDownMode                    
00003c2b  Timer_A_configureUpMode                        
00003ff9  Timer_A_disableCaptureCompareInterrupt         
00003fa7  Timer_A_disableInterrupt                       
00003fcd  Timer_A_enableCaptureCompareInterrupt          
00003f93  Timer_A_enableInterrupt                        
00003e9f  Timer_A_generatePWM                            
00003e45  Timer_A_getCaptureCompareCount                 
00004061  Timer_A_getCaptureCompareEnabledInterruptStatus
00004021  Timer_A_getCaptureCompareInterruptStatus       
00003d87  Timer_A_getCounterValue                        
00004049  Timer_A_getEnabledInterruptStatus              
00003fbb  Timer_A_getInterruptStatus                     
00003e17  Timer_A_getOutputForOutputModeOutBitValue      
00003de7  Timer_A_getSynchronizedCaptureCompareInput     
00003ce7  Timer_A_initCapture                            
00003d39  Timer_A_initCompare                            
0000409d  Timer_A_registerInterrupt                      
00003f29  Timer_A_setCompareValue                        
00003e67  Timer_A_setOutputForOutputModeOutBitValue      
00003be5  Timer_A_startCounter                           
00003f15  Timer_A_stopTimer                              
0000416f  Timer_A_unregisterInterrupt                    
0000427f  UART0_InChar                                   
00004709  UART0_InString                                 
000042c9  UART0_InUDec                                   
000045bd  UART0_InUHex                                   
00004239  UART0_Init                                     
00004869  UART0_Initprintf                               
0000428f  UART0_OutChar                                  
000042ab  UART0_OutString                                
0000434d  UART0_OutUDec                                  
000044b9  UART0_OutUDec4                                 
0000450d  UART0_OutUDec5                                 
00004549  UART0_OutUFix1                                 
00004571  UART0_OutUFix2                                 
00004681  UART0_OutUHex                                  
000046ed  UART0_OutUHex2                                 
00007395  UsageFault_Handler                             
4000480c  WDTCTL_SYM                                     
00007395  WDT_A_IRQHandler                               
00006621  WDT_A_clearTimer                               
000065e1  WDT_A_holdTimer                                
0000665d  WDT_A_initIntervalTimer                        
00006641  WDT_A_initWatchdogTimer                        
00006691  WDT_A_registerInterrupt                        
00006679  WDT_A_setPasswordViolationReset                
00006685  WDT_A_setTimeoutReset                          
00006601  WDT_A_startTimer                               
000066a5  WDT_A_unregisterInterrupt                      
20000754  __CIOBUF_                                      
0000155f  __FlashCtl_remaskBurstDataPost                 
0000143d  __FlashCtl_remaskBurstDataPre                  
00001281  __FlashCtl_remaskData32Post                    
00001365  __FlashCtl_remaskData32Pre                     
00001163  __FlashCtl_remaskData8Post                     
000011e3  __FlashCtl_remaskData8Pre                      
20010000  __STACK_END                                    
00000200  __STACK_SIZE                                   
00000400  __SYSMEM_SIZE                                  
00007598  __TI_CINIT_Base                                
000075b0  __TI_CINIT_Limit                               
00007578  __TI_Handler_Table_Base                        
00007584  __TI_Handler_Table_Limit                       
00006ff9  __TI_auto_init_nobinit_nopinit                 
00007171  __TI_cleanup                                   
20000728  __TI_cleanup_ptr                               
00006b05  __TI_closefile                                 
00006cbd  __TI_decompress_lzss                           
0000737b  __TI_decompress_none                           
00006edd  __TI_doflush                                   
2000072c  __TI_dtors_ptr                                 
20000730  __TI_enable_exit_profile_output                
20000718  __TI_ft_end                                    
ffffffff  __TI_pprof_out_hndl                            
ffffffff  __TI_prof_data_size                            
ffffffff  __TI_prof_data_start                           
000071a5  __TI_readmsg                                   
00000000  __TI_static_base__                             
20000874  __TI_tmpnams                                   
00007101  __TI_writemsg                                  
000072ed  __TI_zero_init_nomemset                        
00006a11  __aeabi_memclr                                 
00006a11  __aeabi_memclr4                                
00006a11  __aeabi_memclr8                                
00006975  __aeabi_memcpy                                 
00006975  __aeabi_memcpy4                                
00006975  __aeabi_memcpy8                                
00006a13  __aeabi_memset                                 
00006a13  __aeabi_memset4                                
00006a13  __aeabi_memset8                                
20000724  __aeabi_stderr                                 
2000071c  __aeabi_stdin                                  
20000720  __aeabi_stdout                                 
ffffffff  __binit__                                      
ffffffff  __c_args__                                     
UNDEFED   __mpu_init                                     
2000fe00  __stack                                        
20000000  __start___llvm_prf_cnts                        
20000000  __stop___llvm_prf_cnts                         
000071d9  _c_int00_noargs                                
200005d8  _device                                        
200004e8  _ftable                                        
20000734  _lock                                          
0000260f  _nop                                           
20000650  _stream                                        
200000e8  _sys_memory                                    
UNDEFED   _system_post_cinit                             
0000739f  _system_pre_init                               
20000738  _unlock                                        
000073a3  abort                                          
00006775  add_device                                     
00006239  aligned_alloc                                  
ffffffff  binit                                          
20000934  bump_input                                     
00006d85  close                                          
200006f8  compareConfig_PWM3                             
20000708  compareConfig_PWM4                             
20000935  counter                                        
000068a7  delay                                          
00006f29  exit                                           
000047a3  ferror                                         
00004783  fgetc                                          
00007241  finddevice                                     
000068d9  fopen                                          
00006421  free                                           
0000720d  freopen                                        
20000000  g_pfnRAMVectors                                
0000703d  getdevice                                      
00000000  interruptVectors                               
20000936  launchpad                                      
00005d15  main                                           
00007397  malloc                                         
00006239  memalign                                       
00006975  memcpy                                         
00006a19  memset                                         
000066b9  open                                           
000046c5  outnibble                                      
20000924  parmbuf                                        
00005c93  position                                       
20000937  reflectance_input                              
00007271  remove                                         
00006505  setvbuf                                        
0000733d  strchr                                         
00007325  strcmp                                         
00007353  strcpy                                         
00007367  strlen                                         
00007139  strncpy                                        
000047c1  uart_close                                     
0000483f  uart_lseek                                     
000047b1  uart_open                                      
000047d3  uart_read                                      
0000485b  uart_rename                                    
0000484f  uart_unlink                                    
000047fd  uart_write                                     
00007271  unlink                                         
200006e0  upDownConfig                                   
000072c5  write                                          


GLOBAL SYMBOLS: SORTED BY Symbol Address 

address   name                                           
-------   ----                                           
00000000  __TI_static_base__                             
00000000  interruptVectors                               
00000200  __STACK_SIZE                                   
0000028f  FlashCtl_getMemoryInfo                         
00000400  __SYSMEM_SIZE                                  
0000060d  FlashCtl_enableReadBuffering                   
00000661  FlashCtl_disableReadBuffering                  
000006bd  FlashCtl_unprotectSector                       
0000072d  FlashCtl_protectSector                         
0000078d  FlashCtl_isSectorProtected                     
00000819  FlashCtl_verifyMemory                          
00000a81  FlashCtl_setReadMode                           
00000af1  FlashCtl_getReadMode                           
00000b1f  FlashCtl_initiateMassErase                     
00000b45  FlashCtl_performMassErase                      
00000c91  FlashCtl_eraseSector                           
00000db9  FlashCtl_initiateSectorErase                   
00000e49  FlashCtl_programMemory                         
00000fb5  FlashCtl_setProgramVerification                
00000fef  FlashCtl_clearProgramVerification              
00001029  FlashCtl_enableWordProgramming                 
00001059  FlashCtl_disableWordProgramming                
00001061  FlashCtl_isWordProgrammingEnabled              
00001081  FlashCtl_setWaitState                          
000010bf  FlashCtl_getWaitState                          
000010ed  FlashCtl_enableInterrupt                       
00001101  FlashCtl_disableInterrupt                      
00001115  FlashCtl_getInterruptStatus                    
0000111b  FlashCtl_getEnabledInterruptStatus             
0000112b  FlashCtl_clearInterruptFlag                    
0000113f  FlashCtl_registerInterrupt                     
00001153  FlashCtl_unregisterInterrupt                   
00001163  __FlashCtl_remaskData8Post                     
000011e3  __FlashCtl_remaskData8Pre                      
00001281  __FlashCtl_remaskData32Post                    
00001365  __FlashCtl_remaskData32Pre                     
0000143d  __FlashCtl_remaskBurstDataPre                  
0000155f  __FlashCtl_remaskBurstDataPost                 
0000168d  InitializeFSM                                  
000016a9  NextStateFunction                              
00002511  OutputFunction                                 
0000260f  _nop                                           
00002875  CS_setExternalClockSourceFrequency             
000028b1  CS_initClockSignal                             
000029b5  CS_startHFXT                                   
000029d9  CS_startHFXTWithTimeout                        
00002a9d  CS_startLFXT                                   
00002ac1  CS_startLFXTWithTimeout                        
00002b91  CS_enableClockRequest                          
00002bb9  CS_disableClockRequest                         
00002bdb  CS_setReferenceOscillatorFrequency             
00002c01  CS_enableDCOExternalResistor                   
00002c29  CS_setDCOExternalResistorCalibration           
00002c97  CS_disableDCOExternalResistor                  
00002cb5  CS_setDCOCenteredFrequency                     
00002ce5  CS_tuneDCOFrequency                            
00002d75  CS_getDCOFrequency                             
00002e8d  CS_setDCOFrequency                             
00002fef  CS_getBCLK                                     
0000300b  CS_getHSMCLK                                   
0000302f  CS_getACLK                                     
00003053  CS_getSMCLK                                    
00003075  CS_getMCLK                                     
0000309d  CS_enableFaultCounter                          
000030c9  CS_disableFaultCounter                         
000030f5  CS_resetFaultCounter                           
00003121  CS_startFaultCounter                           
00003165  CS_enableInterrupt                             
00003191  CS_disableInterrupt                            
000031b3  CS_getInterruptStatus                          
000031c1  CS_getEnabledInterruptStatus                   
000031e1  CS_clearInterruptFlag                          
0000320d  CS_registerInterrupt                           
00003225  CS_unregisterInterrupt                         
00003363  PCM_setCoreVoltageLevel                        
00003373  PCM_setCoreVoltageLevelWithTimeout             
00003385  PCM_setCoreVoltageLevelNonBlocking             
00003395  PCM_getPowerMode                               
000033ef  PCM_getCoreVoltageLevel                        
00003595  PCM_setPowerMode                               
000035a5  PCM_setPowerModeNonBlocking                    
000035b5  PCM_setPowerModeWithTimeout                    
00003867  PCM_setPowerState                              
00003877  PCM_setPowerStateWithTimeout                   
00003889  PCM_setPowerStateNonBlocking                   
00003899  PCM_shutdownDevice                             
000038dd  PCM_gotoLPM4                                   
000038ed  PCM_gotoLPM4InterruptSafe                      
00003909  PCM_gotoLPM0                                   
00003927  PCM_gotoLPM0InterruptSafe                      
00003943  PCM_gotoLPM3                                   
000039b5  PCM_gotoLPM3InterruptSafe                      
000039d1  PCM_getPowerState                              
000039df  PCM_enableRudeMode                             
000039f1  PCM_disableRudeMode                            
00003a05  PCM_enableInterrupt                            
00003a19  PCM_disableInterrupt                           
00003a2d  PCM_getInterruptStatus                         
00003a33  PCM_getEnabledInterruptStatus                  
00003a43  PCM_clearInterruptFlag                         
00003a57  PCM_registerInterrupt                          
00003a6b  PCM_unregisterInterrupt                        
00003be5  Timer_A_startCounter                           
00003bfb  Timer_A_configureContinuousMode                
00003c2b  Timer_A_configureUpMode                        
00003c89  Timer_A_configureUpDownMode                    
00003ce7  Timer_A_initCapture                            
00003d39  Timer_A_initCompare                            
00003d87  Timer_A_getCounterValue                        
00003dd3  Timer_A_clearTimer                             
00003de7  Timer_A_getSynchronizedCaptureCompareInput     
00003e17  Timer_A_getOutputForOutputModeOutBitValue      
00003e45  Timer_A_getCaptureCompareCount                 
00003e67  Timer_A_setOutputForOutputModeOutBitValue      
00003e9f  Timer_A_generatePWM                            
00003f15  Timer_A_stopTimer                              
00003f29  Timer_A_setCompareValue                        
00003f55  Timer_A_clearInterruptFlag                     
00003f6b  Timer_A_clearCaptureCompareInterrupt           
00003f93  Timer_A_enableInterrupt                        
00003fa7  Timer_A_disableInterrupt                       
00003fbb  Timer_A_getInterruptStatus                     
00003fcd  Timer_A_enableCaptureCompareInterrupt          
00003ff9  Timer_A_disableCaptureCompareInterrupt         
00004021  Timer_A_getCaptureCompareInterruptStatus       
00004049  Timer_A_getEnabledInterruptStatus              
00004061  Timer_A_getCaptureCompareEnabledInterruptStatus
0000409d  Timer_A_registerInterrupt                      
0000416f  Timer_A_unregisterInterrupt                    
00004239  UART0_Init                                     
0000427f  UART0_InChar                                   
0000428f  UART0_OutChar                                  
000042ab  UART0_OutString                                
000042c9  UART0_InUDec                                   
0000434d  UART0_OutUDec                                  
000044b9  UART0_OutUDec4                                 
0000450d  UART0_OutUDec5                                 
00004549  UART0_OutUFix1                                 
00004571  UART0_OutUFix2                                 
000045bd  UART0_InUHex                                   
00004681  UART0_OutUHex                                  
000046c5  outnibble                                      
000046ed  UART0_OutUHex2                                 
00004709  UART0_InString                                 
00004783  fgetc                                          
000047a3  ferror                                         
000047b1  uart_open                                      
000047c1  uart_close                                     
000047d3  uart_read                                      
000047fd  uart_write                                     
0000483f  uart_lseek                                     
0000484f  uart_unlink                                    
0000485b  uart_rename                                    
00004869  UART0_Initprintf                               
000048f5  RTC_C_startClock                               
00004913  RTC_C_holdClock                                
00004931  RTC_C_setCalibrationFrequency                  
00004961  RTC_C_setCalibrationData                       
0000498d  RTC_C_setTemperatureCompensation               
000049b7  RTC_C_initCalendar                             
00004a29  RTC_C_getCalendarTime                          
00004a8f  RTC_C_setCalendarAlarm                         
00004ac7  RTC_C_setCalendarEvent                         
00004af7  RTC_C_definePrescaleEvent                      
00004b37  RTC_C_getPrescaleValue                         
00004b63  RTC_C_setPrescaleValue                         
00004bb3  RTC_C_convertBCDToBinary                       
00004bcb  RTC_C_convertBinaryToBCD                       
00004be9  RTC_C_enableInterrupt                          
00004c4d  RTC_C_disableInterrupt                         
00004cb9  RTC_C_getInterruptStatus                       
00004d1d  RTC_C_getEnabledInterruptStatus                
00004da1  RTC_C_clearInterruptFlag                       
00004de7  RTC_C_registerInterrupt                        
00004dfb  RTC_C_unregisterInterrupt                      
00004e49  GPIO_setAsOutputPin                            
00004e83  GPIO_setAsInputPin                             
00004ec9  GPIO_setAsPeripheralModuleFunctionOutputPin    
00004f4d  GPIO_setAsPeripheralModuleFunctionInputPin     
00004fd1  GPIO_setOutputHighOnPin                        
00004ff3  GPIO_setOutputLowOnPin                         
00005015  GPIO_toggleOutputOnPin                         
00005037  GPIO_setAsInputPinWithPullDownResistor         
00005089  GPIO_setAsInputPinWithPullUpResistor           
000050db  GPIO_getInputPinValue                          
00005109  GPIO_enableInterrupt                           
0000512b  GPIO_disableInterrupt                          
0000514d  GPIO_getInterruptStatus                        
0000516b  GPIO_clearInterruptFlag                        
0000518d  GPIO_interruptEdgeSelect                       
000051c3  GPIO_getEnabledInterruptStatus                 
0000523f  GPIO_setDriveStrengthHigh                      
00005261  GPIO_setDriveStrengthLow                       
00005283  GPIO_registerInterrupt                         
000052a3  GPIO_unregisterInterrupt                       
000052cb  Interrupt_enableMaster                         
000052db  Interrupt_disableMaster                        
000052eb  Interrupt_registerInterrupt                    
0000533d  Interrupt_unregisterInterrupt                  
00005351  Interrupt_setPriorityGrouping                  
00005389  Interrupt_getPriorityGrouping                  
000053c1  Interrupt_setPriority                          
00005411  Interrupt_getPriority                          
00005437  Interrupt_enableInterrupt                      
000054a9  Interrupt_disableInterrupt                     
0000551b  Interrupt_isEnabled                            
000055a5  Interrupt_pendInterrupt                        
00005615  Interrupt_unpendInterrupt                      
00005663  Interrupt_setPriorityMask                      
00005673  Interrupt_getPriorityMask                      
0000567d  Interrupt_setVectorTableAddress                
0000568d  Interrupt_getVectorTableAddress                
00005693  Interrupt_enableSleepOnIsrExit                 
000056a5  Interrupt_disableSleepOnIsrExit                
000056d5  SystemCoreClockUpdate                          
0000594d  SystemInit                                     
00005a09  SysCtl_getTLVInfo                              
00005a7f  SysCtl_getSRAMSize                             
00005a85  SysCtl_getFlashSize                            
00005a8b  SysCtl_disableNMISource                        
00005a9f  SysCtl_enableNMISource                         
00005ab3  SysCtl_getNMISourceStatus                      
00005abd  SysCtl_enableSRAMBank                          
00005ad9  SysCtl_disableSRAMBank                         
00005b41  SysCtl_enableSRAMBankRetention                 
00005b5d  SysCtl_disableSRAMBankRetention                
00005b79  SysCtl_rebootDevice                            
00005b83  SysCtl_enablePeripheralAtCPUHalt               
00005b97  SysCtl_disablePeripheralAtCPUHalt              
00005bab  SysCtl_setWDTTimeoutResetType                  
00005bcf  SysCtl_setWDTPasswordViolationResetType        
00005bf3  SysCtl_enableGlitchFilter                      
00005bff  SysCtl_disableGlitchFilter                     
00005c0b  SysCtl_getTempCalibrationConstant              
00005c51  Task                                           
00005c93  position                                       
00005d15  main                                           
00005e61  Reflectance_Init                               
00005e8d  Reflectance_Read                               
00005ee9  Reflectance_Start                              
00005f1b  Reflectance_End                                
00005f3b  Reflectance_Center                             
00005f99  Reflectance_Position                           
00006131  Motor_Init                                     
00006161  Motor_Forward                                  
0000618d  Motor_Backward                                 
000061b9  Motor_Left                                     
000061ed  Motor_Right                                    
00006221  Motor_Stop                                     
00006239  aligned_alloc                                  
00006239  memalign                                       
00006339  PWM_Init                                       
00006399  Duty_To_CCR                                    
000063bb  PWM_Duty_Right                                 
000063e1  PWM_Duty_Left                                  
00006421  free                                           
00006505  setvbuf                                        
000065e1  WDT_A_holdTimer                                
00006601  WDT_A_startTimer                               
00006621  WDT_A_clearTimer                               
00006641  WDT_A_initWatchdogTimer                        
0000665d  WDT_A_initIntervalTimer                        
00006679  WDT_A_setPasswordViolationReset                
00006685  WDT_A_setTimeoutReset                          
00006691  WDT_A_registerInterrupt                        
000066a5  WDT_A_unregisterInterrupt                      
000066b9  open                                           
00006775  add_device                                     
0000682d  HFXT_Init                                      
00006857  Clock_Init                                     
0000687d  Clock_Delay1us                                 
000068a7  delay                                          
000068b5  Clock_Delay1ms                                 
000068d9  fopen                                          
00006975  __aeabi_memcpy                                 
00006975  __aeabi_memcpy4                                
00006975  __aeabi_memcpy8                                
00006975  memcpy                                         
00006a11  __aeabi_memclr                                 
00006a11  __aeabi_memclr4                                
00006a11  __aeabi_memclr8                                
00006a13  __aeabi_memset                                 
00006a13  __aeabi_memset4                                
00006a13  __aeabi_memset8                                
00006a19  memset                                         
00006a8d  TimerA1_Init                                   
00006ad7  TimerA1_Stop                                   
00006ae7  TA1_0_IRQHandler                               
00006ae7  TA1_0_IRQHandler                               
00006b05  __TI_closefile                                 
00006be9  HOSTrename                                     
00006c55  HOSTlseek                                      
00006cbd  __TI_decompress_lzss                           
00006d25  HOSTopen                                       
00006d85  close                                          
00006de1  HOSTread                                       
00006e39  HOSTwrite                                      
00006e91  Bump_Init                                      
00006e9d  Bump_Read                                      
00006edd  __TI_doflush                                   
00006f29  exit                                           
00006f71  HOSTclose                                      
00006fb5  HOSTunlink                                     
00006ff9  __TI_auto_init_nobinit_nopinit                 
0000703d  getdevice                                      
00007081  LaunchPad_Init                                 
0000708d  LaunchPad_Input                                
000070c3  CPU_cpsid                                      
000070cf  CPU_primask                                    
000070d9  CPU_cpsie                                      
000070e5  CPU_wfi                                        
000070e9  CPU_basepriSet                                 
000070f7  CPU_basepriGet                                 
00007101  __TI_writemsg                                  
0000712f  C$$IO$$                                        
00007139  strncpy                                        
00007171  __TI_cleanup                                   
000071a5  __TI_readmsg                                   
000071d9  _c_int00_noargs                                
0000720d  freopen                                        
00007241  finddevice                                     
00007271  remove                                         
00007271  unlink                                         
000072c5  write                                          
000072ed  __TI_zero_init_nomemset                        
00007325  strcmp                                         
0000733d  strchr                                         
00007353  strcpy                                         
00007367  strlen                                         
0000737b  __TI_decompress_none                           
00007389  Reset_Handler                                  
00007395  ADC14_IRQHandler                               
00007395  AES256_IRQHandler                              
00007395  BusFault_Handler                               
00007395  COMP_E0_IRQHandler                             
00007395  COMP_E1_IRQHandler                             
00007395  CS_IRQHandler                                  
00007395  DMA_ERR_IRQHandler                             
00007395  DMA_INT0_IRQHandler                            
00007395  DMA_INT1_IRQHandler                            
00007395  DMA_INT2_IRQHandler                            
00007395  DMA_INT3_IRQHandler                            
00007395  DebugMon_Handler                               
00007395  Default_Handler                                
00007395  EUSCIA0_IRQHandler                             
00007395  EUSCIA1_IRQHandler                             
00007395  EUSCIA2_IRQHandler                             
00007395  EUSCIA3_IRQHandler                             
00007395  EUSCIB0_IRQHandler                             
00007395  EUSCIB1_IRQHandler                             
00007395  EUSCIB2_IRQHandler                             
00007395  EUSCIB3_IRQHandler                             
00007395  FLCTL_IRQHandler                               
00007395  FPU_IRQHandler                                 
00007395  HardFault_Handler                              
00007395  MemManage_Handler                              
00007395  NMI_Handler                                    
00007395  PCM_IRQHandler                                 
00007395  PORT1_IRQHandler                               
00007395  PORT2_IRQHandler                               
00007395  PORT3_IRQHandler                               
00007395  PORT4_IRQHandler                               
00007395  PORT5_IRQHandler                               
00007395  PORT6_IRQHandler                               
00007395  PSS_IRQHandler                                 
00007395  PendSV_Handler                                 
00007395  RTC_C_IRQHandler                               
00007395  SVC_Handler                                    
00007395  SysTick_Handler                                
00007395  T32_INT1_IRQHandler                            
00007395  T32_INT2_IRQHandler                            
00007395  T32_INTC_IRQHandler                            
00007395  TA0_0_IRQHandler                               
00007395  TA0_N_IRQHandler                               
00007395  TA1_N_IRQHandler                               
00007395  TA2_0_IRQHandler                               
00007395  TA2_N_IRQHandler                               
00007395  TA3_0_IRQHandler                               
00007395  TA3_N_IRQHandler                               
00007395  UsageFault_Handler                             
00007395  WDT_A_IRQHandler                               
00007397  malloc                                         
0000739f  _system_pre_init                               
000073a3  C$$EXIT                                        
000073a3  abort                                          
00007578  __TI_Handler_Table_Base                        
00007584  __TI_Handler_Table_Limit                       
00007598  __TI_CINIT_Base                                
000075b0  __TI_CINIT_Limit                               
20000000  __start___llvm_prf_cnts                        
20000000  __stop___llvm_prf_cnts                         
20000000  g_pfnRAMVectors                                
200000e8  _sys_memory                                    
200004e8  _ftable                                        
200005d8  _device                                        
20000650  _stream                                        
200006e0  upDownConfig                                   
200006f8  compareConfig_PWM3                             
20000708  compareConfig_PWM4                             
20000718  __TI_ft_end                                    
2000071c  __aeabi_stdin                                  
20000720  __aeabi_stdout                                 
20000724  __aeabi_stderr                                 
20000728  __TI_cleanup_ptr                               
2000072c  __TI_dtors_ptr                                 
20000730  __TI_enable_exit_profile_output                
20000734  _lock                                          
20000738  _unlock                                        
20000750  SystemCoreClock                                
20000754  __CIOBUF_                                      
20000874  __TI_tmpnams                                   
2000091c  Messageb                                       
20000924  parmbuf                                        
2000092c  Messageindexb                                  
20000930  TimerA1Task                                    
20000934  bump_input                                     
20000935  counter                                        
20000936  launchpad                                      
20000937  reflectance_input                              
2000fe00  __stack                                        
20010000  __STACK_END                                    
4000480c  WDTCTL_SYM                                     
ffffffff  __TI_pprof_out_hndl                            
ffffffff  __TI_prof_data_size                            
ffffffff  __TI_prof_data_start                           
ffffffff  __binit__                                      
ffffffff  __c_args__                                     
ffffffff  binit                                          
UNDEFED   __mpu_init                                     
UNDEFED   _system_post_cinit                             

[430 symbols]
