******************************************************************************
                  TI ARM Linker PC v20.2.5                     
******************************************************************************
>> Linked Fri Apr  1 12:16:17 2022

OUTPUT FILE NAME:   <LineFollower.out>
ENTRY POINT SYMBOL: "_c_int00_noargs"  address: 00007145


MEMORY CONFIGURATION

         name            origin    length      used     unused   attr    fill
----------------------  --------  ---------  --------  --------  ----  --------
  MAIN                  00000000   00040000  00007516  00038aea  R  X
  INFO                  00200000   00004000  00000000  00004000  R  X
  SRAM_CODE             01000000   00010000  00000b38  0000f4c8  RW X
  SRAM_DATA             20000000   00010000  00000b38  0000f4c8  RW  


SEGMENT ALLOCATION MAP

run origin  load origin   length   init length attrs members
----------  ----------- ---------- ----------- ----- -------
00000000    00000000    00007518   00007518    r-x
  00000000    00000000    000000e4   000000e4    r-- .intvecs
  000000e4    000000e4    0000722e   0000722e    r-x .text
  00007314    00007314    00000114   00000114    r-- .const
  00007428    00007428    000000f0   000000f0    r-- .cinit
20000000    20000000    00000938   00000000    rw-
  20000000    20000000    000000e8   00000000    rw- .vtable
  200000e8    200000e8    00000400   00000000    rw- .sysmem
  200004e8    200004e8    0000026c   00000000    rw- .data
  20000754    20000754    000001e4   00000000    rw- .bss
2000fe00    2000fe00    00000200   00000000    rw-
  2000fe00    2000fe00    00000200   00000000    rw- .stack


SECTION ALLOCATION MAP

 output                                  attributes/
section   page    origin      length       input sections
--------  ----  ----------  ----------   ----------------
.intvecs   0    00000000    000000e4     
                  00000000    000000e4     startup_msp432p401r_ccs.obj (.intvecs:retain)

.text      0    000000e4    0000722e     
                  000000e4    000015a8     flash.obj (.text)
                  0000168c    00000ef6     FSM.obj (.text)
                  00002582    00000002     rtsv7M4_T_le_v4SPD16_eabi.lib : _lock.c.obj (.text:_nop)
                  00002584    00000c5c     cs.obj (.text)
                  000031e0    00000834     pcm.obj (.text)
                  00003a14    00000798     timer_a.obj (.text)
                  000041ac    000006bc     UART0.obj (.text)
                  00004868    00000554     rtc_c.obj (.text)
                  00004dbc    00000480     gpio.obj (.text)
                  0000523c    0000040c     interrupt.obj (.text)
                  00005648    00000334     system_msp432p401r.obj (.text)
                  0000597c    00000248     sysctl.obj (.text)
                  00005bc4    00000208     main.obj (.text)
                  00005dcc    000001c0     Reflectance.obj (.text)
                  00005f8c    00000110     rtsv7M4_T_le_v4SPD16_eabi.lib : fopen.c.obj (.text:_openfile)
                  0000609c    00000108     Motor.obj (.text)
                  000061a4    00000100     rtsv7M4_T_le_v4SPD16_eabi.lib : memory.c.obj (.text:aligned_alloc)
                  000062a4    000000e8     PWM.obj (.text)
                  0000638c    000000e4     rtsv7M4_T_le_v4SPD16_eabi.lib : memory.c.obj (.text:free)
                  00006470    000000dc                                   : setvbuf.c.obj (.text:setvbuf)
                  0000654c    000000d8     wdt_a.obj (.text)
                  00006624    000000bc     rtsv7M4_T_le_v4SPD16_eabi.lib : open.c.obj (.text:open)
                  000066e0    000000b8                                   : add_device.c.obj (.text:add_device)
                  00006798    000000ac     Clock_DL.obj (.text)
                  00006844    0000009c     rtsv7M4_T_le_v4SPD16_eabi.lib : fopen.c.obj (.text:fopen)
                  000068e0    0000009c                                   : memcpy_t2.asm.obj (.text)
                  0000697c    0000007a                                   : memset_t2.asm.obj (.text)
                  000069f6    00000002     --HOLE-- [fill = 0]
                  000069f8    00000078     TimerA1.obj (.text)
                  00006a70    00000074     rtsv7M4_T_le_v4SPD16_eabi.lib : fclose.c.obj (.text:__TI_closefile)
                  00006ae4    00000070                                   : memory.c.obj (.text:split)
                  00006b54    0000006c                                   : hostrename.c.obj (.text:HOSTrename)
                  00006bc0    00000068                                   : hostlseek.c.obj (.text:HOSTlseek)
                  00006c28    00000068                                   : copy_decompress_lzss.c.obj (.text:decompress:lzss:__TI_decompress_lzss)
                  00006c90    00000060                                   : hostopen.c.obj (.text:HOSTopen)
                  00006cf0    0000005c                                   : close.c.obj (.text:close)
                  00006d4c    00000058                                   : hostread.c.obj (.text:HOSTread)
                  00006da4    00000058                                   : hostwrite.c.obj (.text:HOSTwrite)
                  00006dfc    0000004c     Bump.obj (.text)
                  00006e48    0000004c     rtsv7M4_T_le_v4SPD16_eabi.lib : fflush.c.obj (.text:__TI_doflush)
                  00006e94    00000048                                   : exit.c.obj (.text:exit)
                  00006edc    00000044                                   : hostclose.c.obj (.text:HOSTclose)
                  00006f20    00000044                                   : hostunlink.c.obj (.text:HOSTunlink)
                  00006f64    00000044                                   : autoinit.c.obj (.text:__TI_auto_init_nobinit_nopinit:__TI_auto_init_nobinit_nopinit)
                  00006fa8    00000044                                   : getdevice.c.obj (.text:getdevice)
                  00006fec    00000042     LaunchPad.obj (.text)
                  0000702e    0000003e     cpu.obj (.text)
                  0000706c    00000038     rtsv7M4_T_le_v4SPD16_eabi.lib : trgmsg.c.obj (.text:__TI_writemsg)
                  000070a4    00000036                                   : strncpy.c.obj (.text:strncpy)
                  000070da    00000002     --HOLE-- [fill = 0]
                  000070dc    00000034                                   : fopen.c.obj (.text:__TI_cleanup)
                  00007110    00000034                                   : trgmsg.c.obj (.text:__TI_readmsg)
                  00007144    00000034                                   : boot_cortex_m.c.obj (.text:_c_int00_noargs:_c_int00_noargs)
                  00007178    00000034                                   : fopen.c.obj (.text:freopen)
                  000071ac    00000030                                   : getdevice.c.obj (.text:finddevice)
                  000071dc    0000002c                                   : unlink.c.obj (.text:unlink)
                  00007208    00000028                                   : memory.c.obj (.text:free_list_insert)
                  00007230    00000028                                   : write.c.obj (.text:write)
                  00007258    0000001c                                   : copy_zero_init.c.obj (.text:decompress:ZI:__TI_zero_init_nomemset:__TI_zero_init_nomemset)
                  00007274    0000001c                                   : memory.c.obj (.text:free_list_remove)
                  00007290    00000018                                   : strcmp.c.obj (.text:strcmp)
                  000072a8    00000016                                   : strchr.c.obj (.text:strchr)
                  000072be    00000014                                   : strcpy.c.obj (.text:strcpy)
                  000072d2    00000014                                   : strlen.c.obj (.text:strlen)
                  000072e6    0000000e                                   : copy_decompress_none.c.obj (.text:decompress:none:__TI_decompress_none)
                  000072f4    0000000e     startup_msp432p401r_ccs.obj (.text)
                  00007302    00000008     rtsv7M4_T_le_v4SPD16_eabi.lib : memory.c.obj (.text:malloc)
                  0000730a    00000004                                   : pre_init.c.obj (.text:_system_pre_init)
                  0000730e    00000004                                   : exit.c.obj (.text:abort:abort)

.const     0    00007314    00000114     
                  00007314    00000050     interrupt.obj (.const:g_pulRegs)
                  00007364    00000030     gpio.obj (.const:GPIO_PORT_TO_BASE)
                  00007394    00000020     interrupt.obj (.const:g_pulPriority)
                  000073b4    0000001c     gpio.obj (.const:GPIO_PORT_TO_INT)
                  000073d0    00000018     TimerA1.obj (.const:$P$T0$1)
                  000073e8    00000010     Reflectance.obj (.const:$P$T0$1)
                  000073f8    00000010     main.obj (.const:$P$T0$1)
                  00007408    00000008     interrupt.obj (.const:g_pulDisRegs)
                  00007410    00000008     interrupt.obj (.const:g_pulEnRegs)
                  00007418    00000008     interrupt.obj (.const:g_pulPendRegs)
                  00007420    00000008     interrupt.obj (.const:g_pulUnpendRegs)

.cinit     0    00007428    000000f0     
                  00007428    000000ba     (.cinit..data.load) [load image, compression = lzss]
                  000074e2    00000002     --HOLE-- [fill = 0]
                  000074e4    0000000c     (__TI_handler_table)
                  000074f0    00000008     (.cinit..bss.load) [load image, compression = zero_init]
                  000074f8    00000008     (.cinit..vtable.load) [load image, compression = zero_init]
                  00007500    00000018     (__TI_cinit_table)

.init_array 
*          0    00000000    00000000     UNINITIALIZED

.binit     0    00000000    00000000     

.vtable    0    20000000    000000e8     UNINITIALIZED
                  20000000    000000e8     interrupt.obj (.vtable)

.sysmem    0    200000e8    00000400     UNINITIALIZED
                  200000e8    00000010     rtsv7M4_T_le_v4SPD16_eabi.lib : memory.c.obj (.sysmem)
                  200000f8    000003f0     --HOLE--

.data      0    200004e8    0000026c     UNINITIALIZED
                  200004e8    000000f0     rtsv7M4_T_le_v4SPD16_eabi.lib : defs.c.obj (.data:_ftable)
                  200005d8    00000078                                   : host_device.c.obj (.data:_device)
                  20000650    00000050                                   : host_device.c.obj (.data:_stream)
                  200006a0    00000040     flash.obj (.data:__getBurstProgramRegs)
                  200006e0    00000018     PWM.obj (.data:upDownConfig)
                  200006f8    00000010     PWM.obj (.data:compareConfig_PWM3)
                  20000708    00000010     PWM.obj (.data:compareConfig_PWM4)
                  20000718    00000010     rtsv7M4_T_le_v4SPD16_eabi.lib : defs.c.obj (.data)
                  20000728    0000000c                                   : exit.c.obj (.data:$O1$$)
                  20000734    00000008                                   : _lock.c.obj (.data:$O1$$)
                  2000073c    00000008                                   : memory.c.obj (.data:$O1$$)
                  20000744    00000004                                   : add_device.c.obj (.data)
                  20000748    00000004                                   : fopen.c.obj (.data)
                  2000074c    00000004                                   : open.c.obj (.data)
                  20000750    00000004     system_msp432p401r.obj (.data)

.bss       0    20000754    000001e4     UNINITIALIZED
                  20000754    00000120     rtsv7M4_T_le_v4SPD16_eabi.lib : trgmsg.c.obj (.bss:_CIOBUF_)
                  20000874    000000a0     (.common:__TI_tmpnams)
                  20000914    00000008     cs.obj (.bss)
                  2000091c    00000008     (.common:Messageb)
                  20000924    00000008     (.common:parmbuf)
                  2000092c    00000004     (.common:Messageindexb)
                  20000930    00000004     (.common:TimerA1Task)
                  20000934    00000001     (.common:bump_input)
                  20000935    00000001     (.common:counter)
                  20000936    00000001     (.common:launchpad)
                  20000937    00000001     (.common:reflectance_input)

.stack     0    2000fe00    00000200     UNINITIALIZED
                  2000fe00    00000004     rtsv7M4_T_le_v4SPD16_eabi.lib : boot_cortex_m.c.obj (.stack)
                  2000fe04    000001fc     --HOLE--

__llvm_prf_cnts 
*          0    20000000    00000000     UNINITIALIZED

MODULE SUMMARY

       Module                        code    ro data   rw data
       ------                        ----    -------   -------
    .\
       flash.obj                     5544    0         128    
       FSM.obj                       3830    0         0      
       cs.obj                        3164    0         16     
       pcm.obj                       2100    0         0      
       timer_a.obj                   1944    0         0      
       UART0.obj                     1724    0         24     
       interrupt.obj                 1036    144       464    
       rtc_c.obj                     1364    0         0      
       gpio.obj                      1152    76        0      
       system_msp432p401r.obj        820     0         8      
       sysctl.obj                    584     0         0      
       main.obj                      520     16        8      
       Reflectance.obj               448     16        0      
       PWM.obj                       232     0         112    
       Motor.obj                     264     0         0      
       startup_msp432p401r_ccs.obj   14      228       0      
       wdt_a.obj                     216     0         0      
       Clock_DL.obj                  172     0         0      
       TimerA1.obj                   120     24        8      
       Bump.obj                      76      0         0      
       LaunchPad.obj                 66      0         0      
       cpu.obj                       62      0         0      
    +--+-----------------------------+-------+---------+---------+
       Total:                        25452   504       768    
                                                              
    C:\ti\ccs1110\ccs\tools\compiler\ti-cgt-arm_20.2.5.LTS\lib\rtsv7M4_T_le_v4SPD16_eabi.lib
       defs.c.obj                    0       0         832    
       memory.c.obj                  672     0         16     
       trgmsg.c.obj                  108     0         576    
       fopen.c.obj                   532     0         8      
       host_device.c.obj             0       0         400    
       setvbuf.c.obj                 220     0         0      
       open.c.obj                    188     0         8      
       add_device.c.obj              184     0         8      
       memcpy_t2.asm.obj             156     0         0      
       memset_t2.asm.obj             122     0         0      
       fclose.c.obj                  116     0         0      
       getdevice.c.obj               116     0         0      
       hostopen.c.obj                96      0         16     
       hostrename.c.obj              108     0         0      
       copy_decompress_lzss.c.obj    104     0         0      
       hostlseek.c.obj               104     0         0      
       exit.c.obj                    76      0         24     
       close.c.obj                   92      0         0      
       hostread.c.obj                88      0         0      
       hostwrite.c.obj               88      0         0      
       fflush.c.obj                  76      0         0      
       autoinit.c.obj                68      0         0      
       hostclose.c.obj               68      0         0      
       hostunlink.c.obj              68      0         0      
       strncpy.c.obj                 54      0         0      
       boot_cortex_m.c.obj           52      0         0      
       unlink.c.obj                  44      0         0      
       write.c.obj                   40      0         0      
       copy_zero_init.c.obj          28      0         0      
       strcmp.c.obj                  24      0         0      
       strchr.c.obj                  22      0         0      
       strcpy.c.obj                  20      0         0      
       strlen.c.obj                  20      0         0      
       _lock.c.obj                   2       0         16     
       copy_decompress_none.c.obj    14      0         0      
       pre_init.c.obj                4       0         0      
    +--+-----------------------------+-------+---------+---------+
       Total:                        3774    0         1904   
                                                              
       Heap:                         0       0         2048   
       Stack:                        0       0         1024   
       Linker Generated:             0       238       0      
    +--+-----------------------------+-------+---------+---------+
       Grand Total:                  29226   742       5744   


LINKER GENERATED COPY TABLES

__TI_cinit_table @ 00007500 records: 3, size/record: 8, table size: 24
	.data: load addr=00007428, load size=000000ba bytes, run addr=200004e8, run size=0000026c bytes, compression=lzss
	.bss: load addr=000074f0, load size=00000008 bytes, run addr=20000754, run size=000001e4 bytes, compression=zero_init
	.vtable: load addr=000074f8, load size=00000008 bytes, run addr=20000000, run size=000000e8 bytes, compression=zero_init


LINKER GENERATED HANDLER TABLE

__TI_handler_table @ 000074e4 records: 3, size/record: 4, table size: 12
	index: 0, handler: __TI_zero_init
	index: 1, handler: __TI_decompress_lzss
	index: 2, handler: __TI_decompress_none


GLOBAL SYMBOLS: SORTED ALPHABETICALLY BY Name 

address   name                                           
-------   ----                                           
00007301  ADC14_IRQHandler                               
00007301  AES256_IRQHandler                              
00006dfd  Bump_Init                                      
00006e09  Bump_Read                                      
00007301  BusFault_Handler                               
0000730f  C$$EXIT                                        
0000709b  C$$IO$$                                        
00007301  COMP_E0_IRQHandler                             
00007301  COMP_E1_IRQHandler                             
00007063  CPU_basepriGet                                 
00007055  CPU_basepriSet                                 
0000702f  CPU_cpsid                                      
00007045  CPU_cpsie                                      
0000703b  CPU_primask                                    
00007051  CPU_wfi                                        
00007301  CS_IRQHandler                                  
00003155  CS_clearInterruptFlag                          
00002b2d  CS_disableClockRequest                         
00002c0b  CS_disableDCOExternalResistor                  
0000303d  CS_disableFaultCounter                         
00003105  CS_disableInterrupt                            
00002b05  CS_enableClockRequest                          
00002b75  CS_enableDCOExternalResistor                   
00003011  CS_enableFaultCounter                          
000030d9  CS_enableInterrupt                             
00002fa3  CS_getACLK                                     
00002f63  CS_getBCLK                                     
00002ce9  CS_getDCOFrequency                             
00003135  CS_getEnabledInterruptStatus                   
00002f7f  CS_getHSMCLK                                   
00003127  CS_getInterruptStatus                          
00002fe9  CS_getMCLK                                     
00002fc7  CS_getSMCLK                                    
00002825  CS_initClockSignal                             
00003181  CS_registerInterrupt                           
00003069  CS_resetFaultCounter                           
00002c29  CS_setDCOCenteredFrequency                     
00002b9d  CS_setDCOExternalResistorCalibration           
00002e01  CS_setDCOFrequency                             
000027e9  CS_setExternalClockSourceFrequency             
00002b4f  CS_setReferenceOscillatorFrequency             
00003095  CS_startFaultCounter                           
00002929  CS_startHFXT                                   
0000294d  CS_startHFXTWithTimeout                        
00002a11  CS_startLFXT                                   
00002a35  CS_startLFXTWithTimeout                        
00002c59  CS_tuneDCOFrequency                            
00003199  CS_unregisterInterrupt                         
00006821  Clock_Delay1ms                                 
000067e9  Clock_Delay1us                                 
000067c3  Clock_Init                                     
00007301  DMA_ERR_IRQHandler                             
00007301  DMA_INT0_IRQHandler                            
00007301  DMA_INT1_IRQHandler                            
00007301  DMA_INT2_IRQHandler                            
00007301  DMA_INT3_IRQHandler                            
00007301  DebugMon_Handler                               
00007301  Default_Handler                                
00006305  Duty_To_CCR                                    
00007301  EUSCIA0_IRQHandler                             
00007301  EUSCIA1_IRQHandler                             
00007301  EUSCIA2_IRQHandler                             
00007301  EUSCIA3_IRQHandler                             
00007301  EUSCIB0_IRQHandler                             
00007301  EUSCIB1_IRQHandler                             
00007301  EUSCIB2_IRQHandler                             
00007301  EUSCIB3_IRQHandler                             
00007301  FLCTL_IRQHandler                               
00007301  FPU_IRQHandler                                 
0000112b  FlashCtl_clearInterruptFlag                    
00000fef  FlashCtl_clearProgramVerification              
00001101  FlashCtl_disableInterrupt                      
00000661  FlashCtl_disableReadBuffering                  
00001059  FlashCtl_disableWordProgramming                
000010ed  FlashCtl_enableInterrupt                       
0000060d  FlashCtl_enableReadBuffering                   
00001029  FlashCtl_enableWordProgramming                 
00000c91  FlashCtl_eraseSector                           
0000111b  FlashCtl_getEnabledInterruptStatus             
00001115  FlashCtl_getInterruptStatus                    
0000028f  FlashCtl_getMemoryInfo                         
00000af1  FlashCtl_getReadMode                           
000010bf  FlashCtl_getWaitState                          
00000b1f  FlashCtl_initiateMassErase                     
00000db9  FlashCtl_initiateSectorErase                   
0000078d  FlashCtl_isSectorProtected                     
00001061  FlashCtl_isWordProgrammingEnabled              
00000b45  FlashCtl_performMassErase                      
00000e49  FlashCtl_programMemory                         
0000072d  FlashCtl_protectSector                         
0000113f  FlashCtl_registerInterrupt                     
00000fb5  FlashCtl_setProgramVerification                
00000a81  FlashCtl_setReadMode                           
00001081  FlashCtl_setWaitState                          
000006bd  FlashCtl_unprotectSector                       
00001153  FlashCtl_unregisterInterrupt                   
00000819  FlashCtl_verifyMemory                          
000050df  GPIO_clearInterruptFlag                        
0000509f  GPIO_disableInterrupt                          
0000507d  GPIO_enableInterrupt                           
00005137  GPIO_getEnabledInterruptStatus                 
0000504f  GPIO_getInputPinValue                          
000050c1  GPIO_getInterruptStatus                        
00005101  GPIO_interruptEdgeSelect                       
000051f7  GPIO_registerInterrupt                         
00004df7  GPIO_setAsInputPin                             
00004fab  GPIO_setAsInputPinWithPullDownResistor         
00004ffd  GPIO_setAsInputPinWithPullUpResistor           
00004dbd  GPIO_setAsOutputPin                            
00004ec1  GPIO_setAsPeripheralModuleFunctionInputPin     
00004e3d  GPIO_setAsPeripheralModuleFunctionOutputPin    
000051b3  GPIO_setDriveStrengthHigh                      
000051d5  GPIO_setDriveStrengthLow                       
00004f45  GPIO_setOutputHighOnPin                        
00004f67  GPIO_setOutputLowOnPin                         
00004f89  GPIO_toggleOutputOnPin                         
00005217  GPIO_unregisterInterrupt                       
00006799  HFXT_Init                                      
00006edd  HOSTclose                                      
00006bc1  HOSTlseek                                      
00006c91  HOSTopen                                       
00006d4d  HOSTread                                       
00006b55  HOSTrename                                     
00006f21  HOSTunlink                                     
00006da5  HOSTwrite                                      
00007301  HardFault_Handler                              
0000168d  InitializeFSM                                  
0000541d  Interrupt_disableInterrupt                     
0000524f  Interrupt_disableMaster                        
00005619  Interrupt_disableSleepOnIsrExit                
000053ab  Interrupt_enableInterrupt                      
0000523f  Interrupt_enableMaster                         
00005607  Interrupt_enableSleepOnIsrExit                 
00005385  Interrupt_getPriority                          
000052fd  Interrupt_getPriorityGrouping                  
000055e7  Interrupt_getPriorityMask                      
00005601  Interrupt_getVectorTableAddress                
0000548f  Interrupt_isEnabled                            
00005519  Interrupt_pendInterrupt                        
0000525f  Interrupt_registerInterrupt                    
00005335  Interrupt_setPriority                          
000052c5  Interrupt_setPriorityGrouping                  
000055d7  Interrupt_setPriorityMask                      
000055f1  Interrupt_setVectorTableAddress                
00005589  Interrupt_unpendInterrupt                      
000052b1  Interrupt_unregisterInterrupt                  
00006fed  LaunchPad_Init                                 
00006ff9  LaunchPad_Input                                
00007301  MemManage_Handler                              
2000091c  Messageb                                       
2000092c  Messageindexb                                  
000060f9  Motor_Backward                                 
000060cd  Motor_Forward                                  
0000609d  Motor_Init                                     
00006125  Motor_Left                                     
00006159  Motor_Right                                    
0000618d  Motor_Stop                                     
00007301  NMI_Handler                                    
000016a9  NextStateFunction                              
00002485  OutputFunction                                 
00007301  PCM_IRQHandler                                 
000039b7  PCM_clearInterruptFlag                         
0000398d  PCM_disableInterrupt                           
00003965  PCM_disableRudeMode                            
00003979  PCM_enableInterrupt                            
00003953  PCM_enableRudeMode                             
00003363  PCM_getCoreVoltageLevel                        
000039a7  PCM_getEnabledInterruptStatus                  
000039a1  PCM_getInterruptStatus                         
00003309  PCM_getPowerMode                               
00003945  PCM_getPowerState                              
0000387d  PCM_gotoLPM0                                   
0000389b  PCM_gotoLPM0InterruptSafe                      
000038b7  PCM_gotoLPM3                                   
00003929  PCM_gotoLPM3InterruptSafe                      
00003851  PCM_gotoLPM4                                   
00003861  PCM_gotoLPM4InterruptSafe                      
000039cb  PCM_registerInterrupt                          
000032d7  PCM_setCoreVoltageLevel                        
000032f9  PCM_setCoreVoltageLevelNonBlocking             
000032e7  PCM_setCoreVoltageLevelWithTimeout             
00003509  PCM_setPowerMode                               
00003519  PCM_setPowerModeNonBlocking                    
00003529  PCM_setPowerModeWithTimeout                    
000037db  PCM_setPowerState                              
000037fd  PCM_setPowerStateNonBlocking                   
000037eb  PCM_setPowerStateWithTimeout                   
0000380d  PCM_shutdownDevice                             
000039df  PCM_unregisterInterrupt                        
00007301  PORT1_IRQHandler                               
00007301  PORT2_IRQHandler                               
00007301  PORT3_IRQHandler                               
00007301  PORT4_IRQHandler                               
00007301  PORT5_IRQHandler                               
00007301  PORT6_IRQHandler                               
00007301  PSS_IRQHandler                                 
0000634d  PWM_Duty_Left                                  
00006327  PWM_Duty_Right                                 
000062a5  PWM_Init                                       
00007301  PendSV_Handler                                 
00007301  RTC_C_IRQHandler                               
00004d15  RTC_C_clearInterruptFlag                       
00004b27  RTC_C_convertBCDToBinary                       
00004b3f  RTC_C_convertBinaryToBCD                       
00004a6b  RTC_C_definePrescaleEvent                      
00004bc1  RTC_C_disableInterrupt                         
00004b5d  RTC_C_enableInterrupt                          
0000499d  RTC_C_getCalendarTime                          
00004c91  RTC_C_getEnabledInterruptStatus                
00004c2d  RTC_C_getInterruptStatus                       
00004aab  RTC_C_getPrescaleValue                         
00004887  RTC_C_holdClock                                
0000492b  RTC_C_initCalendar                             
00004d5b  RTC_C_registerInterrupt                        
00004a03  RTC_C_setCalendarAlarm                         
00004a3b  RTC_C_setCalendarEvent                         
000048d5  RTC_C_setCalibrationData                       
000048a5  RTC_C_setCalibrationFrequency                  
00004ad7  RTC_C_setPrescaleValue                         
00004901  RTC_C_setTemperatureCompensation               
00004869  RTC_C_startClock                               
00004d6f  RTC_C_unregisterInterrupt                      
00005ea7  Reflectance_Center                             
00005e87  Reflectance_End                                
00005dcd  Reflectance_Init                               
00005f05  Reflectance_Position                           
00005df9  Reflectance_Read                               
00005e55  Reflectance_Start                              
000072f5  Reset_Handler                                  
00007301  SVC_Handler                                    
00005b73  SysCtl_disableGlitchFilter                     
000059ff  SysCtl_disableNMISource                        
00005b0b  SysCtl_disablePeripheralAtCPUHalt              
00005a4d  SysCtl_disableSRAMBank                         
00005ad1  SysCtl_disableSRAMBankRetention                
00005b67  SysCtl_enableGlitchFilter                      
00005a13  SysCtl_enableNMISource                         
00005af7  SysCtl_enablePeripheralAtCPUHalt               
00005a31  SysCtl_enableSRAMBank                          
00005ab5  SysCtl_enableSRAMBankRetention                 
000059f9  SysCtl_getFlashSize                            
00005a27  SysCtl_getNMISourceStatus                      
000059f3  SysCtl_getSRAMSize                             
0000597d  SysCtl_getTLVInfo                              
00005b7f  SysCtl_getTempCalibrationConstant              
00005aed  SysCtl_rebootDevice                            
00005b43  SysCtl_setWDTPasswordViolationResetType        
00005b1f  SysCtl_setWDTTimeoutResetType                  
00007301  SysTick_Handler                                
20000750  SystemCoreClock                                
00005649  SystemCoreClockUpdate                          
000058c1  SystemInit                                     
00007301  T32_INT1_IRQHandler                            
00007301  T32_INT2_IRQHandler                            
00007301  T32_INTC_IRQHandler                            
00007301  TA0_0_IRQHandler                               
00007301  TA0_N_IRQHandler                               
00006a53  TA1_0_IRQHandler                               
00006a53  TA1_0_IRQHandler                               
00007301  TA1_N_IRQHandler                               
00007301  TA2_0_IRQHandler                               
00007301  TA2_N_IRQHandler                               
00007301  TA3_0_IRQHandler                               
00007301  TA3_N_IRQHandler                               
00005bc5  Task                                           
20000930  TimerA1Task                                    
000069f9  TimerA1_Init                                   
00006a43  TimerA1_Stop                                   
00003edf  Timer_A_clearCaptureCompareInterrupt           
00003ec9  Timer_A_clearInterruptFlag                     
00003d47  Timer_A_clearTimer                             
00003b6f  Timer_A_configureContinuousMode                
00003bfd  Timer_A_configureUpDownMode                    
00003b9f  Timer_A_configureUpMode                        
00003f6d  Timer_A_disableCaptureCompareInterrupt         
00003f1b  Timer_A_disableInterrupt                       
00003f41  Timer_A_enableCaptureCompareInterrupt          
00003f07  Timer_A_enableInterrupt                        
00003e13  Timer_A_generatePWM                            
00003db9  Timer_A_getCaptureCompareCount                 
00003fd5  Timer_A_getCaptureCompareEnabledInterruptStatus
00003f95  Timer_A_getCaptureCompareInterruptStatus       
00003cfb  Timer_A_getCounterValue                        
00003fbd  Timer_A_getEnabledInterruptStatus              
00003f2f  Timer_A_getInterruptStatus                     
00003d8b  Timer_A_getOutputForOutputModeOutBitValue      
00003d5b  Timer_A_getSynchronizedCaptureCompareInput     
00003c5b  Timer_A_initCapture                            
00003cad  Timer_A_initCompare                            
00004011  Timer_A_registerInterrupt                      
00003e9d  Timer_A_setCompareValue                        
00003ddb  Timer_A_setOutputForOutputModeOutBitValue      
00003b59  Timer_A_startCounter                           
00003e89  Timer_A_stopTimer                              
000040e3  Timer_A_unregisterInterrupt                    
000041f3  UART0_InChar                                   
0000467d  UART0_InString                                 
0000423d  UART0_InUDec                                   
00004531  UART0_InUHex                                   
000041ad  UART0_Init                                     
000047dd  UART0_Initprintf                               
00004203  UART0_OutChar                                  
0000421f  UART0_OutString                                
000042c1  UART0_OutUDec                                  
0000442d  UART0_OutUDec4                                 
00004481  UART0_OutUDec5                                 
000044bd  UART0_OutUFix1                                 
000044e5  UART0_OutUFix2                                 
000045f5  UART0_OutUHex                                  
00004661  UART0_OutUHex2                                 
00007301  UsageFault_Handler                             
4000480c  WDTCTL_SYM                                     
00007301  WDT_A_IRQHandler                               
0000658d  WDT_A_clearTimer                               
0000654d  WDT_A_holdTimer                                
000065c9  WDT_A_initIntervalTimer                        
000065ad  WDT_A_initWatchdogTimer                        
000065fd  WDT_A_registerInterrupt                        
000065e5  WDT_A_setPasswordViolationReset                
000065f1  WDT_A_setTimeoutReset                          
0000656d  WDT_A_startTimer                               
00006611  WDT_A_unregisterInterrupt                      
20000754  __CIOBUF_                                      
0000155f  __FlashCtl_remaskBurstDataPost                 
0000143d  __FlashCtl_remaskBurstDataPre                  
00001281  __FlashCtl_remaskData32Post                    
00001365  __FlashCtl_remaskData32Pre                     
00001163  __FlashCtl_remaskData8Post                     
000011e3  __FlashCtl_remaskData8Pre                      
20010000  __STACK_END                                    
00000200  __STACK_SIZE                                   
00000400  __SYSMEM_SIZE                                  
00007500  __TI_CINIT_Base                                
00007518  __TI_CINIT_Limit                               
000074e4  __TI_Handler_Table_Base                        
000074f0  __TI_Handler_Table_Limit                       
00006f65  __TI_auto_init_nobinit_nopinit                 
000070dd  __TI_cleanup                                   
20000728  __TI_cleanup_ptr                               
00006a71  __TI_closefile                                 
00006c29  __TI_decompress_lzss                           
000072e7  __TI_decompress_none                           
00006e49  __TI_doflush                                   
2000072c  __TI_dtors_ptr                                 
20000730  __TI_enable_exit_profile_output                
20000718  __TI_ft_end                                    
ffffffff  __TI_pprof_out_hndl                            
ffffffff  __TI_prof_data_size                            
ffffffff  __TI_prof_data_start                           
00007111  __TI_readmsg                                   
00000000  __TI_static_base__                             
20000874  __TI_tmpnams                                   
0000706d  __TI_writemsg                                  
00007259  __TI_zero_init_nomemset                        
0000697d  __aeabi_memclr                                 
0000697d  __aeabi_memclr4                                
0000697d  __aeabi_memclr8                                
000068e1  __aeabi_memcpy                                 
000068e1  __aeabi_memcpy4                                
000068e1  __aeabi_memcpy8                                
0000697f  __aeabi_memset                                 
0000697f  __aeabi_memset4                                
0000697f  __aeabi_memset8                                
20000724  __aeabi_stderr                                 
2000071c  __aeabi_stdin                                  
20000720  __aeabi_stdout                                 
ffffffff  __binit__                                      
ffffffff  __c_args__                                     
UNDEFED   __mpu_init                                     
2000fe00  __stack                                        
20000000  __start___llvm_prf_cnts                        
20000000  __stop___llvm_prf_cnts                         
00007145  _c_int00_noargs                                
200005d8  _device                                        
200004e8  _ftable                                        
20000734  _lock                                          
00002583  _nop                                           
20000650  _stream                                        
200000e8  _sys_memory                                    
UNDEFED   _system_post_cinit                             
0000730b  _system_pre_init                               
20000738  _unlock                                        
0000730f  abort                                          
000066e1  add_device                                     
000061a5  aligned_alloc                                  
ffffffff  binit                                          
20000934  bump_input                                     
00006cf1  close                                          
200006f8  compareConfig_PWM3                             
20000708  compareConfig_PWM4                             
20000935  counter                                        
00006813  delay                                          
00006e95  exit                                           
00004717  ferror                                         
000046f7  fgetc                                          
000071ad  finddevice                                     
00006845  fopen                                          
0000638d  free                                           
00007179  freopen                                        
20000000  g_pfnRAMVectors                                
00006fa9  getdevice                                      
00000000  interruptVectors                               
20000936  launchpad                                      
00005c7f  main                                           
00007303  malloc                                         
000061a5  memalign                                       
000068e1  memcpy                                         
00006985  memset                                         
00006625  open                                           
00004639  outnibble                                      
20000924  parmbuf                                        
00005c07  position                                       
20000937  reflectance_input                              
000071dd  remove                                         
00006471  setvbuf                                        
000072a9  strchr                                         
00007291  strcmp                                         
000072bf  strcpy                                         
000072d3  strlen                                         
000070a5  strncpy                                        
00004735  uart_close                                     
000047b3  uart_lseek                                     
00004725  uart_open                                      
00004747  uart_read                                      
000047cf  uart_rename                                    
000047c3  uart_unlink                                    
00004771  uart_write                                     
000071dd  unlink                                         
200006e0  upDownConfig                                   
00007231  write                                          


GLOBAL SYMBOLS: SORTED BY Symbol Address 

address   name                                           
-------   ----                                           
00000000  __TI_static_base__                             
00000000  interruptVectors                               
00000200  __STACK_SIZE                                   
0000028f  FlashCtl_getMemoryInfo                         
00000400  __SYSMEM_SIZE                                  
0000060d  FlashCtl_enableReadBuffering                   
00000661  FlashCtl_disableReadBuffering                  
000006bd  FlashCtl_unprotectSector                       
0000072d  FlashCtl_protectSector                         
0000078d  FlashCtl_isSectorProtected                     
00000819  FlashCtl_verifyMemory                          
00000a81  FlashCtl_setReadMode                           
00000af1  FlashCtl_getReadMode                           
00000b1f  FlashCtl_initiateMassErase                     
00000b45  FlashCtl_performMassErase                      
00000c91  FlashCtl_eraseSector                           
00000db9  FlashCtl_initiateSectorErase                   
00000e49  FlashCtl_programMemory                         
00000fb5  FlashCtl_setProgramVerification                
00000fef  FlashCtl_clearProgramVerification              
00001029  FlashCtl_enableWordProgramming                 
00001059  FlashCtl_disableWordProgramming                
00001061  FlashCtl_isWordProgrammingEnabled              
00001081  FlashCtl_setWaitState                          
000010bf  FlashCtl_getWaitState                          
000010ed  FlashCtl_enableInterrupt                       
00001101  FlashCtl_disableInterrupt                      
00001115  FlashCtl_getInterruptStatus                    
0000111b  FlashCtl_getEnabledInterruptStatus             
0000112b  FlashCtl_clearInterruptFlag                    
0000113f  FlashCtl_registerInterrupt                     
00001153  FlashCtl_unregisterInterrupt                   
00001163  __FlashCtl_remaskData8Post                     
000011e3  __FlashCtl_remaskData8Pre                      
00001281  __FlashCtl_remaskData32Post                    
00001365  __FlashCtl_remaskData32Pre                     
0000143d  __FlashCtl_remaskBurstDataPre                  
0000155f  __FlashCtl_remaskBurstDataPost                 
0000168d  InitializeFSM                                  
000016a9  NextStateFunction                              
00002485  OutputFunction                                 
00002583  _nop                                           
000027e9  CS_setExternalClockSourceFrequency             
00002825  CS_initClockSignal                             
00002929  CS_startHFXT                                   
0000294d  CS_startHFXTWithTimeout                        
00002a11  CS_startLFXT                                   
00002a35  CS_startLFXTWithTimeout                        
00002b05  CS_enableClockRequest                          
00002b2d  CS_disableClockRequest                         
00002b4f  CS_setReferenceOscillatorFrequency             
00002b75  CS_enableDCOExternalResistor                   
00002b9d  CS_setDCOExternalResistorCalibration           
00002c0b  CS_disableDCOExternalResistor                  
00002c29  CS_setDCOCenteredFrequency                     
00002c59  CS_tuneDCOFrequency                            
00002ce9  CS_getDCOFrequency                             
00002e01  CS_setDCOFrequency                             
00002f63  CS_getBCLK                                     
00002f7f  CS_getHSMCLK                                   
00002fa3  CS_getACLK                                     
00002fc7  CS_getSMCLK                                    
00002fe9  CS_getMCLK                                     
00003011  CS_enableFaultCounter                          
0000303d  CS_disableFaultCounter                         
00003069  CS_resetFaultCounter                           
00003095  CS_startFaultCounter                           
000030d9  CS_enableInterrupt                             
00003105  CS_disableInterrupt                            
00003127  CS_getInterruptStatus                          
00003135  CS_getEnabledInterruptStatus                   
00003155  CS_clearInterruptFlag                          
00003181  CS_registerInterrupt                           
00003199  CS_unregisterInterrupt                         
000032d7  PCM_setCoreVoltageLevel                        
000032e7  PCM_setCoreVoltageLevelWithTimeout             
000032f9  PCM_setCoreVoltageLevelNonBlocking             
00003309  PCM_getPowerMode                               
00003363  PCM_getCoreVoltageLevel                        
00003509  PCM_setPowerMode                               
00003519  PCM_setPowerModeNonBlocking                    
00003529  PCM_setPowerModeWithTimeout                    
000037db  PCM_setPowerState                              
000037eb  PCM_setPowerStateWithTimeout                   
000037fd  PCM_setPowerStateNonBlocking                   
0000380d  PCM_shutdownDevice                             
00003851  PCM_gotoLPM4                                   
00003861  PCM_gotoLPM4InterruptSafe                      
0000387d  PCM_gotoLPM0                                   
0000389b  PCM_gotoLPM0InterruptSafe                      
000038b7  PCM_gotoLPM3                                   
00003929  PCM_gotoLPM3InterruptSafe                      
00003945  PCM_getPowerState                              
00003953  PCM_enableRudeMode                             
00003965  PCM_disableRudeMode                            
00003979  PCM_enableInterrupt                            
0000398d  PCM_disableInterrupt                           
000039a1  PCM_getInterruptStatus                         
000039a7  PCM_getEnabledInterruptStatus                  
000039b7  PCM_clearInterruptFlag                         
000039cb  PCM_registerInterrupt                          
000039df  PCM_unregisterInterrupt                        
00003b59  Timer_A_startCounter                           
00003b6f  Timer_A_configureContinuousMode                
00003b9f  Timer_A_configureUpMode                        
00003bfd  Timer_A_configureUpDownMode                    
00003c5b  Timer_A_initCapture                            
00003cad  Timer_A_initCompare                            
00003cfb  Timer_A_getCounterValue                        
00003d47  Timer_A_clearTimer                             
00003d5b  Timer_A_getSynchronizedCaptureCompareInput     
00003d8b  Timer_A_getOutputForOutputModeOutBitValue      
00003db9  Timer_A_getCaptureCompareCount                 
00003ddb  Timer_A_setOutputForOutputModeOutBitValue      
00003e13  Timer_A_generatePWM                            
00003e89  Timer_A_stopTimer                              
00003e9d  Timer_A_setCompareValue                        
00003ec9  Timer_A_clearInterruptFlag                     
00003edf  Timer_A_clearCaptureCompareInterrupt           
00003f07  Timer_A_enableInterrupt                        
00003f1b  Timer_A_disableInterrupt                       
00003f2f  Timer_A_getInterruptStatus                     
00003f41  Timer_A_enableCaptureCompareInterrupt          
00003f6d  Timer_A_disableCaptureCompareInterrupt         
00003f95  Timer_A_getCaptureCompareInterruptStatus       
00003fbd  Timer_A_getEnabledInterruptStatus              
00003fd5  Timer_A_getCaptureCompareEnabledInterruptStatus
00004011  Timer_A_registerInterrupt                      
000040e3  Timer_A_unregisterInterrupt                    
000041ad  UART0_Init                                     
000041f3  UART0_InChar                                   
00004203  UART0_OutChar                                  
0000421f  UART0_OutString                                
0000423d  UART0_InUDec                                   
000042c1  UART0_OutUDec                                  
0000442d  UART0_OutUDec4                                 
00004481  UART0_OutUDec5                                 
000044bd  UART0_OutUFix1                                 
000044e5  UART0_OutUFix2                                 
00004531  UART0_InUHex                                   
000045f5  UART0_OutUHex                                  
00004639  outnibble                                      
00004661  UART0_OutUHex2                                 
0000467d  UART0_InString                                 
000046f7  fgetc                                          
00004717  ferror                                         
00004725  uart_open                                      
00004735  uart_close                                     
00004747  uart_read                                      
00004771  uart_write                                     
000047b3  uart_lseek                                     
000047c3  uart_unlink                                    
000047cf  uart_rename                                    
000047dd  UART0_Initprintf                               
00004869  RTC_C_startClock                               
00004887  RTC_C_holdClock                                
000048a5  RTC_C_setCalibrationFrequency                  
000048d5  RTC_C_setCalibrationData                       
00004901  RTC_C_setTemperatureCompensation               
0000492b  RTC_C_initCalendar                             
0000499d  RTC_C_getCalendarTime                          
00004a03  RTC_C_setCalendarAlarm                         
00004a3b  RTC_C_setCalendarEvent                         
00004a6b  RTC_C_definePrescaleEvent                      
00004aab  RTC_C_getPrescaleValue                         
00004ad7  RTC_C_setPrescaleValue                         
00004b27  RTC_C_convertBCDToBinary                       
00004b3f  RTC_C_convertBinaryToBCD                       
00004b5d  RTC_C_enableInterrupt                          
00004bc1  RTC_C_disableInterrupt                         
00004c2d  RTC_C_getInterruptStatus                       
00004c91  RTC_C_getEnabledInterruptStatus                
00004d15  RTC_C_clearInterruptFlag                       
00004d5b  RTC_C_registerInterrupt                        
00004d6f  RTC_C_unregisterInterrupt                      
00004dbd  GPIO_setAsOutputPin                            
00004df7  GPIO_setAsInputPin                             
00004e3d  GPIO_setAsPeripheralModuleFunctionOutputPin    
00004ec1  GPIO_setAsPeripheralModuleFunctionInputPin     
00004f45  GPIO_setOutputHighOnPin                        
00004f67  GPIO_setOutputLowOnPin                         
00004f89  GPIO_toggleOutputOnPin                         
00004fab  GPIO_setAsInputPinWithPullDownResistor         
00004ffd  GPIO_setAsInputPinWithPullUpResistor           
0000504f  GPIO_getInputPinValue                          
0000507d  GPIO_enableInterrupt                           
0000509f  GPIO_disableInterrupt                          
000050c1  GPIO_getInterruptStatus                        
000050df  GPIO_clearInterruptFlag                        
00005101  GPIO_interruptEdgeSelect                       
00005137  GPIO_getEnabledInterruptStatus                 
000051b3  GPIO_setDriveStrengthHigh                      
000051d5  GPIO_setDriveStrengthLow                       
000051f7  GPIO_registerInterrupt                         
00005217  GPIO_unregisterInterrupt                       
0000523f  Interrupt_enableMaster                         
0000524f  Interrupt_disableMaster                        
0000525f  Interrupt_registerInterrupt                    
000052b1  Interrupt_unregisterInterrupt                  
000052c5  Interrupt_setPriorityGrouping                  
000052fd  Interrupt_getPriorityGrouping                  
00005335  Interrupt_setPriority                          
00005385  Interrupt_getPriority                          
000053ab  Interrupt_enableInterrupt                      
0000541d  Interrupt_disableInterrupt                     
0000548f  Interrupt_isEnabled                            
00005519  Interrupt_pendInterrupt                        
00005589  Interrupt_unpendInterrupt                      
000055d7  Interrupt_setPriorityMask                      
000055e7  Interrupt_getPriorityMask                      
000055f1  Interrupt_setVectorTableAddress                
00005601  Interrupt_getVectorTableAddress                
00005607  Interrupt_enableSleepOnIsrExit                 
00005619  Interrupt_disableSleepOnIsrExit                
00005649  SystemCoreClockUpdate                          
000058c1  SystemInit                                     
0000597d  SysCtl_getTLVInfo                              
000059f3  SysCtl_getSRAMSize                             
000059f9  SysCtl_getFlashSize                            
000059ff  SysCtl_disableNMISource                        
00005a13  SysCtl_enableNMISource                         
00005a27  SysCtl_getNMISourceStatus                      
00005a31  SysCtl_enableSRAMBank                          
00005a4d  SysCtl_disableSRAMBank                         
00005ab5  SysCtl_enableSRAMBankRetention                 
00005ad1  SysCtl_disableSRAMBankRetention                
00005aed  SysCtl_rebootDevice                            
00005af7  SysCtl_enablePeripheralAtCPUHalt               
00005b0b  SysCtl_disablePeripheralAtCPUHalt              
00005b1f  SysCtl_setWDTTimeoutResetType                  
00005b43  SysCtl_setWDTPasswordViolationResetType        
00005b67  SysCtl_enableGlitchFilter                      
00005b73  SysCtl_disableGlitchFilter                     
00005b7f  SysCtl_getTempCalibrationConstant              
00005bc5  Task                                           
00005c07  position                                       
00005c7f  main                                           
00005dcd  Reflectance_Init                               
00005df9  Reflectance_Read                               
00005e55  Reflectance_Start                              
00005e87  Reflectance_End                                
00005ea7  Reflectance_Center                             
00005f05  Reflectance_Position                           
0000609d  Motor_Init                                     
000060cd  Motor_Forward                                  
000060f9  Motor_Backward                                 
00006125  Motor_Left                                     
00006159  Motor_Right                                    
0000618d  Motor_Stop                                     
000061a5  aligned_alloc                                  
000061a5  memalign                                       
000062a5  PWM_Init                                       
00006305  Duty_To_CCR                                    
00006327  PWM_Duty_Right                                 
0000634d  PWM_Duty_Left                                  
0000638d  free                                           
00006471  setvbuf                                        
0000654d  WDT_A_holdTimer                                
0000656d  WDT_A_startTimer                               
0000658d  WDT_A_clearTimer                               
000065ad  WDT_A_initWatchdogTimer                        
000065c9  WDT_A_initIntervalTimer                        
000065e5  WDT_A_setPasswordViolationReset                
000065f1  WDT_A_setTimeoutReset                          
000065fd  WDT_A_registerInterrupt                        
00006611  WDT_A_unregisterInterrupt                      
00006625  open                                           
000066e1  add_device                                     
00006799  HFXT_Init                                      
000067c3  Clock_Init                                     
000067e9  Clock_Delay1us                                 
00006813  delay                                          
00006821  Clock_Delay1ms                                 
00006845  fopen                                          
000068e1  __aeabi_memcpy                                 
000068e1  __aeabi_memcpy4                                
000068e1  __aeabi_memcpy8                                
000068e1  memcpy                                         
0000697d  __aeabi_memclr                                 
0000697d  __aeabi_memclr4                                
0000697d  __aeabi_memclr8                                
0000697f  __aeabi_memset                                 
0000697f  __aeabi_memset4                                
0000697f  __aeabi_memset8                                
00006985  memset                                         
000069f9  TimerA1_Init                                   
00006a43  TimerA1_Stop                                   
00006a53  TA1_0_IRQHandler                               
00006a53  TA1_0_IRQHandler                               
00006a71  __TI_closefile                                 
00006b55  HOSTrename                                     
00006bc1  HOSTlseek                                      
00006c29  __TI_decompress_lzss                           
00006c91  HOSTopen                                       
00006cf1  close                                          
00006d4d  HOSTread                                       
00006da5  HOSTwrite                                      
00006dfd  Bump_Init                                      
00006e09  Bump_Read                                      
00006e49  __TI_doflush                                   
00006e95  exit                                           
00006edd  HOSTclose                                      
00006f21  HOSTunlink                                     
00006f65  __TI_auto_init_nobinit_nopinit                 
00006fa9  getdevice                                      
00006fed  LaunchPad_Init                                 
00006ff9  LaunchPad_Input                                
0000702f  CPU_cpsid                                      
0000703b  CPU_primask                                    
00007045  CPU_cpsie                                      
00007051  CPU_wfi                                        
00007055  CPU_basepriSet                                 
00007063  CPU_basepriGet                                 
0000706d  __TI_writemsg                                  
0000709b  C$$IO$$                                        
000070a5  strncpy                                        
000070dd  __TI_cleanup                                   
00007111  __TI_readmsg                                   
00007145  _c_int00_noargs                                
00007179  freopen                                        
000071ad  finddevice                                     
000071dd  remove                                         
000071dd  unlink                                         
00007231  write                                          
00007259  __TI_zero_init_nomemset                        
00007291  strcmp                                         
000072a9  strchr                                         
000072bf  strcpy                                         
000072d3  strlen                                         
000072e7  __TI_decompress_none                           
000072f5  Reset_Handler                                  
00007301  ADC14_IRQHandler                               
00007301  AES256_IRQHandler                              
00007301  BusFault_Handler                               
00007301  COMP_E0_IRQHandler                             
00007301  COMP_E1_IRQHandler                             
00007301  CS_IRQHandler                                  
00007301  DMA_ERR_IRQHandler                             
00007301  DMA_INT0_IRQHandler                            
00007301  DMA_INT1_IRQHandler                            
00007301  DMA_INT2_IRQHandler                            
00007301  DMA_INT3_IRQHandler                            
00007301  DebugMon_Handler                               
00007301  Default_Handler                                
00007301  EUSCIA0_IRQHandler                             
00007301  EUSCIA1_IRQHandler                             
00007301  EUSCIA2_IRQHandler                             
00007301  EUSCIA3_IRQHandler                             
00007301  EUSCIB0_IRQHandler                             
00007301  EUSCIB1_IRQHandler                             
00007301  EUSCIB2_IRQHandler                             
00007301  EUSCIB3_IRQHandler                             
00007301  FLCTL_IRQHandler                               
00007301  FPU_IRQHandler                                 
00007301  HardFault_Handler                              
00007301  MemManage_Handler                              
00007301  NMI_Handler                                    
00007301  PCM_IRQHandler                                 
00007301  PORT1_IRQHandler                               
00007301  PORT2_IRQHandler                               
00007301  PORT3_IRQHandler                               
00007301  PORT4_IRQHandler                               
00007301  PORT5_IRQHandler                               
00007301  PORT6_IRQHandler                               
00007301  PSS_IRQHandler                                 
00007301  PendSV_Handler                                 
00007301  RTC_C_IRQHandler                               
00007301  SVC_Handler                                    
00007301  SysTick_Handler                                
00007301  T32_INT1_IRQHandler                            
00007301  T32_INT2_IRQHandler                            
00007301  T32_INTC_IRQHandler                            
00007301  TA0_0_IRQHandler                               
00007301  TA0_N_IRQHandler                               
00007301  TA1_N_IRQHandler                               
00007301  TA2_0_IRQHandler                               
00007301  TA2_N_IRQHandler                               
00007301  TA3_0_IRQHandler                               
00007301  TA3_N_IRQHandler                               
00007301  UsageFault_Handler                             
00007301  WDT_A_IRQHandler                               
00007303  malloc                                         
0000730b  _system_pre_init                               
0000730f  C$$EXIT                                        
0000730f  abort                                          
000074e4  __TI_Handler_Table_Base                        
000074f0  __TI_Handler_Table_Limit                       
00007500  __TI_CINIT_Base                                
00007518  __TI_CINIT_Limit                               
20000000  __start___llvm_prf_cnts                        
20000000  __stop___llvm_prf_cnts                         
20000000  g_pfnRAMVectors                                
200000e8  _sys_memory                                    
200004e8  _ftable                                        
200005d8  _device                                        
20000650  _stream                                        
200006e0  upDownConfig                                   
200006f8  compareConfig_PWM3                             
20000708  compareConfig_PWM4                             
20000718  __TI_ft_end                                    
2000071c  __aeabi_stdin                                  
20000720  __aeabi_stdout                                 
20000724  __aeabi_stderr                                 
20000728  __TI_cleanup_ptr                               
2000072c  __TI_dtors_ptr                                 
20000730  __TI_enable_exit_profile_output                
20000734  _lock                                          
20000738  _unlock                                        
20000750  SystemCoreClock                                
20000754  __CIOBUF_                                      
20000874  __TI_tmpnams                                   
2000091c  Messageb                                       
20000924  parmbuf                                        
2000092c  Messageindexb                                  
20000930  TimerA1Task                                    
20000934  bump_input                                     
20000935  counter                                        
20000936  launchpad                                      
20000937  reflectance_input                              
2000fe00  __stack                                        
20010000  __STACK_END                                    
4000480c  WDTCTL_SYM                                     
ffffffff  __TI_pprof_out_hndl                            
ffffffff  __TI_prof_data_size                            
ffffffff  __TI_prof_data_start                           
ffffffff  __binit__                                      
ffffffff  __c_args__                                     
ffffffff  binit                                          
UNDEFED   __mpu_init                                     
UNDEFED   _system_post_cinit                             

[430 symbols]
