******************************************************************************
                  TI ARM Linker PC v20.2.5                     
******************************************************************************
>> Linked Fri Feb 11 12:14:32 2022

OUTPUT FILE NAME:   <LineSensor.out>
ENTRY POINT SYMBOL: "_c_int00_noargs"  address: 00004bdd


MEMORY CONFIGURATION

         name            origin    length      used     unused   attr    fill
----------------------  --------  ---------  --------  --------  ----  --------
  MAIN                  00000000   00040000  00004db4  0003b24c  R  X
  INFO                  00200000   00004000  00000000  00004000  R  X
  SRAM_CODE             01000000   00010000  0000033a  0000fcc6  RW X
  SRAM_DATA             20000000   00010000  0000033a  0000fcc6  RW  


SEGMENT ALLOCATION MAP

run origin  load origin   length   init length attrs members
----------  ----------- ---------- ----------- ----- -------
00000000    00000000    00004db8   00004db8    r-x
  00000000    00000000    000000e4   000000e4    r-- .intvecs
  000000e4    000000e4    00004b6c   00004b6c    r-x .text
  00004c50    00004c50    000000ec   000000ec    r-- .const
  00004d40    00004d40    00000078   00000078    r-- .cinit
20000000    20000000    0000013a   00000000    rw-
  20000000    20000000    000000e8   00000000    rw- .vtable
  200000e8    200000e8    00000044   00000000    rw- .data
  2000012c    2000012c    0000000e   00000000    rw- .bss
2000fe00    2000fe00    00000200   00000000    rw-
  2000fe00    2000fe00    00000200   00000000    rw- .stack


SECTION ALLOCATION MAP

 output                                  attributes/
section   page    origin      length       input sections
--------  ----  ----------  ----------   ----------------
.intvecs   0    00000000    000000e4     
                  00000000    000000e4     startup_msp432p401r_ccs.obj (.intvecs:retain)

.text      0    000000e4    00004b6c     
                  000000e4    000015a8     flash.obj (.text)
                  0000168c    00000c5c     cs.obj (.text)
                  000022e8    00000834     pcm.obj (.text)
                  00002b1c    00000798     timer_a.obj (.text)
                  000032b4    00000554     rtc_c.obj (.text)
                  00003808    00000480     gpio.obj (.text)
                  00003c88    0000040c     interrupt.obj (.text)
                  00004094    00000334     system_msp432p401r.obj (.text)
                  000043c8    00000248     sysctl.obj (.text)
                  00004610    00000170     Reflectance.obj (.text)
                  00004780    000000f2     LaunchPad.obj (.text)
                  00004872    00000002     --HOLE-- [fill = 0]
                  00004874    000000d8     wdt_a.obj (.text)
                  0000494c    000000b0     Clock_DL.obj (.text)
                  000049fc    0000009c     rtsv7M4_T_le_v4SPD16_eabi.lib : memcpy_t2.asm.obj (.text)
                  00004a98    00000068                                   : copy_decompress_lzss.c.obj (.text:decompress:lzss:__TI_decompress_lzss)
                  00004b00    00000058     main.obj (.text)
                  00004b58    00000044     rtsv7M4_T_le_v4SPD16_eabi.lib : autoinit.c.obj (.text:__TI_auto_init_nobinit_nopinit:__TI_auto_init_nobinit_nopinit)
                  00004b9c    0000003e     cpu.obj (.text)
                  00004bda    00000002     --HOLE-- [fill = 0]
                  00004bdc    00000034     rtsv7M4_T_le_v4SPD16_eabi.lib : boot_cortex_m.c.obj (.text:_c_int00_noargs:_c_int00_noargs)
                  00004c10    0000001c                                   : copy_zero_init.c.obj (.text:decompress:ZI:__TI_zero_init_nomemset:__TI_zero_init_nomemset)
                  00004c2c    0000000e                                   : copy_decompress_none.c.obj (.text:decompress:none:__TI_decompress_none)
                  00004c3a    0000000e     startup_msp432p401r_ccs.obj (.text)
                  00004c48    00000004     rtsv7M4_T_le_v4SPD16_eabi.lib : pre_init.c.obj (.text:_system_pre_init)
                  00004c4c    00000004                                   : exit.c.obj (.text:abort:abort)

.const     0    00004c50    000000ec     
                  00004c50    00000050     interrupt.obj (.const:g_pulRegs)
                  00004ca0    00000030     gpio.obj (.const:GPIO_PORT_TO_BASE)
                  00004cd0    00000020     interrupt.obj (.const:g_pulPriority)
                  00004cf0    0000001c     gpio.obj (.const:GPIO_PORT_TO_INT)
                  00004d0c    00000010     Reflectance.obj (.const:$P$T0$1)
                  00004d1c    00000008     interrupt.obj (.const:g_pulDisRegs)
                  00004d24    00000008     interrupt.obj (.const:g_pulEnRegs)
                  00004d2c    00000008     interrupt.obj (.const:g_pulPendRegs)
                  00004d34    00000008     interrupt.obj (.const:g_pulUnpendRegs)

.cinit     0    00004d40    00000078     
                  00004d40    0000003d     (.cinit..data.load) [load image, compression = lzss]
                  00004d7d    00000003     --HOLE-- [fill = 0]
                  00004d80    0000000c     (__TI_handler_table)
                  00004d8c    00000004     --HOLE-- [fill = 0]
                  00004d90    00000008     (.cinit..bss.load) [load image, compression = zero_init]
                  00004d98    00000008     (.cinit..vtable.load) [load image, compression = zero_init]
                  00004da0    00000018     (__TI_cinit_table)

.init_array 
*          0    00000000    00000000     UNINITIALIZED

.binit     0    00000000    00000000     

.vtable    0    20000000    000000e8     UNINITIALIZED
                  20000000    000000e8     interrupt.obj (.vtable)

.data      0    200000e8    00000044     UNINITIALIZED
                  200000e8    00000040     flash.obj (.data:__getBurstProgramRegs)
                  20000128    00000004     system_msp432p401r.obj (.data)

.bss       0    2000012c    0000000e     UNINITIALIZED
                  2000012c    00000008     cs.obj (.bss)
                  20000134    00000004     (.common:line_pos)
                  20000138    00000001     (.common:line_center)
                  20000139    00000001     (.common:line_sense)

.stack     0    2000fe00    00000200     UNINITIALIZED
                  2000fe00    00000004     rtsv7M4_T_le_v4SPD16_eabi.lib : boot_cortex_m.c.obj (.stack)
                  2000fe04    000001fc     --HOLE--

__llvm_prf_cnts 
*          0    20000000    00000000     UNINITIALIZED

MODULE SUMMARY

       Module                        code    ro data   rw data
       ------                        ----    -------   -------
    .\
       flash.obj                     5544    0         128    
       cs.obj                        3164    0         16     
       pcm.obj                       2100    0         0      
       timer_a.obj                   1944    0         0      
       interrupt.obj                 1036    144       464    
       rtc_c.obj                     1364    0         0      
       gpio.obj                      1152    76        0      
       system_msp432p401r.obj        820     0         8      
       sysctl.obj                    584     0         0      
       Reflectance.obj               368     16        0      
       LaunchPad.obj                 242     0         0      
       startup_msp432p401r_ccs.obj   14      228       0      
       wdt_a.obj                     216     0         0      
       Clock_DL.obj                  176     0         0      
       main.obj                      88      0         12     
       cpu.obj                       62      0         0      
    +--+-----------------------------+-------+---------+---------+
       Total:                        18874   464       628    
                                                              
    C:\ti\ccs1110\ccs\tools\compiler\ti-cgt-arm_20.2.5.LTS\lib\rtsv7M4_T_le_v4SPD16_eabi.lib
       memcpy_t2.asm.obj             156     0         0      
       copy_decompress_lzss.c.obj    104     0         0      
       autoinit.c.obj                68      0         0      
       boot_cortex_m.c.obj           52      0         0      
       copy_zero_init.c.obj          28      0         0      
       copy_decompress_none.c.obj    14      0         0      
       exit.c.obj                    4       0         0      
       pre_init.c.obj                4       0         0      
    +--+-----------------------------+-------+---------+---------+
       Total:                        430     0         0      
                                                              
       Stack:                        0       0         1024   
       Linker Generated:             0       113       0      
    +--+-----------------------------+-------+---------+---------+
       Grand Total:                  19304   577       1652   


LINKER GENERATED COPY TABLES

__TI_cinit_table @ 00004da0 records: 3, size/record: 8, table size: 24
	.data: load addr=00004d40, load size=0000003d bytes, run addr=200000e8, run size=00000044 bytes, compression=lzss
	.bss: load addr=00004d90, load size=00000008 bytes, run addr=2000012c, run size=0000000e bytes, compression=zero_init
	.vtable: load addr=00004d98, load size=00000008 bytes, run addr=20000000, run size=000000e8 bytes, compression=zero_init


LINKER GENERATED HANDLER TABLE

__TI_handler_table @ 00004d80 records: 3, size/record: 4, table size: 12
	index: 0, handler: __TI_zero_init
	index: 1, handler: __TI_decompress_lzss
	index: 2, handler: __TI_decompress_none


GLOBAL SYMBOLS: SORTED ALPHABETICALLY BY Name 

address   name                                           
-------   ----                                           
00004c47  ADC14_IRQHandler                               
00004c47  AES256_IRQHandler                              
00004c47  BusFault_Handler                               
00004c4d  C$$EXIT                                        
00004c47  COMP_E0_IRQHandler                             
00004c47  COMP_E1_IRQHandler                             
00004bd1  CPU_basepriGet                                 
00004bc3  CPU_basepriSet                                 
00004b9d  CPU_cpsid                                      
00004bb3  CPU_cpsie                                      
00004ba9  CPU_primask                                    
00004bbf  CPU_wfi                                        
00004c47  CS_IRQHandler                                  
0000225d  CS_clearInterruptFlag                          
00001c35  CS_disableClockRequest                         
00001d13  CS_disableDCOExternalResistor                  
00002145  CS_disableFaultCounter                         
0000220d  CS_disableInterrupt                            
00001c0d  CS_enableClockRequest                          
00001c7d  CS_enableDCOExternalResistor                   
00002119  CS_enableFaultCounter                          
000021e1  CS_enableInterrupt                             
000020ab  CS_getACLK                                     
0000206b  CS_getBCLK                                     
00001df1  CS_getDCOFrequency                             
0000223d  CS_getEnabledInterruptStatus                   
00002087  CS_getHSMCLK                                   
0000222f  CS_getInterruptStatus                          
000020f1  CS_getMCLK                                     
000020cf  CS_getSMCLK                                    
0000192d  CS_initClockSignal                             
00002289  CS_registerInterrupt                           
00002171  CS_resetFaultCounter                           
00001d31  CS_setDCOCenteredFrequency                     
00001ca5  CS_setDCOExternalResistorCalibration           
00001f09  CS_setDCOFrequency                             
000018f1  CS_setExternalClockSourceFrequency             
00001c57  CS_setReferenceOscillatorFrequency             
0000219d  CS_startFaultCounter                           
00001a31  CS_startHFXT                                   
00001a55  CS_startHFXTWithTimeout                        
00001b19  CS_startLFXT                                   
00001b3d  CS_startLFXTWithTimeout                        
00001d61  CS_tuneDCOFrequency                            
000022a1  CS_unregisterInterrupt                         
000049d5  Clock_Delay1ms                                 
0000499d  Clock_Delay1us                                 
00004977  Clock_Init                                     
00004c47  DMA_ERR_IRQHandler                             
00004c47  DMA_INT0_IRQHandler                            
00004c47  DMA_INT1_IRQHandler                            
00004c47  DMA_INT2_IRQHandler                            
00004c47  DMA_INT3_IRQHandler                            
00004c47  DebugMon_Handler                               
00004c47  Default_Handler                                
00004c47  EUSCIA0_IRQHandler                             
00004c47  EUSCIA1_IRQHandler                             
00004c47  EUSCIA2_IRQHandler                             
00004c47  EUSCIA3_IRQHandler                             
00004c47  EUSCIB0_IRQHandler                             
00004c47  EUSCIB1_IRQHandler                             
00004c47  EUSCIB2_IRQHandler                             
00004c47  EUSCIB3_IRQHandler                             
00004c47  FLCTL_IRQHandler                               
00004c47  FPU_IRQHandler                                 
0000112b  FlashCtl_clearInterruptFlag                    
00000fef  FlashCtl_clearProgramVerification              
00001101  FlashCtl_disableInterrupt                      
00000661  FlashCtl_disableReadBuffering                  
00001059  FlashCtl_disableWordProgramming                
000010ed  FlashCtl_enableInterrupt                       
0000060d  FlashCtl_enableReadBuffering                   
00001029  FlashCtl_enableWordProgramming                 
00000c91  FlashCtl_eraseSector                           
0000111b  FlashCtl_getEnabledInterruptStatus             
00001115  FlashCtl_getInterruptStatus                    
0000028f  FlashCtl_getMemoryInfo                         
00000af1  FlashCtl_getReadMode                           
000010bf  FlashCtl_getWaitState                          
00000b1f  FlashCtl_initiateMassErase                     
00000db9  FlashCtl_initiateSectorErase                   
0000078d  FlashCtl_isSectorProtected                     
00001061  FlashCtl_isWordProgrammingEnabled              
00000b45  FlashCtl_performMassErase                      
00000e49  FlashCtl_programMemory                         
0000072d  FlashCtl_protectSector                         
0000113f  FlashCtl_registerInterrupt                     
00000fb5  FlashCtl_setProgramVerification                
00000a81  FlashCtl_setReadMode                           
00001081  FlashCtl_setWaitState                          
000006bd  FlashCtl_unprotectSector                       
00001153  FlashCtl_unregisterInterrupt                   
00000819  FlashCtl_verifyMemory                          
00003b2b  GPIO_clearInterruptFlag                        
00003aeb  GPIO_disableInterrupt                          
00003ac9  GPIO_enableInterrupt                           
00003b83  GPIO_getEnabledInterruptStatus                 
00003a9b  GPIO_getInputPinValue                          
00003b0d  GPIO_getInterruptStatus                        
00003b4d  GPIO_interruptEdgeSelect                       
00003c43  GPIO_registerInterrupt                         
00003843  GPIO_setAsInputPin                             
000039f7  GPIO_setAsInputPinWithPullDownResistor         
00003a49  GPIO_setAsInputPinWithPullUpResistor           
00003809  GPIO_setAsOutputPin                            
0000390d  GPIO_setAsPeripheralModuleFunctionInputPin     
00003889  GPIO_setAsPeripheralModuleFunctionOutputPin    
00003bff  GPIO_setDriveStrengthHigh                      
00003c21  GPIO_setDriveStrengthLow                       
00003991  GPIO_setOutputHighOnPin                        
000039b3  GPIO_setOutputLowOnPin                         
000039d5  GPIO_toggleOutputOnPin                         
00003c63  GPIO_unregisterInterrupt                       
0000494d  HFXT_Init                                      
00004c47  HardFault_Handler                              
00003e69  Interrupt_disableInterrupt                     
00003c9b  Interrupt_disableMaster                        
00004065  Interrupt_disableSleepOnIsrExit                
00003df7  Interrupt_enableInterrupt                      
00003c8b  Interrupt_enableMaster                         
00004053  Interrupt_enableSleepOnIsrExit                 
00003dd1  Interrupt_getPriority                          
00003d49  Interrupt_getPriorityGrouping                  
00004033  Interrupt_getPriorityMask                      
0000404d  Interrupt_getVectorTableAddress                
00003edb  Interrupt_isEnabled                            
00003f65  Interrupt_pendInterrupt                        
00003cab  Interrupt_registerInterrupt                    
00003d81  Interrupt_setPriority                          
00003d11  Interrupt_setPriorityGrouping                  
00004023  Interrupt_setPriorityMask                      
0000403d  Interrupt_setVectorTableAddress                
00003fd5  Interrupt_unpendInterrupt                      
00003cfd  Interrupt_unregisterInterrupt                  
00004781  LaunchPad_Init                                 
000047b5  LaunchPad_Input                                
000047eb  LaunchPad_LED                                  
0000480d  LaunchPad_Output                               
00004c47  MemManage_Handler                              
00004c47  NMI_Handler                                    
00004c47  PCM_IRQHandler                                 
00002abf  PCM_clearInterruptFlag                         
00002a95  PCM_disableInterrupt                           
00002a6d  PCM_disableRudeMode                            
00002a81  PCM_enableInterrupt                            
00002a5b  PCM_enableRudeMode                             
0000246b  PCM_getCoreVoltageLevel                        
00002aaf  PCM_getEnabledInterruptStatus                  
00002aa9  PCM_getInterruptStatus                         
00002411  PCM_getPowerMode                               
00002a4d  PCM_getPowerState                              
00002985  PCM_gotoLPM0                                   
000029a3  PCM_gotoLPM0InterruptSafe                      
000029bf  PCM_gotoLPM3                                   
00002a31  PCM_gotoLPM3InterruptSafe                      
00002959  PCM_gotoLPM4                                   
00002969  PCM_gotoLPM4InterruptSafe                      
00002ad3  PCM_registerInterrupt                          
000023df  PCM_setCoreVoltageLevel                        
00002401  PCM_setCoreVoltageLevelNonBlocking             
000023ef  PCM_setCoreVoltageLevelWithTimeout             
00002611  PCM_setPowerMode                               
00002621  PCM_setPowerModeNonBlocking                    
00002631  PCM_setPowerModeWithTimeout                    
000028e3  PCM_setPowerState                              
00002905  PCM_setPowerStateNonBlocking                   
000028f3  PCM_setPowerStateWithTimeout                   
00002915  PCM_shutdownDevice                             
00002ae7  PCM_unregisterInterrupt                        
00004c47  PORT1_IRQHandler                               
00004c47  PORT2_IRQHandler                               
00004c47  PORT3_IRQHandler                               
00004c47  PORT4_IRQHandler                               
00004c47  PORT5_IRQHandler                               
00004c47  PORT6_IRQHandler                               
00004c47  PSS_IRQHandler                                 
00004c47  PendSV_Handler                                 
00004c47  RTC_C_IRQHandler                               
00003761  RTC_C_clearInterruptFlag                       
00003573  RTC_C_convertBCDToBinary                       
0000358b  RTC_C_convertBinaryToBCD                       
000034b7  RTC_C_definePrescaleEvent                      
0000360d  RTC_C_disableInterrupt                         
000035a9  RTC_C_enableInterrupt                          
000033e9  RTC_C_getCalendarTime                          
000036dd  RTC_C_getEnabledInterruptStatus                
00003679  RTC_C_getInterruptStatus                       
000034f7  RTC_C_getPrescaleValue                         
000032d3  RTC_C_holdClock                                
00003377  RTC_C_initCalendar                             
000037a7  RTC_C_registerInterrupt                        
0000344f  RTC_C_setCalendarAlarm                         
00003487  RTC_C_setCalendarEvent                         
00003321  RTC_C_setCalibrationData                       
000032f1  RTC_C_setCalibrationFrequency                  
00003523  RTC_C_setPrescaleValue                         
0000334d  RTC_C_setTemperatureCompensation               
000032b5  RTC_C_startClock                               
000037bb  RTC_C_unregisterInterrupt                      
00004699  Reflectance_Center                             
00004611  Reflectance_Init                               
000046f7  Reflectance_Position                           
0000463d  Reflectance_Read                               
00004c3b  Reset_Handler                                  
00004c47  SVC_Handler                                    
000045bf  SysCtl_disableGlitchFilter                     
0000444b  SysCtl_disableNMISource                        
00004557  SysCtl_disablePeripheralAtCPUHalt              
00004499  SysCtl_disableSRAMBank                         
0000451d  SysCtl_disableSRAMBankRetention                
000045b3  SysCtl_enableGlitchFilter                      
0000445f  SysCtl_enableNMISource                         
00004543  SysCtl_enablePeripheralAtCPUHalt               
0000447d  SysCtl_enableSRAMBank                          
00004501  SysCtl_enableSRAMBankRetention                 
00004445  SysCtl_getFlashSize                            
00004473  SysCtl_getNMISourceStatus                      
0000443f  SysCtl_getSRAMSize                             
000043c9  SysCtl_getTLVInfo                              
000045cb  SysCtl_getTempCalibrationConstant              
00004539  SysCtl_rebootDevice                            
0000458f  SysCtl_setWDTPasswordViolationResetType        
0000456b  SysCtl_setWDTTimeoutResetType                  
00004c47  SysTick_Handler                                
20000128  SystemCoreClock                                
00004095  SystemCoreClockUpdate                          
0000430d  SystemInit                                     
00004c47  T32_INT1_IRQHandler                            
00004c47  T32_INT2_IRQHandler                            
00004c47  T32_INTC_IRQHandler                            
00004b35  TA0_0_IRQHandler                               
00004b35  TA0_0_IRQHandler                               
00004c47  TA0_N_IRQHandler                               
00004c47  TA1_0_IRQHandler                               
00004c47  TA1_N_IRQHandler                               
00004c47  TA2_0_IRQHandler                               
00004c47  TA2_N_IRQHandler                               
00004c47  TA3_0_IRQHandler                               
00004c47  TA3_N_IRQHandler                               
00002fe7  Timer_A_clearCaptureCompareInterrupt           
00002fd1  Timer_A_clearInterruptFlag                     
00002e4f  Timer_A_clearTimer                             
00002c77  Timer_A_configureContinuousMode                
00002d05  Timer_A_configureUpDownMode                    
00002ca7  Timer_A_configureUpMode                        
00003075  Timer_A_disableCaptureCompareInterrupt         
00003023  Timer_A_disableInterrupt                       
00003049  Timer_A_enableCaptureCompareInterrupt          
0000300f  Timer_A_enableInterrupt                        
00002f1b  Timer_A_generatePWM                            
00002ec1  Timer_A_getCaptureCompareCount                 
000030dd  Timer_A_getCaptureCompareEnabledInterruptStatus
0000309d  Timer_A_getCaptureCompareInterruptStatus       
00002e03  Timer_A_getCounterValue                        
000030c5  Timer_A_getEnabledInterruptStatus              
00003037  Timer_A_getInterruptStatus                     
00002e93  Timer_A_getOutputForOutputModeOutBitValue      
00002e63  Timer_A_getSynchronizedCaptureCompareInput     
00002d63  Timer_A_initCapture                            
00002db5  Timer_A_initCompare                            
00003119  Timer_A_registerInterrupt                      
00002fa5  Timer_A_setCompareValue                        
00002ee3  Timer_A_setOutputForOutputModeOutBitValue      
00002c61  Timer_A_startCounter                           
00002f91  Timer_A_stopTimer                              
000031eb  Timer_A_unregisterInterrupt                    
00004c47  UsageFault_Handler                             
4000480c  WDTCTL_SYM                                     
00004c47  WDT_A_IRQHandler                               
000048b5  WDT_A_clearTimer                               
00004875  WDT_A_holdTimer                                
000048f1  WDT_A_initIntervalTimer                        
000048d5  WDT_A_initWatchdogTimer                        
00004925  WDT_A_registerInterrupt                        
0000490d  WDT_A_setPasswordViolationReset                
00004919  WDT_A_setTimeoutReset                          
00004895  WDT_A_startTimer                               
00004939  WDT_A_unregisterInterrupt                      
0000155f  __FlashCtl_remaskBurstDataPost                 
0000143d  __FlashCtl_remaskBurstDataPre                  
00001281  __FlashCtl_remaskData32Post                    
00001365  __FlashCtl_remaskData32Pre                     
00001163  __FlashCtl_remaskData8Post                     
000011e3  __FlashCtl_remaskData8Pre                      
20010000  __STACK_END                                    
00000200  __STACK_SIZE                                   
00004da0  __TI_CINIT_Base                                
00004db8  __TI_CINIT_Limit                               
00004d80  __TI_Handler_Table_Base                        
00004d8c  __TI_Handler_Table_Limit                       
00004b59  __TI_auto_init_nobinit_nopinit                 
00004a99  __TI_decompress_lzss                           
00004c2d  __TI_decompress_none                           
ffffffff  __TI_pprof_out_hndl                            
ffffffff  __TI_prof_data_size                            
ffffffff  __TI_prof_data_start                           
00000000  __TI_static_base__                             
00004c11  __TI_zero_init_nomemset                        
000049fd  __aeabi_memcpy                                 
000049fd  __aeabi_memcpy4                                
000049fd  __aeabi_memcpy8                                
ffffffff  __binit__                                      
ffffffff  __c_args__                                     
UNDEFED   __mpu_init                                     
2000fe00  __stack                                        
20000000  __start___llvm_prf_cnts                        
20000000  __stop___llvm_prf_cnts                         
00004bdd  _c_int00_noargs                                
UNDEFED   _system_post_cinit                             
00004c49  _system_pre_init                               
00004c4d  abort                                          
ffffffff  binit                                          
000049c7  delay                                          
20000000  g_pfnRAMVectors                                
00000000  interruptVectors                               
20000138  line_center                                    
20000134  line_pos                                       
20000139  line_sense                                     
00004b01  main                                           
000049fd  memcpy                                         


GLOBAL SYMBOLS: SORTED BY Symbol Address 

address   name                                           
-------   ----                                           
00000000  __TI_static_base__                             
00000000  interruptVectors                               
00000200  __STACK_SIZE                                   
0000028f  FlashCtl_getMemoryInfo                         
0000060d  FlashCtl_enableReadBuffering                   
00000661  FlashCtl_disableReadBuffering                  
000006bd  FlashCtl_unprotectSector                       
0000072d  FlashCtl_protectSector                         
0000078d  FlashCtl_isSectorProtected                     
00000819  FlashCtl_verifyMemory                          
00000a81  FlashCtl_setReadMode                           
00000af1  FlashCtl_getReadMode                           
00000b1f  FlashCtl_initiateMassErase                     
00000b45  FlashCtl_performMassErase                      
00000c91  FlashCtl_eraseSector                           
00000db9  FlashCtl_initiateSectorErase                   
00000e49  FlashCtl_programMemory                         
00000fb5  FlashCtl_setProgramVerification                
00000fef  FlashCtl_clearProgramVerification              
00001029  FlashCtl_enableWordProgramming                 
00001059  FlashCtl_disableWordProgramming                
00001061  FlashCtl_isWordProgrammingEnabled              
00001081  FlashCtl_setWaitState                          
000010bf  FlashCtl_getWaitState                          
000010ed  FlashCtl_enableInterrupt                       
00001101  FlashCtl_disableInterrupt                      
00001115  FlashCtl_getInterruptStatus                    
0000111b  FlashCtl_getEnabledInterruptStatus             
0000112b  FlashCtl_clearInterruptFlag                    
0000113f  FlashCtl_registerInterrupt                     
00001153  FlashCtl_unregisterInterrupt                   
00001163  __FlashCtl_remaskData8Post                     
000011e3  __FlashCtl_remaskData8Pre                      
00001281  __FlashCtl_remaskData32Post                    
00001365  __FlashCtl_remaskData32Pre                     
0000143d  __FlashCtl_remaskBurstDataPre                  
0000155f  __FlashCtl_remaskBurstDataPost                 
000018f1  CS_setExternalClockSourceFrequency             
0000192d  CS_initClockSignal                             
00001a31  CS_startHFXT                                   
00001a55  CS_startHFXTWithTimeout                        
00001b19  CS_startLFXT                                   
00001b3d  CS_startLFXTWithTimeout                        
00001c0d  CS_enableClockRequest                          
00001c35  CS_disableClockRequest                         
00001c57  CS_setReferenceOscillatorFrequency             
00001c7d  CS_enableDCOExternalResistor                   
00001ca5  CS_setDCOExternalResistorCalibration           
00001d13  CS_disableDCOExternalResistor                  
00001d31  CS_setDCOCenteredFrequency                     
00001d61  CS_tuneDCOFrequency                            
00001df1  CS_getDCOFrequency                             
00001f09  CS_setDCOFrequency                             
0000206b  CS_getBCLK                                     
00002087  CS_getHSMCLK                                   
000020ab  CS_getACLK                                     
000020cf  CS_getSMCLK                                    
000020f1  CS_getMCLK                                     
00002119  CS_enableFaultCounter                          
00002145  CS_disableFaultCounter                         
00002171  CS_resetFaultCounter                           
0000219d  CS_startFaultCounter                           
000021e1  CS_enableInterrupt                             
0000220d  CS_disableInterrupt                            
0000222f  CS_getInterruptStatus                          
0000223d  CS_getEnabledInterruptStatus                   
0000225d  CS_clearInterruptFlag                          
00002289  CS_registerInterrupt                           
000022a1  CS_unregisterInterrupt                         
000023df  PCM_setCoreVoltageLevel                        
000023ef  PCM_setCoreVoltageLevelWithTimeout             
00002401  PCM_setCoreVoltageLevelNonBlocking             
00002411  PCM_getPowerMode                               
0000246b  PCM_getCoreVoltageLevel                        
00002611  PCM_setPowerMode                               
00002621  PCM_setPowerModeNonBlocking                    
00002631  PCM_setPowerModeWithTimeout                    
000028e3  PCM_setPowerState                              
000028f3  PCM_setPowerStateWithTimeout                   
00002905  PCM_setPowerStateNonBlocking                   
00002915  PCM_shutdownDevice                             
00002959  PCM_gotoLPM4                                   
00002969  PCM_gotoLPM4InterruptSafe                      
00002985  PCM_gotoLPM0                                   
000029a3  PCM_gotoLPM0InterruptSafe                      
000029bf  PCM_gotoLPM3                                   
00002a31  PCM_gotoLPM3InterruptSafe                      
00002a4d  PCM_getPowerState                              
00002a5b  PCM_enableRudeMode                             
00002a6d  PCM_disableRudeMode                            
00002a81  PCM_enableInterrupt                            
00002a95  PCM_disableInterrupt                           
00002aa9  PCM_getInterruptStatus                         
00002aaf  PCM_getEnabledInterruptStatus                  
00002abf  PCM_clearInterruptFlag                         
00002ad3  PCM_registerInterrupt                          
00002ae7  PCM_unregisterInterrupt                        
00002c61  Timer_A_startCounter                           
00002c77  Timer_A_configureContinuousMode                
00002ca7  Timer_A_configureUpMode                        
00002d05  Timer_A_configureUpDownMode                    
00002d63  Timer_A_initCapture                            
00002db5  Timer_A_initCompare                            
00002e03  Timer_A_getCounterValue                        
00002e4f  Timer_A_clearTimer                             
00002e63  Timer_A_getSynchronizedCaptureCompareInput     
00002e93  Timer_A_getOutputForOutputModeOutBitValue      
00002ec1  Timer_A_getCaptureCompareCount                 
00002ee3  Timer_A_setOutputForOutputModeOutBitValue      
00002f1b  Timer_A_generatePWM                            
00002f91  Timer_A_stopTimer                              
00002fa5  Timer_A_setCompareValue                        
00002fd1  Timer_A_clearInterruptFlag                     
00002fe7  Timer_A_clearCaptureCompareInterrupt           
0000300f  Timer_A_enableInterrupt                        
00003023  Timer_A_disableInterrupt                       
00003037  Timer_A_getInterruptStatus                     
00003049  Timer_A_enableCaptureCompareInterrupt          
00003075  Timer_A_disableCaptureCompareInterrupt         
0000309d  Timer_A_getCaptureCompareInterruptStatus       
000030c5  Timer_A_getEnabledInterruptStatus              
000030dd  Timer_A_getCaptureCompareEnabledInterruptStatus
00003119  Timer_A_registerInterrupt                      
000031eb  Timer_A_unregisterInterrupt                    
000032b5  RTC_C_startClock                               
000032d3  RTC_C_holdClock                                
000032f1  RTC_C_setCalibrationFrequency                  
00003321  RTC_C_setCalibrationData                       
0000334d  RTC_C_setTemperatureCompensation               
00003377  RTC_C_initCalendar                             
000033e9  RTC_C_getCalendarTime                          
0000344f  RTC_C_setCalendarAlarm                         
00003487  RTC_C_setCalendarEvent                         
000034b7  RTC_C_definePrescaleEvent                      
000034f7  RTC_C_getPrescaleValue                         
00003523  RTC_C_setPrescaleValue                         
00003573  RTC_C_convertBCDToBinary                       
0000358b  RTC_C_convertBinaryToBCD                       
000035a9  RTC_C_enableInterrupt                          
0000360d  RTC_C_disableInterrupt                         
00003679  RTC_C_getInterruptStatus                       
000036dd  RTC_C_getEnabledInterruptStatus                
00003761  RTC_C_clearInterruptFlag                       
000037a7  RTC_C_registerInterrupt                        
000037bb  RTC_C_unregisterInterrupt                      
00003809  GPIO_setAsOutputPin                            
00003843  GPIO_setAsInputPin                             
00003889  GPIO_setAsPeripheralModuleFunctionOutputPin    
0000390d  GPIO_setAsPeripheralModuleFunctionInputPin     
00003991  GPIO_setOutputHighOnPin                        
000039b3  GPIO_setOutputLowOnPin                         
000039d5  GPIO_toggleOutputOnPin                         
000039f7  GPIO_setAsInputPinWithPullDownResistor         
00003a49  GPIO_setAsInputPinWithPullUpResistor           
00003a9b  GPIO_getInputPinValue                          
00003ac9  GPIO_enableInterrupt                           
00003aeb  GPIO_disableInterrupt                          
00003b0d  GPIO_getInterruptStatus                        
00003b2b  GPIO_clearInterruptFlag                        
00003b4d  GPIO_interruptEdgeSelect                       
00003b83  GPIO_getEnabledInterruptStatus                 
00003bff  GPIO_setDriveStrengthHigh                      
00003c21  GPIO_setDriveStrengthLow                       
00003c43  GPIO_registerInterrupt                         
00003c63  GPIO_unregisterInterrupt                       
00003c8b  Interrupt_enableMaster                         
00003c9b  Interrupt_disableMaster                        
00003cab  Interrupt_registerInterrupt                    
00003cfd  Interrupt_unregisterInterrupt                  
00003d11  Interrupt_setPriorityGrouping                  
00003d49  Interrupt_getPriorityGrouping                  
00003d81  Interrupt_setPriority                          
00003dd1  Interrupt_getPriority                          
00003df7  Interrupt_enableInterrupt                      
00003e69  Interrupt_disableInterrupt                     
00003edb  Interrupt_isEnabled                            
00003f65  Interrupt_pendInterrupt                        
00003fd5  Interrupt_unpendInterrupt                      
00004023  Interrupt_setPriorityMask                      
00004033  Interrupt_getPriorityMask                      
0000403d  Interrupt_setVectorTableAddress                
0000404d  Interrupt_getVectorTableAddress                
00004053  Interrupt_enableSleepOnIsrExit                 
00004065  Interrupt_disableSleepOnIsrExit                
00004095  SystemCoreClockUpdate                          
0000430d  SystemInit                                     
000043c9  SysCtl_getTLVInfo                              
0000443f  SysCtl_getSRAMSize                             
00004445  SysCtl_getFlashSize                            
0000444b  SysCtl_disableNMISource                        
0000445f  SysCtl_enableNMISource                         
00004473  SysCtl_getNMISourceStatus                      
0000447d  SysCtl_enableSRAMBank                          
00004499  SysCtl_disableSRAMBank                         
00004501  SysCtl_enableSRAMBankRetention                 
0000451d  SysCtl_disableSRAMBankRetention                
00004539  SysCtl_rebootDevice                            
00004543  SysCtl_enablePeripheralAtCPUHalt               
00004557  SysCtl_disablePeripheralAtCPUHalt              
0000456b  SysCtl_setWDTTimeoutResetType                  
0000458f  SysCtl_setWDTPasswordViolationResetType        
000045b3  SysCtl_enableGlitchFilter                      
000045bf  SysCtl_disableGlitchFilter                     
000045cb  SysCtl_getTempCalibrationConstant              
00004611  Reflectance_Init                               
0000463d  Reflectance_Read                               
00004699  Reflectance_Center                             
000046f7  Reflectance_Position                           
00004781  LaunchPad_Init                                 
000047b5  LaunchPad_Input                                
000047eb  LaunchPad_LED                                  
0000480d  LaunchPad_Output                               
00004875  WDT_A_holdTimer                                
00004895  WDT_A_startTimer                               
000048b5  WDT_A_clearTimer                               
000048d5  WDT_A_initWatchdogTimer                        
000048f1  WDT_A_initIntervalTimer                        
0000490d  WDT_A_setPasswordViolationReset                
00004919  WDT_A_setTimeoutReset                          
00004925  WDT_A_registerInterrupt                        
00004939  WDT_A_unregisterInterrupt                      
0000494d  HFXT_Init                                      
00004977  Clock_Init                                     
0000499d  Clock_Delay1us                                 
000049c7  delay                                          
000049d5  Clock_Delay1ms                                 
000049fd  __aeabi_memcpy                                 
000049fd  __aeabi_memcpy4                                
000049fd  __aeabi_memcpy8                                
000049fd  memcpy                                         
00004a99  __TI_decompress_lzss                           
00004b01  main                                           
00004b35  TA0_0_IRQHandler                               
00004b35  TA0_0_IRQHandler                               
00004b59  __TI_auto_init_nobinit_nopinit                 
00004b9d  CPU_cpsid                                      
00004ba9  CPU_primask                                    
00004bb3  CPU_cpsie                                      
00004bbf  CPU_wfi                                        
00004bc3  CPU_basepriSet                                 
00004bd1  CPU_basepriGet                                 
00004bdd  _c_int00_noargs                                
00004c11  __TI_zero_init_nomemset                        
00004c2d  __TI_decompress_none                           
00004c3b  Reset_Handler                                  
00004c47  ADC14_IRQHandler                               
00004c47  AES256_IRQHandler                              
00004c47  BusFault_Handler                               
00004c47  COMP_E0_IRQHandler                             
00004c47  COMP_E1_IRQHandler                             
00004c47  CS_IRQHandler                                  
00004c47  DMA_ERR_IRQHandler                             
00004c47  DMA_INT0_IRQHandler                            
00004c47  DMA_INT1_IRQHandler                            
00004c47  DMA_INT2_IRQHandler                            
00004c47  DMA_INT3_IRQHandler                            
00004c47  DebugMon_Handler                               
00004c47  Default_Handler                                
00004c47  EUSCIA0_IRQHandler                             
00004c47  EUSCIA1_IRQHandler                             
00004c47  EUSCIA2_IRQHandler                             
00004c47  EUSCIA3_IRQHandler                             
00004c47  EUSCIB0_IRQHandler                             
00004c47  EUSCIB1_IRQHandler                             
00004c47  EUSCIB2_IRQHandler                             
00004c47  EUSCIB3_IRQHandler                             
00004c47  FLCTL_IRQHandler                               
00004c47  FPU_IRQHandler                                 
00004c47  HardFault_Handler                              
00004c47  MemManage_Handler                              
00004c47  NMI_Handler                                    
00004c47  PCM_IRQHandler                                 
00004c47  PORT1_IRQHandler                               
00004c47  PORT2_IRQHandler                               
00004c47  PORT3_IRQHandler                               
00004c47  PORT4_IRQHandler                               
00004c47  PORT5_IRQHandler                               
00004c47  PORT6_IRQHandler                               
00004c47  PSS_IRQHandler                                 
00004c47  PendSV_Handler                                 
00004c47  RTC_C_IRQHandler                               
00004c47  SVC_Handler                                    
00004c47  SysTick_Handler                                
00004c47  T32_INT1_IRQHandler                            
00004c47  T32_INT2_IRQHandler                            
00004c47  T32_INTC_IRQHandler                            
00004c47  TA0_N_IRQHandler                               
00004c47  TA1_0_IRQHandler                               
00004c47  TA1_N_IRQHandler                               
00004c47  TA2_0_IRQHandler                               
00004c47  TA2_N_IRQHandler                               
00004c47  TA3_0_IRQHandler                               
00004c47  TA3_N_IRQHandler                               
00004c47  UsageFault_Handler                             
00004c47  WDT_A_IRQHandler                               
00004c49  _system_pre_init                               
00004c4d  C$$EXIT                                        
00004c4d  abort                                          
00004d80  __TI_Handler_Table_Base                        
00004d8c  __TI_Handler_Table_Limit                       
00004da0  __TI_CINIT_Base                                
00004db8  __TI_CINIT_Limit                               
20000000  __start___llvm_prf_cnts                        
20000000  __stop___llvm_prf_cnts                         
20000000  g_pfnRAMVectors                                
20000128  SystemCoreClock                                
20000134  line_pos                                       
20000138  line_center                                    
20000139  line_sense                                     
2000fe00  __stack                                        
20010000  __STACK_END                                    
4000480c  WDTCTL_SYM                                     
ffffffff  __TI_pprof_out_hndl                            
ffffffff  __TI_prof_data_size                            
ffffffff  __TI_prof_data_start                           
ffffffff  __binit__                                      
ffffffff  __c_args__                                     
ffffffff  binit                                          
UNDEFED   __mpu_init                                     
UNDEFED   _system_post_cinit                             

[320 symbols]
